Component: ARM Compiler 5.06 update 6 (build 750) Tool: armlink [4d35ed]

==============================================================================

Section Cross References

    startup_stm32f103xe.o(RESET) refers to startup_stm32f103xe.o(STACK) for __initial_sp
    startup_stm32f103xe.o(RESET) refers to startup_stm32f103xe.o(.text) for Reset_Handler
    startup_stm32f103xe.o(RESET) refers to stm32f1xx_it.o(i.NMI_Handler) for NMI_Handler
    startup_stm32f103xe.o(RESET) refers to stm32f1xx_it.o(i.HardFault_Handler) for HardFault_Handler
    startup_stm32f103xe.o(RESET) refers to stm32f1xx_it.o(i.MemManage_Handler) for MemManage_Handler
    startup_stm32f103xe.o(RESET) refers to stm32f1xx_it.o(i.BusFault_Handler) for BusFault_Handler
    startup_stm32f103xe.o(RESET) refers to stm32f1xx_it.o(i.UsageFault_Handler) for UsageFault_Handler
    startup_stm32f103xe.o(RESET) refers to stm32f1xx_it.o(i.SVC_Handler) for SVC_Handler
    startup_stm32f103xe.o(RESET) refers to stm32f1xx_it.o(i.DebugMon_Handler) for DebugMon_Handler
    startup_stm32f103xe.o(RESET) refers to stm32f1xx_it.o(i.PendSV_Handler) for PendSV_Handler
    startup_stm32f103xe.o(RESET) refers to stm32f1xx_it.o(i.SysTick_Handler) for SysTick_Handler
    startup_stm32f103xe.o(RESET) refers to stm32f1xx_it.o(i.EXTI2_IRQHandler) for EXTI2_IRQHandler
    startup_stm32f103xe.o(RESET) refers to stm32f1xx_it.o(i.DMA1_Channel1_IRQHandler) for DMA1_Channel1_IRQHandler
    startup_stm32f103xe.o(RESET) refers to stm32f1xx_it.o(i.USB_LP_CAN1_RX0_IRQHandler) for USB_LP_CAN1_RX0_IRQHandler
    startup_stm32f103xe.o(RESET) refers to stm32f1xx_it.o(i.TIM2_IRQHandler) for TIM2_IRQHandler
    startup_stm32f103xe.o(RESET) refers to stm32f1xx_it.o(i.TIM3_IRQHandler) for TIM3_IRQHandler
    startup_stm32f103xe.o(RESET) refers to stm32f1xx_it.o(i.TIM4_IRQHandler) for TIM4_IRQHandler
    startup_stm32f103xe.o(RESET) refers to stm32f1xx_it.o(i.I2C2_EV_IRQHandler) for I2C2_EV_IRQHandler
    startup_stm32f103xe.o(RESET) refers to stm32f1xx_it.o(i.I2C2_ER_IRQHandler) for I2C2_ER_IRQHandler
    startup_stm32f103xe.o(RESET) refers to stm32f1xx_it.o(i.USART2_IRQHandler) for USART2_IRQHandler
    startup_stm32f103xe.o(RESET) refers to stm32f1xx_it.o(i.TIM8_UP_IRQHandler) for TIM8_UP_IRQHandler
    startup_stm32f103xe.o(RESET) refers to stm32f1xx_it.o(i.TIM5_IRQHandler) for TIM5_IRQHandler
    startup_stm32f103xe.o(RESET) refers to stm32f1xx_it.o(i.UART4_IRQHandler) for UART4_IRQHandler
    startup_stm32f103xe.o(RESET) refers to stm32f1xx_it.o(i.UART5_IRQHandler) for UART5_IRQHandler
    startup_stm32f103xe.o(RESET) refers to stm32f1xx_it.o(i.TIM6_IRQHandler) for TIM6_IRQHandler
    startup_stm32f103xe.o(.text) refers to system_stm32f1xx.o(i.SystemInit) for SystemInit
    startup_stm32f103xe.o(.text) refers to entry.o(.ARM.Collect$$$$00000000) for __main
    main.o(i.MX_ADC1_Init) refers to stm32f1xx_hal_adc.o(i.HAL_ADC_Init) for HAL_ADC_Init
    main.o(i.MX_ADC1_Init) refers to stm32f1xx_hal_adc.o(i.HAL_ADC_ConfigChannel) for HAL_ADC_ConfigChannel
    main.o(i.MX_ADC1_Init) refers to main.o(.bss) for .bss
    main.o(i.MX_CAN_Init) refers to stm32f1xx_hal_can.o(i.HAL_CAN_Init) for HAL_CAN_Init
    main.o(i.MX_CAN_Init) refers to main.o(.bss) for .bss
    main.o(i.MX_GPIO_Init) refers to stm32f1xx_hal_gpio.o(i.HAL_GPIO_WritePin) for HAL_GPIO_WritePin
    main.o(i.MX_GPIO_Init) refers to stm32f1xx_hal_gpio.o(i.HAL_GPIO_Init) for HAL_GPIO_Init
    main.o(i.MX_GPIO_Init) refers to stm32f1xx_hal_cortex.o(i.HAL_NVIC_SetPriority) for HAL_NVIC_SetPriority
    main.o(i.MX_GPIO_Init) refers to stm32f1xx_hal_cortex.o(i.HAL_NVIC_EnableIRQ) for HAL_NVIC_EnableIRQ
    main.o(i.MX_TIM2_Init) refers to stm32f1xx_hal_tim.o(i.HAL_TIM_Base_Init) for HAL_TIM_Base_Init
    main.o(i.MX_TIM2_Init) refers to stm32f1xx_hal_tim.o(i.HAL_TIM_ConfigClockSource) for HAL_TIM_ConfigClockSource
    main.o(i.MX_TIM2_Init) refers to stm32f1xx_hal_tim_ex.o(i.HAL_TIMEx_MasterConfigSynchronization) for HAL_TIMEx_MasterConfigSynchronization
    main.o(i.MX_TIM2_Init) refers to main.o(.bss) for .bss
    main.o(i.MX_TIM3_Init) refers to memseta.o(.text) for __aeabi_memclr4
    main.o(i.MX_TIM3_Init) refers to stm32f1xx_hal_tim.o(i.HAL_TIM_Encoder_Init) for HAL_TIM_Encoder_Init
    main.o(i.MX_TIM3_Init) refers to stm32f1xx_hal_tim_ex.o(i.HAL_TIMEx_MasterConfigSynchronization) for HAL_TIMEx_MasterConfigSynchronization
    main.o(i.MX_TIM3_Init) refers to main.o(.bss) for .bss
    main.o(i.MX_TIM4_Init) refers to stm32f1xx_hal_tim.o(i.HAL_TIM_Base_Init) for HAL_TIM_Base_Init
    main.o(i.MX_TIM4_Init) refers to stm32f1xx_hal_tim.o(i.HAL_TIM_ConfigClockSource) for HAL_TIM_ConfigClockSource
    main.o(i.MX_TIM4_Init) refers to stm32f1xx_hal_tim_ex.o(i.HAL_TIMEx_MasterConfigSynchronization) for HAL_TIMEx_MasterConfigSynchronization
    main.o(i.MX_TIM4_Init) refers to main.o(.bss) for .bss
    main.o(i.MX_TIM5_Init) refers to stm32f1xx_hal_tim.o(i.HAL_TIM_Base_Init) for HAL_TIM_Base_Init
[...]
    i.I2C_MasterReceive_RXNE                 0x08003854   Section        0  stm32f1xx_hal_i2c.o(i.I2C_MasterReceive_RXNE)
    I2C_MasterReceive_RXNE                   0x08003855   Thumb Code   228  stm32f1xx_hal_i2c.o(i.I2C_MasterReceive_RXNE)
    i.I2C_MasterTransmit_BTF                 0x0800393c   Section        0  stm32f1xx_hal_i2c.o(i.I2C_MasterTransmit_BTF)
    I2C_MasterTransmit_BTF                   0x0800393d   Thumb Code   116  stm32f1xx_hal_i2c.o(i.I2C_MasterTransmit_BTF)
    i.I2C_MasterTransmit_TXE                 0x080039b0   Section        0  stm32f1xx_hal_i2c.o(i.I2C_MasterTransmit_TXE)
    I2C_MasterTransmit_TXE                   0x080039b1   Thumb Code   182  stm32f1xx_hal_i2c.o(i.I2C_MasterTransmit_TXE)
    i.I2C_Master_ADDR                        0x08003a68   Section        0  stm32f1xx_hal_i2c.o(i.I2C_Master_ADDR)
    I2C_Master_ADDR                          0x08003a69   Thumb Code   340  stm32f1xx_hal_i2c.o(i.I2C_Master_ADDR)
    i.I2C_Master_SB                          0x08003bc0   Section        0  stm32f1xx_hal_i2c.o(i.I2C_Master_SB)
    I2C_Master_SB                            0x08003bc1   Thumb Code   140  stm32f1xx_hal_i2c.o(i.I2C_Master_SB)
    i.I2C_MemoryTransmit_TXE_BTF             0x08003c4c   Section        0  stm32f1xx_hal_i2c.o(i.I2C_MemoryTransmit_TXE_BTF)
    I2C_MemoryTransmit_TXE_BTF               0x08003c4d   Thumb Code   160  stm32f1xx_hal_i2c.o(i.I2C_MemoryTransmit_TXE_BTF)
    i.I2C_Slave_AF                           0x08003cec   Section        0  stm32f1xx_hal_i2c.o(i.I2C_Slave_AF)
    I2C_Slave_AF                             0x08003ced   Thumb Code   126  stm32f1xx_hal_i2c.o(i.I2C_Slave_AF)
    i.I2C_Slave_STOPF                        0x08003d70   Section        0  stm32f1xx_hal_i2c.o(i.I2C_Slave_STOPF)
    I2C_Slave_STOPF                          0x08003d71   Thumb Code   338  stm32f1xx_hal_i2c.o(i.I2C_Slave_STOPF)
    i.MX_ADC1_Init                           0x08003ecc   Section        0  main.o(i.MX_ADC1_Init)
    MX_ADC1_Init                             0x08003ecd   Thumb Code   156  main.o(i.MX_ADC1_Init)
    i.MX_CAN_Init                            0x08003f70   Section        0  main.o(i.MX_CAN_Init)
    MX_CAN_Init                              0x08003f71   Thumb Code    56  main.o(i.MX_CAN_Init)
    i.MX_GPIO_Init                           0x08003fb0   Section        0  main.o(i.MX_GPIO_Init)
    MX_GPIO_Init                             0x08003fb1   Thumb Code   260  main.o(i.MX_GPIO_Init)
    i.MX_TIM2_Init                           0x080040c8   Section        0  main.o(i.MX_TIM2_Init)
    MX_TIM2_Init                             0x080040c9   Thumb Code    98  main.o(i.MX_TIM2_Init)
    i.MX_TIM3_Init                           0x08004130   Section        0  main.o(i.MX_TIM3_Init)
    MX_TIM3_Init                             0x08004131   Thumb Code   102  main.o(i.MX_TIM3_Init)
    i.MX_TIM4_Init                           0x080041a0   Section        0  main.o(i.MX_TIM4_Init)
    MX_TIM4_Init                             0x080041a1   Thumb Code    96  main.o(i.MX_TIM4_Init)
    i.MX_TIM5_Init                           0x08004208   Section        0  main.o(i.MX_TIM5_Init)
    MX_TIM5_Init                             0x08004209   Thumb Code    98  main.o(i.MX_TIM5_Init)
    i.MX_TIM8_Init                           0x08004274   Section        0  main.o(i.MX_TIM8_Init)
    MX_TIM8_Init                             0x08004275   Thumb Code    98  main.o(i.MX_TIM8_Init)
    i.MemManage_Handler                      0x080042e0   Section        0  stm32f1xx_it.o(i.MemManage_Handler)
    i.NMI_Handler                            0x080042e2   Section        0  stm32f1xx_it.o(i.NMI_Handler)
    i.PendSV_Handler                         0x080042e4   Section        0  stm32f1xx_it.o(i.PendSV_Handler)
    i.SVC_Handler                            0x080042e6   Section        0  stm32f1xx_it.o(i.SVC_Handler)
    i.SysTick_Handler                        0x080042e8   Section        0  stm32f1xx_it.o(i.SysTick_Handler)
    i.SystemClock_Config                     0x080042ec   Section        0  main.o(i.SystemClock_Config)
    i.SystemInit                             0x0800436c   Section        0  system_stm32f1xx.o(i.SystemInit)
    i.TIM2_IRQHandler                        0x08004370   Section        0  stm32f1xx_it.o(i.TIM2_IRQHandler)
    i.TIM3_IRQHandler                        0x0800437c   Section        0  stm32f1xx_it.o(i.TIM3_IRQHandler)
    i.TIM4_IRQHandler                        0x08004388   Section        0  stm32f1xx_it.o(i.TIM4_IRQHandler)
    i.TIM5_IRQHandler                        0x08004394   Section        0  stm32f1xx_it.o(i.TIM5_IRQHandler)
    i.TIM6_IRQHandler                        0x080043a0   Section        0  stm32f1xx_it.o(i.TIM6_IRQHandler)
    i.TIM8_UP_IRQHandler                     0x080043ac   Section        0  stm32f1xx_it.o(i.TIM8_UP_IRQHandler)
    i.TIM_Base_SetConfig                     0x080043b8   Section        0  stm32f1xx_hal_tim.o(i.TIM_Base_SetConfig)
    i.TIM_CCxChannelCmd                      0x08004444   Section        0  stm32f1xx_hal_tim.o(i.TIM_CCxChannelCmd)
    i.TIM_ETR_SetConfig                      0x0800445e   Section        0  stm32f1xx_hal_tim.o(i.TIM_ETR_SetConfig)
    i.TIM_ITRx_SetConfig                     0x08004472   Section        0  stm32f1xx_hal_tim.o(i.TIM_ITRx_SetConfig)
    TIM_ITRx_SetConfig                       0x08004473   Thumb Code    16  stm32f1xx_hal_tim.o(i.TIM_ITRx_SetConfig)
    i.TIM_TI1_ConfigInputStage               0x08004482   Section        0  stm32f1xx_hal_tim.o(i.TIM_TI1_ConfigInputStage)
    TIM_TI1_ConfigInputStage                 0x08004483   Thumb Code    34  stm32f1xx_hal_tim.o(i.TIM_TI1_ConfigInputStage)
    i.TIM_TI2_ConfigInputStage               0x080044a4   Section        0  stm32f1xx_hal_tim.o(i.TIM_TI2_ConfigInputStage)
    TIM_TI2_ConfigInputStage                 0x080044a5   Thumb Code    36  stm32f1xx_hal_tim.o(i.TIM_TI2_ConfigInputStage)
    i.UART4_IRQHandler                       0x080044c8   Section        0  stm32f1xx_it.o(i.UART4_IRQHandler)
    i.UART5_IRQHandler                       0x080044d4   Section        0  stm32f1xx_it.o(i.UART5_IRQHandler)
    i.UART_DMAAbortOnError                   0x080044e0   Section        0  stm32f1xx_hal_uart.o(i.UART_DMAAbortOnError)
    UART_DMAAbortOnError                     0x080044e1   Thumb Code    16  stm32f1xx_hal_uart.o(i.UART_DMAAbortOnError)
    i.UART_EndRxTransfer                     0x080044f0   Section        0  stm32f1xx_hal_uart.o(i.UART_EndRxTransfer)
    UART_EndRxTransfer                       0x080044f1   Thumb Code    28  stm32f1xx_hal_uart.o(i.UART_EndRxTransfer)
    i.UART_Receive_IT                        0x0800450c   Section        0  stm32f1xx_hal_uart.o(i.UART_Receive_IT)
    UART_Receive_IT                          0x0800450d   Thumb Code   140  stm32f1xx_hal_uart.o(i.UART_Receive_IT)
    i.UART_SetConfig                         0x08004598   Section        0  stm32f1xx_hal_uart.o(i.UART_SetConfig)
    UART_SetConfig                           0x08004599   Thumb Code   178  stm32f1xx_hal_uart.o(i.UART_SetConfig)
    i.UART_WaitOnFlagUntilTimeout            0x08004650   Section        0  stm32f1xx_hal_uart.o(i.UART_WaitOnFlagUntilTimeout)
    UART_WaitOnFlagUntilTimeout              0x08004651   Thumb Code   100  stm32f1xx_hal_uart.o(i.UART_WaitOnFlagUntilTimeout)
    i.USART2_IRQHandler                      0x080046b4   Section        0  stm32f1xx_it.o(i.USART2_IRQHandler)
    i.USB_LP_CAN1_RX0_IRQHandler             0x080046c0   Section        0  stm32f1xx_it.o(i.USB_LP_CAN1_RX0_IRQHandler)
    i.UsageFault_Handler                     0x080046cc   Section        0  stm32f1xx_it.o(i.UsageFault_Handler)
    i.__0sprintf$6                           0x080046d0   Section        0  printf6.o(i.__0sprintf$6)
    i.__NVIC_SetPriority                     0x080046f8   Section        0  stm32f1xx_hal_cortex.o(i.__NVIC_SetPriority)
    __NVIC_SetPriority                       0x080046f9   Thumb Code    32  stm32f1xx_hal_cortex.o(i.__NVIC_SetPriority)
    i.__scatterload_copy                     0x08004718   Section       14  handlers.o(i.__scatterload_copy)
    i.__scatterload_null                     0x08004726   Section        2  handlers.o(i.__scatterload_null)
    i.__scatterload_zeroinit                 0x08004728   Section       14  handlers.o(i.__scatterload_zeroinit)
    i._printf_core                           0x08004738   Section        0  printf6.o(i._printf_core)
    _printf_core                             0x08004739   Thumb Code   748  printf6.o(i._printf_core)
    i._printf_post_padding                   0x08004a28   Section        0  printf6.o(i._printf_post_padding)
    _printf_post_padding                     0x08004a29   Thumb Code    36  printf6.o(i._printf_post_padding)
    i._printf_pre_padding                    0x08004a4c   Section        0  printf6.o(i._printf_pre_padding)
    _printf_pre_padding                      0x08004a4d   Thumb Code    46  printf6.o(i._printf_pre_padding)
    i._sputc                                 0x08004a7a   Section        0  printf6.o(i._sputc)
    _sputc                                   0x08004a7b   Thumb Code    10  printf6.o(i._sputc)
    i.eDI_EventDetect                        0x08004a84   Section        0  digital_io.o(i.eDI_EventDetect)
    i.fLPF_Run                               0x08004aa8   Section        0  filter.o(i.fLPF_Run)
    i.fPI_Run                                0x08004afc   Section        0  machinecontrol.o(i.fPI_Run)
    i.fRampFcnGen                            0x08004bb6   Section        0  analog_io.o(i.fRampFcnGen)
    i.main                                   0x08004c20   Section        0  main.o(i.main)
    i.vAdc_DataInit                          0x080053e8   Section        0  analog_io.o(i.vAdc_DataInit)
    i.vAdc_Data_Handle                       0x080054a8   Section        0  analog_io.o(i.vAdc_Data_Handle)
    i.vDAC_Init                              0x0800575c   Section        0  analog_io.o(i.vDAC_Init)
    i.vDAC_Write                             0x0800577c   Section        0  analog_io.o(i.vDAC_Write)
    i.vDIO_Init                              0x080057e4   Section        0  digital_io.o(i.vDIO_Init)
    i.vDIO_Task                              0x080058c8   Section        0  machinecontrol.o(i.vDIO_Task)
    i.vDI_Scan                               0x08005928   Section        0  digital_io.o(i.vDI_Scan)
    i.vLPF_Init                              0x080059f8   Section        0  filter.o(i.vLPF_Init)
    i.vMachineParameterConfig                0x08005ab0   Section        0  machinecontrol.o(i.vMachineParameterConfig)
    i.vNEXTION_DisplayHandle                 0x08005b54   Section        0  nextion.o(i.vNEXTION_DisplayHandle)
    i.vNEXTION_Init                          0x080064f0   Section        0  nextion.o(i.vNEXTION_Init)
    i.vNEXTION_RecvRetNumHandle              0x080064f8   Section        0  nextion.o(i.vNEXTION_RecvRetNumHandle)
    i.vNEXTION_SendString                    0x08006528   Section        0  nextion.o(i.vNEXTION_SendString)
    i.vNEXTION_SendVal                       0x08006570   Section        0  nextion.o(i.vNEXTION_SendVal)
    i.vPI_Init                               0x0800662c   Section        0  machinecontrol.o(i.vPI_Init)
    i.vQEI_Config                            0x080066c6   Section        0  qei.o(i.vQEI_Config)
    i.vRPM_Cal                               0x080066e0   Section        0  qei.o(i.vRPM_Cal)
    i.vRamp_Config                           0x0800682c   Section        0  analog_io.o(i.vRamp_Config)
    i.vStateMachine                          0x080068a4   Section        0  machinecontrol.o(i.vStateMachine)
    i.vStateMachineConfig                    0x08006e74   Section        0  machinecontrol.o(i.vStateMachineConfig)
    i.vTim_Scan                              0x08006f74   Section        0  timer_appfcn.o(i.vTim_Scan)
    i.vTim_Start                             0x08006fb8   Section        0  timer_appfcn.o(i.vTim_Start)
    i.vTim_Stop                              0x08006fd2   Section        0  timer_appfcn.o(i.vTim_Stop)
    i.vUSART_RxTimeOutHandle                 0x08006fde   Section        0  usart_appfcn.o(i.vUSART_RxTimeOutHandle)
    i.vUsart4_RxHandle                       0x08006ffc   Section        0  usart_appfcn.o(i.vUsart4_RxHandle)
    i.vUsart5_rxHandle                       0x0800710c   Section        0  usart_appfcn.o(i.vUsart5_rxHandle)
    i.vUsart_DataInit                        0x080072ac   Section        0  usart_appfcn.o(i.vUsart_DataInit)
    i.vUsart_Read                            0x080072e0   Section        0  usart_appfcn.o(i.vUsart_Read)
    .constdata                               0x08007438   Section       16  system_stm32f1xx.o(.constdata)
    .constdata                               0x08007448   Section        8  system_stm32f1xx.o(.constdata)
    .data                                    0x20000000   Section       16  main.o(.data)
    Cnt                                      0x20000004   Data           4  main.o(.data)
    .data                                    0x20000010   Section       10  timer_appfcn.o(.data)
    .data                                    0x2000001a   Section        2  timer_appfcn.o(.data)
    .data                                    0x2000001c   Section       12  stm32f1xx_hal.o(.data)
    .data                                    0x20000028   Section        4  system_stm32f1xx.o(.data)
    .bss                                     0x2000002c   Section      828  main.o(.bss)
    .bss                                     0x20000368   Section       68  main.o(.bss)
    .bss                                     0x200003ac   Section      260  analog_io.o(.bss)
    .bss                                     0x200004b0   Section       28  analog_io.o(.bss)
    .bss                                     0x200004cc   Section       24  digital_io.o(.bss)
    .bss                                     0x200004e4   Section      960  filter.o(.bss)
    .bss                                     0x200008a4   Section      448  machinecontrol.o(.bss)
    .bss                                     0x20000a64   Section      288  nextion.o(.bss)
    .bss                                     0x20000b84   Section       20  qei.o(.bss)
    .bss                                     0x20000b98   Section      200  timer_appfcn.o(.bss)
    .bss                                     0x20000c60   Section      200  timer_appfcn.o(.bss)
    .bss                                     0x20000d28   Section      200  timer_appfcn.o(.bss)
    .bss                                     0x20000df0   Section      200  timer_appfcn.o(.bss)
    .bss                                     0x20000eb8   Section      200  timer_appfcn.o(.bss)
    .bss                                     0x20000f80   Section      200  timer_appfcn.o(.bss)
    .bss                                     0x20001048   Section      684  usart_appfcn.o(.bss)
    .bss                                     0x200012f4   Section      228  usart_appfcn.o(.bss)
    STACK                                    0x200013d8   Section     1024  startup_stm32f103xe.o(STACK)

    Global Symbols

    Symbol Name                              Value     Ov Type        Size  Object(Section)

    BuildAttributes$$THM_ISAv4$P$D$K$B$S$PE$A:L22UL41UL21$X:L11$S22US41US21$IEEE1$IW$USESV6$~STKCKD$USESV7$~SHL$OTIME$ROPI$EBA8$MICROLIB$REQ8$PRES8$EABIv2 0x00000000   Number         0  anon$$obj.o ABSOLUTE
    __ARM_use_no_argv                        0x00000000   Number         0  main.o ABSOLUTE
    _printf_a                                0x00000000   Number         0  stubs.o ABSOLUTE
    _printf_c                                0x00000000   Number         0  stubs.o ABSOLUTE
    _printf_charcount                        0x00000000   Number         0  stubs.o ABSOLUTE
    _printf_d                                0x00000000   Number         0  stubs.o ABSOLUTE
    _printf_e                                0x00000000   Number         0  stubs.o ABSOLUTE
    _printf_f                                0x00000000   Number         0  stubs.o ABSOLUTE
    _printf_flags                            0x00000000   Number         0  stubs.o ABSOLUTE
    _printf_fp_dec                           0x00000000   Number         0  stubs.o ABSOLUTE
    _printf_fp_hex                           0x00000000   Number         0  stubs.o ABSOLUTE
    _printf_g                                0x00000000   Number         0  stubs.o ABSOLUTE
    _printf_i                                0x00000000   Number         0  stubs.o ABSOLUTE
    _printf_int_dec                          0x00000000   Number         0  stubs.o ABSOLUTE
    _printf_l                                0x00000000   Number         0  stubs.o ABSOLUTE
    _printf_lc                               0x00000000   Number         0  stubs.o ABSOLUTE
    _printf_ll                               0x00000000   Number         0  stubs.o ABSOLUTE
    _printf_lld                              0x00000000   Number         0  stubs.o ABSOLUTE
    _printf_lli                              0x00000000   Number         0  stubs.o ABSOLUTE
    _printf_llo                              0x00000000   Number         0  stubs.o ABSOLUTE
    _printf_llu                              0x00000000   Number         0  stubs.o ABSOLUTE
    _printf_llx                              0x00000000   Number         0  stubs.o ABSOLUTE
    _printf_longlong_dec                     0x00000000   Number         0  stubs.o ABSOLUTE
    _printf_longlong_hex                     0x00000000   Number         0  stubs.o ABSOLUTE
    _printf_longlong_oct                     0x00000000   Number         0  stubs.o ABSOLUTE
    _printf_ls                               0x00000000   Number         0  stubs.o ABSOLUTE
    _printf_mbtowc                           0x00000000   Number         0  stubs.o ABSOLUTE
    _printf_n                                0x00000000   Number         0  stubs.o ABSOLUTE
    _printf_o                                0x00000000   Number         0  stubs.o ABSOLUTE
    _printf_p                                0x00000000   Number         0  stubs.o ABSOLUTE
    _printf_percent                          0x00000000   Number         0  stubs.o ABSOLUTE
    _printf_pre_padding                      0x00000000   Number         0  stubs.o ABSOLUTE
    _printf_return_value                     0x00000000   Number         0  stubs.o ABSOLUTE
    _printf_s                                0x00000000   Number         0  stubs.o ABSOLUTE
    _printf_sizespec                         0x00000000   Number         0  stubs.o ABSOLUTE
    _printf_str                              0x00000000   Number         0  stubs.o ABSOLUTE
    _printf_truncate_signed                  0x00000000   Number         0  stubs.o ABSOLUTE
    _printf_truncate_unsigned                0x00000000   Number         0  stubs.o ABSOLUTE
    _printf_u                                0x00000000   Number         0  stubs.o ABSOLUTE
    _printf_wc                               0x00000000   Number         0  stubs.o ABSOLUTE
    _printf_wctomb                           0x00000000   Number         0  stubs.o ABSOLUTE
    _printf_widthprec                        0x00000000   Number         0  stubs.o ABSOLUTE
    _printf_x                                0x00000000   Number         0  stubs.o ABSOLUTE
    __cpp_initialize__aeabi_                  - Undefined Weak Reference
    __cxa_finalize                            - Undefined Weak Reference
    __decompress                              - Undefined Weak Reference
    _clock_init                               - Undefined Weak Reference
    _microlib_exit                            - Undefined Weak Reference
    __Vectors_Size                           0x00000130   Number         0  startup_stm32f103xe.o ABSOLUTE
    __Vectors                                0x08000000   Data           4  startup_stm32f103xe.o(RESET)
    __Vectors_End                            0x08000130   Data           0  startup_stm32f103xe.o(RESET)
    __main                                   0x08000131   Thumb Code     0  entry.o(.ARM.Collect$$$$00000000)
    _main_stk                                0x08000131   Thumb Code     0  entry2.o(.ARM.Collect$$$$00000001)
    _main_scatterload                        0x08000135   Thumb Code     0  entry5.o(.ARM.Collect$$$$00000004)
    __main_after_scatterload                 0x08000139   Thumb Code     0  entry5.o(.ARM.Collect$$$$00000004)
    _main_clock                              0x08000139   Thumb Code     0  entry7b.o(.ARM.Collect$$$$00000008)
    _main_cpp_init                           0x08000139   Thumb Code     0  entry8b.o(.ARM.Collect$$$$0000000A)
    _main_init                               0x08000139   Thumb Code     0  entry9a.o(.ARM.Collect$$$$0000000B)
    __rt_final_cpp                           0x08000141   Thumb Code     0  entry10a.o(.ARM.Collect$$$$0000000D)
    __rt_final_exit                          0x08000141   Thumb Code     0  entry11a.o(.ARM.Collect$$$$0000000F)
    Reset_Handler                            0x08000145   Thumb Code     8  startup_stm32f103xe.o(.text)
    ADC1_2_IRQHandler                        0x0800015f   Thumb Code     0  startup_stm32f103xe.o(.text)
    ADC3_IRQHandler                          0x0800015f   Thumb Code     0  startup_stm32f103xe.o(.text)
    CAN1_RX1_IRQHandler                      0x0800015f   Thumb Code     0  startup_stm32f103xe.o(.text)
    CAN1_SCE_IRQHandler                      0x0800015f   Thumb Code     0  startup_stm32f103xe.o(.text)
    DMA1_Channel2_IRQHandler                 0x0800015f   Thumb Code     0  startup_stm32f103xe.o(.text)
    DMA1_Channel3_IRQHandler                 0x0800015f   Thumb Code     0  startup_stm32f103xe.o(.text)
    DMA1_Channel4_IRQHandler                 0x0800015f   Thumb Code     0  startup_stm32f103xe.o(.text)
    DMA1_Channel5_IRQHandler                 0x0800015f   Thumb Code     0  startup_stm32f103xe.o(.text)
    DMA1_Channel6_IRQHandler                 0x0800015f   Thumb Code     0  startup_stm32f103xe.o(.text)
    DMA1_Channel7_IRQHandler                 0x0800015f   Thumb Code     0  startup_stm32f103xe.o(.text)
    DMA2_Channel1_IRQHandler                 0x0800015f   Thumb Code     0  startup_stm32f103xe.o(.text)
    DMA2_Channel2_IRQHandler                 0x0800015f   Thumb Code     0  startup_stm32f103xe.o(.text)
    DMA2_Channel3_IRQHandler                 0x0800015f   Thumb Code     0  startup_stm32f103xe.o(.text)
    DMA2_Channel4_5_IRQHandler               0x0800015f   Thumb Code     0  startup_stm32f103xe.o(.text)
    EXTI0_IRQHandler                         0x0800015f   Thumb Code     0  startup_stm32f103xe.o(.text)
    EXTI15_10_IRQHandler                     0x0800015f   Thumb Code     0  startup_stm32f103xe.o(.text)
    EXTI1_IRQHandler                         0x0800015f   Thumb Code     0  startup_stm32f103xe.o(.text)
    EXTI3_IRQHandler                         0x0800015f   Thumb Code     0  startup_stm32f103xe.o(.text)
    EXTI4_IRQHandler                         0x0800015f   Thumb Code     0  startup_stm32f103xe.o(.text)
    EXTI9_5_IRQHandler                       0x0800015f   Thumb Code     0  startup_stm32f103xe.o(.text)
    FLASH_IRQHandler                         0x0800015f   Thumb Code     0  startup_stm32f103xe.o(.text)
    FSMC_IRQHandler                          0x0800015f   Thumb Code     0  startup_stm32f103xe.o(.text)
    I2C1_ER_IRQHandler                       0x0800015f   Thumb Code     0  startup_stm32f103xe.o(.text)
    I2C1_EV_IRQHandler                       0x0800015f   Thumb Code     0  startup_stm32f103xe.o(.text)
    PVD_IRQHandler                           0x0800015f   Thumb Code     0  startup_stm32f103xe.o(.text)
    RCC_IRQHandler                           0x0800015f   Thumb Code     0  startup_stm32f103xe.o(.text)
    RTC_Alarm_IRQHandler                     0x0800015f   Thumb Code     0  startup_stm32f103xe.o(.text)
    RTC_IRQHandler                           0x0800015f   Thumb Code     0  startup_stm32f103xe.o(.text)
    SDIO_IRQHandler                          0x0800015f   Thumb Code     0  startup_stm32f103xe.o(.text)
    SPI1_IRQHandler                          0x0800015f   Thumb Code     0  startup_stm32f103xe.o(.text)
    SPI2_IRQHandler                          0x0800015f   Thumb Code     0  startup_stm32f103xe.o(.text)
    SPI3_IRQHandler                          0x0800015f   Thumb Code     0  startup_stm32f103xe.o(.text)
    TAMPER_IRQHandler                        0x0800015f   Thumb Code     0  startup_stm32f103xe.o(.text)
    TIM1_BRK_IRQHandler                      0x0800015f   Thumb Code     0  startup_stm32f103xe.o(.text)
    TIM1_CC_IRQHandler                       0x0800015f   Thumb Code     0  startup_stm32f103xe.o(.text)
    TIM1_TRG_COM_IRQHandler                  0x0800015f   Thumb Code     0  startup_stm32f103xe.o(.text)
    TIM1_UP_IRQHandler                       0x0800015f   Thumb Code     0  startup_stm32f103xe.o(.text)
    TIM7_IRQHandler                          0x0800015f   Thumb Code     0  startup_stm32f103xe.o(.text)
    TIM8_BRK_IRQHandler                      0x0800015f   Thumb Code     0  startup_stm32f103xe.o(.text)
    TIM8_CC_IRQHandler                       0x0800015f   Thumb Code     0  startup_stm32f103xe.o(.text)
    TIM8_TRG_COM_IRQHandler                  0x0800015f   Thumb Code     0  startup_stm32f103xe.o(.text)
    USART1_IRQHandler                        0x0800015f   Thumb Code     0  startup_stm32f103xe.o(.text)
    USART3_IRQHandler                        0x0800015f   Thumb Code     0  startup_stm32f103xe.o(.text)
    USBWakeUp_IRQHandler                     0x0800015f   Thumb Code     0  startup_stm32f103xe.o(.text)
    USB_HP_CAN1_TX_IRQHandler                0x0800015f   Thumb Code     0  startup_stm32f103xe.o(.text)
    WWDG_IRQHandler                          0x0800015f   Thumb Code     0  startup_stm32f103xe.o(.text)
    __aeabi_llsr                             0x08000169   Thumb Code    32  llushr.o(.text)
    _ll_ushift_r                             0x08000169   Thumb Code     0  llushr.o(.text)
    __aeabi_memset                           0x08000189   Thumb Code    14  memseta.o(.text)
    __aeabi_memset4                          0x08000189   Thumb Code     0  memseta.o(.text)
    __aeabi_memset8                          0x08000189   Thumb Code     0  memseta.o(.text)
    __aeabi_memclr                           0x08000197   Thumb Code     4  memseta.o(.text)
    __aeabi_memclr4                          0x08000197   Thumb Code     0  memseta.o(.text)
    __aeabi_memclr8                          0x08000197   Thumb Code     0  memseta.o(.text)
    _memset$wrapper                          0x0800019b   Thumb Code    18  memseta.o(.text)
    __aeabi_fadd                             0x080001ad   Thumb Code   164  fadd.o(.text)
    __aeabi_fsub                             0x08000251   Thumb Code     6  fadd.o(.text)
    __aeabi_frsub                            0x08000257   Thumb Code     6  fadd.o(.text)
    __aeabi_fmul                             0x0800025d   Thumb Code   100  fmul.o(.text)
    __aeabi_fdiv                             0x080002c1   Thumb Code   124  fdiv.o(.text)
    __ARM_scalbnf                            0x0800033d   Thumb Code    24  fscalb.o(.text)
    scalbnf                                  0x0800033d   Thumb Code     0  fscalb.o(.text)
    __aeabi_dadd                             0x08000355   Thumb Code   322  dadd.o(.text)
    __aeabi_dsub                             0x08000497   Thumb Code     6  dadd.o(.text)
    __aeabi_drsub                            0x0800049d   Thumb Code     6  dadd.o(.text)
    __aeabi_dmul                             0x080004a3   Thumb Code   228  dmul.o(.text)
    __aeabi_ddiv                             0x08000587   Thumb Code   222  ddiv.o(.text)
    __ARM_scalbn                             0x08000665   Thumb Code    46  dscalb.o(.text)
    scalbn                                   0x08000665   Thumb Code     0  dscalb.o(.text)
    __aeabi_i2f                              0x08000693   Thumb Code    18  fflti.o(.text)
    __aeabi_ui2f                             0x080006a5   Thumb Code    10  ffltui.o(.text)
    __aeabi_i2d                              0x080006af   Thumb Code    34  dflti.o(.text)
    __aeabi_ui2d                             0x080006d1   Thumb Code    26  dfltui.o(.text)
    __aeabi_f2iz                             0x080006eb   Thumb Code    50  ffixi.o(.text)
    __aeabi_f2uiz                            0x0800071d   Thumb Code    40  ffixui.o(.text)
    __aeabi_d2iz                             0x08000745   Thumb Code    62  dfixi.o(.text)
    __aeabi_f2d                              0x08000783   Thumb Code    38  f2d.o(.text)
    __aeabi_cdcmpeq                          0x080007a9   Thumb Code     0  cdcmple.o(.text)
    __aeabi_cdcmple                          0x080007a9   Thumb Code    48  cdcmple.o(.text)
    __aeabi_cdrcmple                         0x080007d9   Thumb Code    48  cdrcmple.o(.text)
    __aeabi_d2f                              0x08000809   Thumb Code    56  d2f.o(.text)
    __aeabi_cfcmpeq                          0x08000841   Thumb Code     0  cfcmple.o(.text)
    __aeabi_cfcmple                          0x08000841   Thumb Code    20  cfcmple.o(.text)
    __aeabi_cfrcmple                         0x08000855   Thumb Code    20  cfrcmple.o(.text)
    __aeabi_uidiv                            0x08000869   Thumb Code     0  uidiv.o(.text)
    __aeabi_uidivmod                         0x08000869   Thumb Code    44  uidiv.o(.text)
    __aeabi_llsl                             0x08000895   Thumb Code    30  llshl.o(.text)
    _ll_shift_l                              0x08000895   Thumb Code     0  llshl.o(.text)
    __aeabi_lasr                             0x080008b3   Thumb Code    36  llsshr.o(.text)
    _ll_sshift_r                             0x080008b3   Thumb Code     0  llsshr.o(.text)
    __I$use$fp                               0x080008d7   Thumb Code     0  iusefp.o(.text)
    _float_round                             0x080008d7   Thumb Code    18  fepilogue.o(.text)
    _float_epilogue                          0x080008e9   Thumb Code    92  fepilogue.o(.text)
    _double_round                            0x08000945   Thumb Code    30  depilogue.o(.text)
    _double_epilogue                         0x08000963   Thumb Code   156  depilogue.o(.text)
    __scatterload                            0x08000a01   Thumb Code    28  init.o(.text)
    __scatterload_rt2                        0x08000a01   Thumb Code     0  init.o(.text)
    ADC_ConversionStop_Disable               0x08000a25   Thumb Code    76  stm32f1xx_hal_adc.o(i.ADC_ConversionStop_Disable)
    ADC_DMAConvCplt                          0x08000a71   Thumb Code    78  stm32f1xx_hal_adc.o(i.ADC_DMAConvCplt)
    ADC_DMAError                             0x08000abf   Thumb Code    26  stm32f1xx_hal_adc.o(i.ADC_DMAError)
    ADC_DMAHalfConvCplt                      0x08000ad9   Thumb Code    10  stm32f1xx_hal_adc.o(i.ADC_DMAHalfConvCplt)
    ADC_Enable                               0x08000ae5   Thumb Code   104  stm32f1xx_hal_adc.o(i.ADC_Enable)
    BusFault_Handler                         0x08000b55   Thumb Code     2  stm32f1xx_it.o(i.BusFault_Handler)
    DMA1_Channel1_IRQHandler                 0x08000b59   Thumb Code     6  stm32f1xx_it.o(i.DMA1_Channel1_IRQHandler)
    DebugMon_Handler                         0x08000b8f   Thumb Code     2  stm32f1xx_it.o(i.DebugMon_Handler)
    EXTI2_IRQHandler                         0x08000b91   Thumb Code     6  stm32f1xx_it.o(i.EXTI2_IRQHandler)
    Error_Handler                            0x08000b97   Thumb Code     4  main.o(i.Error_Handler)
    HAL_ADCEx_Calibration_Start              0x08000b9d   Thumb Code   194  stm32f1xx_hal_adc_ex.o(i.HAL_ADCEx_Calibration_Start)
    HAL_ADC_ConfigChannel                    0x08000c65   Thumb Code   240  stm32f1xx_hal_adc.o(i.HAL_ADC_ConfigChannel)
    HAL_ADC_ConvCpltCallback                 0x08000d61   Thumb Code     2  stm32f1xx_hal_adc.o(i.HAL_ADC_ConvCpltCallback)
    HAL_ADC_ConvHalfCpltCallback             0x08000d63   Thumb Code     2  stm32f1xx_hal_adc.o(i.HAL_ADC_ConvHalfCpltCallback)
    HAL_ADC_ErrorCallback                    0x08000d65   Thumb Code     2  stm32f1xx_hal_adc.o(i.HAL_ADC_ErrorCallback)
    HAL_ADC_Init                             0x08000d69   Thumb Code   272  stm32f1xx_hal_adc.o(i.HAL_ADC_Init)
    HAL_ADC_MspInit                          0x08000e89   Thumb Code   154  stm32f1xx_hal_msp.o(i.HAL_ADC_MspInit)
    HAL_ADC_Start_DMA                        0x08000f3d   Thumb Code   246  stm32f1xx_hal_adc.o(i.HAL_ADC_Start_DMA)
    HAL_CAN_ErrorCallback                    0x08001049   Thumb Code     2  stm32f1xx_hal_can.o(i.HAL_CAN_ErrorCallback)
    HAL_CAN_IRQHandler                       0x0800104b   Thumb Code   508  stm32f1xx_hal_can.o(i.HAL_CAN_IRQHandler)
    HAL_CAN_Init                             0x08001247   Thumb Code   282  stm32f1xx_hal_can.o(i.HAL_CAN_Init)
    HAL_CAN_MspInit                          0x08001361   Thumb Code   112  stm32f1xx_hal_msp.o(i.HAL_CAN_MspInit)
    HAL_CAN_RxFifo0FullCallback              0x080013dd   Thumb Code     2  stm32f1xx_hal_can.o(i.HAL_CAN_RxFifo0FullCallback)
    HAL_CAN_RxFifo0MsgPendingCallback        0x080013df   Thumb Code     2  stm32f1xx_hal_can.o(i.HAL_CAN_RxFifo0MsgPendingCallback)
    HAL_CAN_RxFifo1FullCallback              0x080013e1   Thumb Code     2  stm32f1xx_hal_can.o(i.HAL_CAN_RxFifo1FullCallback)
    HAL_CAN_RxFifo1MsgPendingCallback        0x080013e3   Thumb Code     2  stm32f1xx_hal_can.o(i.HAL_CAN_RxFifo1MsgPendingCallback)
    HAL_CAN_SleepCallback                    0x080013e5   Thumb Code     2  stm32f1xx_hal_can.o(i.HAL_CAN_SleepCallback)
    HAL_CAN_TxMailbox0AbortCallback          0x080013e7   Thumb Code     2  stm32f1xx_hal_can.o(i.HAL_CAN_TxMailbox0AbortCallback)
    HAL_CAN_TxMailbox0CompleteCallback       0x080013e9   Thumb Code     2  stm32f1xx_hal_can.o(i.HAL_CAN_TxMailbox0CompleteCallback)
    HAL_CAN_TxMailbox1AbortCallback          0x080013eb   Thumb Code     2  stm32f1xx_hal_can.o(i.HAL_CAN_TxMailbox1AbortCallback)
    HAL_CAN_TxMailbox1CompleteCallback       0x080013ed   Thumb Code     2  stm32f1xx_hal_can.o(i.HAL_CAN_TxMailbox1CompleteCallback)
    HAL_CAN_TxMailbox2AbortCallback          0x080013ef   Thumb Code     2  stm32f1xx_hal_can.o(i.HAL_CAN_TxMailbox2AbortCallback)
    HAL_CAN_TxMailbox2CompleteCallback       0x080013f1   Thumb Code     2  stm32f1xx_hal_can.o(i.HAL_CAN_TxMailbox2CompleteCallback)
    HAL_CAN_WakeUpFromRxMsgCallback          0x080013f3   Thumb Code     2  stm32f1xx_hal_can.o(i.HAL_CAN_WakeUpFromRxMsgCallback)
    HAL_CRC_Init                             0x080013f5   Thumb Code    34  stm32f1xx_hal_crc.o(i.HAL_CRC_Init)
    HAL_CRC_MspInit                          0x08001419   Thumb Code    30  stm32f1xx_hal_msp.o(i.HAL_CRC_MspInit)
    HAL_DAC_ConfigChannel                    0x08001441   Thumb Code    78  stm32f1xx_hal_dac.o(i.HAL_DAC_ConfigChannel)
    HAL_DAC_Init                             0x0800148f   Thumb Code    40  stm32f1xx_hal_dac.o(i.HAL_DAC_Init)
    HAL_DAC_MspInit                          0x080014b9   Thumb Code    76  stm32f1xx_hal_msp.o(i.HAL_DAC_MspInit)
    HAL_DAC_SetValue                         0x08001511   Thumb Code    26  stm32f1xx_hal_dac.o(i.HAL_DAC_SetValue)
    HAL_DAC_Start                            0x0800152b   Thumb Code    92  stm32f1xx_hal_dac.o(i.HAL_DAC_Start)
    HAL_DMA_Abort_IT                         0x08001589   Thumb Code   296  stm32f1xx_hal_dma.o(i.HAL_DMA_Abort_IT)
    HAL_DMA_GetState                         0x080016b9   Thumb Code     6  stm32f1xx_hal_dma.o(i.HAL_DMA_GetState)
    HAL_DMA_IRQHandler                       0x080016c1   Thumb Code   552  stm32f1xx_hal_dma.o(i.HAL_DMA_IRQHandler)
    HAL_DMA_Init                             0x08001909   Thumb Code   112  stm32f1xx_hal_dma.o(i.HAL_DMA_Init)
    HAL_DMA_Start_IT                         0x08001985   Thumb Code   112  stm32f1xx_hal_dma.o(i.HAL_DMA_Start_IT)
    HAL_Delay                                0x080019f5   Thumb Code    32  stm32f1xx_hal.o(i.HAL_Delay)
    HAL_GPIO_EXTI_Callback                   0x08001a19   Thumb Code     2  digital_io.o(i.HAL_GPIO_EXTI_Callback)
    HAL_GPIO_EXTI_IRQHandler                 0x08001a1d   Thumb Code    18  stm32f1xx_hal_gpio.o(i.HAL_GPIO_EXTI_IRQHandler)
    HAL_GPIO_Init                            0x08001a35   Thumb Code   462  stm32f1xx_hal_gpio.o(i.HAL_GPIO_Init)
    HAL_GPIO_ReadPin                         0x08001c2d   Thumb Code    10  stm32f1xx_hal_gpio.o(i.HAL_GPIO_ReadPin)
    HAL_GPIO_TogglePin                       0x08001c37   Thumb Code    16  stm32f1xx_hal_gpio.o(i.HAL_GPIO_TogglePin)
    HAL_GPIO_WritePin                        0x08001c47   Thumb Code    10  stm32f1xx_hal_gpio.o(i.HAL_GPIO_WritePin)
    HAL_GetTick                              0x08001c51   Thumb Code     6  stm32f1xx_hal.o(i.HAL_GetTick)
    HAL_I2C_AbortCpltCallback                0x08001c5d   Thumb Code     2  stm32f1xx_hal_i2c.o(i.HAL_I2C_AbortCpltCallback)
    HAL_I2C_AddrCallback                     0x08001c5f   Thumb Code     2  stm32f1xx_hal_i2c.o(i.HAL_I2C_AddrCallback)
    HAL_I2C_ER_IRQHandler                    0x08001c61   Thumb Code   196  stm32f1xx_hal_i2c.o(i.HAL_I2C_ER_IRQHandler)
    HAL_I2C_EV_IRQHandler                    0x08001d25   Thumb Code   614  stm32f1xx_hal_i2c.o(i.HAL_I2C_EV_IRQHandler)
    HAL_I2C_ErrorCallback                    0x08001f8b   Thumb Code     2  stm32f1xx_hal_i2c.o(i.HAL_I2C_ErrorCallback)
    HAL_I2C_Init                             0x08001f8d   Thumb Code   376  stm32f1xx_hal_i2c.o(i.HAL_I2C_Init)
    HAL_I2C_ListenCpltCallback               0x08002115   Thumb Code     2  stm32f1xx_hal_i2c.o(i.HAL_I2C_ListenCpltCallback)
    HAL_I2C_MasterRxCpltCallback             0x08002117   Thumb Code     2  stm32f1xx_hal_i2c.o(i.HAL_I2C_MasterRxCpltCallback)
    HAL_I2C_MasterTxCpltCallback             0x08002119   Thumb Code     2  stm32f1xx_hal_i2c.o(i.HAL_I2C_MasterTxCpltCallback)
    HAL_I2C_MemRxCpltCallback                0x0800211b   Thumb Code     2  stm32f1xx_hal_i2c.o(i.HAL_I2C_MemRxCpltCallback)
    HAL_I2C_MemTxCpltCallback                0x0800211d   Thumb Code     2  stm32f1xx_hal_i2c.o(i.HAL_I2C_MemTxCpltCallback)
    HAL_I2C_MspInit                          0x08002121   Thumb Code   114  stm32f1xx_hal_msp.o(i.HAL_I2C_MspInit)
    HAL_I2C_SlaveRxCpltCallback              0x080021a1   Thumb Code     2  stm32f1xx_hal_i2c.o(i.HAL_I2C_SlaveRxCpltCallback)
    HAL_I2C_SlaveTxCpltCallback              0x080021a3   Thumb Code     2  stm32f1xx_hal_i2c.o(i.HAL_I2C_SlaveTxCpltCallback)
    HAL_IWDG_Init                            0x080021a5   Thumb Code    82  stm32f1xx_hal_iwdg.o(i.HAL_IWDG_Init)
    HAL_IncTick                              0x080021f9   Thumb Code    12  stm32f1xx_hal.o(i.HAL_IncTick)
    HAL_Init                                 0x08002209   Thumb Code    32  stm32f1xx_hal.o(i.HAL_Init)
    HAL_InitTick                             0x0800222d   Thumb Code    54  stm32f1xx_hal.o(i.HAL_InitTick)
    HAL_MspInit                              0x0800226d   Thumb Code    52  stm32f1xx_hal_msp.o(i.HAL_MspInit)
    HAL_NVIC_EnableIRQ                       0x080022a9   Thumb Code    26  stm32f1xx_hal_cortex.o(i.HAL_NVIC_EnableIRQ)
    HAL_NVIC_SetPriority                     0x080022c5   Thumb Code    60  stm32f1xx_hal_cortex.o(i.HAL_NVIC_SetPriority)
    HAL_NVIC_SetPriorityGrouping             0x08002305   Thumb Code    26  stm32f1xx_hal_cortex.o(i.HAL_NVIC_SetPriorityGrouping)
    HAL_RCCEx_GetPeriphCLKFreq               0x08002329   Thumb Code   180  stm32f1xx_hal_rcc_ex.o(i.HAL_RCCEx_GetPeriphCLKFreq)
    HAL_RCCEx_PeriphCLKConfig                0x080023fd   Thumb Code   224  stm32f1xx_hal_rcc_ex.o(i.HAL_RCCEx_PeriphCLKConfig)
    HAL_RCC_ClockConfig                      0x080024e9   Thumb Code   280  stm32f1xx_hal_rcc.o(i.HAL_RCC_ClockConfig)
    HAL_RCC_GetPCLK1Freq                     0x08002615   Thumb Code    20  stm32f1xx_hal_rcc.o(i.HAL_RCC_GetPCLK1Freq)
    HAL_RCC_GetPCLK2Freq                     0x08002635   Thumb Code    20  stm32f1xx_hal_rcc.o(i.HAL_RCC_GetPCLK2Freq)
    HAL_RCC_GetSysClockFreq                  0x08002655   Thumb Code    74  stm32f1xx_hal_rcc.o(i.HAL_RCC_GetSysClockFreq)
    HAL_RCC_OscConfig                        0x080026c1   Thumb Code   778  stm32f1xx_hal_rcc.o(i.HAL_RCC_OscConfig)
    HAL_SYSTICK_Config                       0x080029e1   Thumb Code    40  stm32f1xx_hal_cortex.o(i.HAL_SYSTICK_Config)
    HAL_TIMEx_BreakCallback                  0x08002a09   Thumb Code     2  stm32f1xx_hal_tim_ex.o(i.HAL_TIMEx_BreakCallback)
    HAL_TIMEx_CommutCallback                 0x08002a0b   Thumb Code     2  stm32f1xx_hal_tim_ex.o(i.HAL_TIMEx_CommutCallback)
    HAL_TIMEx_MasterConfigSynchronization    0x08002a0d   Thumb Code   104  stm32f1xx_hal_tim_ex.o(i.HAL_TIMEx_MasterConfigSynchronization)
    HAL_TIM_Base_Init                        0x08002a89   Thumb Code    90  stm32f1xx_hal_tim.o(i.HAL_TIM_Base_Init)
    HAL_TIM_Base_MspInit                     0x08002ae5   Thumb Code   194  stm32f1xx_hal_msp.o(i.HAL_TIM_Base_MspInit)
    HAL_TIM_Base_Start_IT                    0x08002bbd   Thumb Code    88  stm32f1xx_hal_tim.o(i.HAL_TIM_Base_Start_IT)
    HAL_TIM_ConfigClockSource                0x08002c29   Thumb Code   214  stm32f1xx_hal_tim.o(i.HAL_TIM_ConfigClockSource)
    HAL_TIM_Encoder_Init                     0x08002cff   Thumb Code   164  stm32f1xx_hal_tim.o(i.HAL_TIM_Encoder_Init)
    HAL_TIM_Encoder_MspInit                  0x08002da5   Thumb Code   110  stm32f1xx_hal_msp.o(i.HAL_TIM_Encoder_MspInit)
    HAL_TIM_Encoder_Start                    0x08002e25   Thumb Code   142  stm32f1xx_hal_tim.o(i.HAL_TIM_Encoder_Start)
    HAL_TIM_IC_CaptureCallback               0x08002eb3   Thumb Code     2  stm32f1xx_hal_tim.o(i.HAL_TIM_IC_CaptureCallback)
    HAL_TIM_IRQHandler                       0x08002eb5   Thumb Code   358  stm32f1xx_hal_tim.o(i.HAL_TIM_IRQHandler)
    HAL_TIM_OC_DelayElapsedCallback          0x0800301b   Thumb Code     2  stm32f1xx_hal_tim.o(i.HAL_TIM_OC_DelayElapsedCallback)
    HAL_TIM_PWM_PulseFinishedCallback        0x0800301d   Thumb Code     2  stm32f1xx_hal_tim.o(i.HAL_TIM_PWM_PulseFinishedCallback)
    HAL_TIM_PeriodElapsedCallback            0x08003021   Thumb Code   118  timer_appfcn.o(i.HAL_TIM_PeriodElapsedCallback)
    HAL_TIM_TriggerCallback                  0x080030c1   Thumb Code     2  stm32f1xx_hal_tim.o(i.HAL_TIM_TriggerCallback)
    HAL_UART_ErrorCallback                   0x080030c3   Thumb Code     2  stm32f1xx_hal_uart.o(i.HAL_UART_ErrorCallback)
    HAL_UART_IRQHandler                      0x080030c5   Thumb Code   344  stm32f1xx_hal_uart.o(i.HAL_UART_IRQHandler)
    HAL_UART_Init                            0x08003221   Thumb Code    98  stm32f1xx_hal_uart.o(i.HAL_UART_Init)
    HAL_UART_MspInit                         0x08003285   Thumb Code   296  stm32f1xx_hal_msp.o(i.HAL_UART_MspInit)
    HAL_UART_Receive_IT                      0x080033c9   Thumb Code    82  stm32f1xx_hal_uart.o(i.HAL_UART_Receive_IT)
    HAL_UART_RxCpltCallback                  0x0800341d   Thumb Code    96  usart_appfcn.o(i.HAL_UART_RxCpltCallback)
    HAL_UART_Transmit                        0x0800349d   Thumb Code   178  stm32f1xx_hal_uart.o(i.HAL_UART_Transmit)
    HAL_UART_TxCpltCallback                  0x0800354f   Thumb Code     2  stm32f1xx_hal_uart.o(i.HAL_UART_TxCpltCallback)
    HardFault_Handler                        0x08003551   Thumb Code     2  stm32f1xx_it.o(i.HardFault_Handler)
    I2C2_ER_IRQHandler                       0x08003555   Thumb Code     6  stm32f1xx_it.o(i.I2C2_ER_IRQHandler)
    I2C2_EV_IRQHandler                       0x08003561   Thumb Code     6  stm32f1xx_it.o(i.I2C2_EV_IRQHandler)
    MemManage_Handler                        0x080042e1   Thumb Code     2  stm32f1xx_it.o(i.MemManage_Handler)
    NMI_Handler                              0x080042e3   Thumb Code     2  stm32f1xx_it.o(i.NMI_Handler)
    PendSV_Handler                           0x080042e5   Thumb Code     2  stm32f1xx_it.o(i.PendSV_Handler)
    SVC_Handler                              0x080042e7   Thumb Code     2  stm32f1xx_it.o(i.SVC_Handler)
    SysTick_Handler                          0x080042e9   Thumb Code     4  stm32f1xx_it.o(i.SysTick_Handler)
    SystemClock_Config                       0x080042ed   Thumb Code   128  main.o(i.SystemClock_Config)
    SystemInit                               0x0800436d   Thumb Code     2  system_stm32f1xx.o(i.SystemInit)
    TIM2_IRQHandler                          0x08004371   Thumb Code     6  stm32f1xx_it.o(i.TIM2_IRQHandler)
    TIM3_IRQHandler                          0x0800437d   Thumb Code     6  stm32f1xx_it.o(i.TIM3_IRQHandler)
    TIM4_IRQHandler                          0x08004389   Thumb Code     6  stm32f1xx_it.o(i.TIM4_IRQHandler)
    TIM5_IRQHandler                          0x08004395   Thumb Code     6  stm32f1xx_it.o(i.TIM5_IRQHandler)
    TIM6_IRQHandler                          0x080043a1   Thumb Code     6  stm32f1xx_it.o(i.TIM6_IRQHandler)
    TIM8_UP_IRQHandler                       0x080043ad   Thumb Code     6  stm32f1xx_it.o(i.TIM8_UP_IRQHandler)
    TIM_Base_SetConfig                       0x080043b9   Thumb Code   120  stm32f1xx_hal_tim.o(i.TIM_Base_SetConfig)
    TIM_CCxChannelCmd                        0x08004445   Thumb Code    26  stm32f1xx_hal_tim.o(i.TIM_CCxChannelCmd)
    TIM_ETR_SetConfig                        0x0800445f   Thumb Code    20  stm32f1xx_hal_tim.o(i.TIM_ETR_SetConfig)
    UART4_IRQHandler                         0x080044c9   Thumb Code     6  stm32f1xx_it.o(i.UART4_IRQHandler)
    UART5_IRQHandler                         0x080044d5   Thumb Code     6  stm32f1xx_it.o(i.UART5_IRQHandler)
    USART2_IRQHandler                        0x080046b5   Thumb Code     6  stm32f1xx_it.o(i.USART2_IRQHandler)
    USB_LP_CAN1_RX0_IRQHandler               0x080046c1   Thumb Code     6  stm32f1xx_it.o(i.USB_LP_CAN1_RX0_IRQHandler)
    UsageFault_Handler                       0x080046cd   Thumb Code     2  stm32f1xx_it.o(i.UsageFault_Handler)
    __0sprintf$6                             0x080046d1   Thumb Code    34  printf6.o(i.__0sprintf$6)
    __1sprintf$6                             0x080046d1   Thumb Code     0  printf6.o(i.__0sprintf$6)
    __2sprintf                               0x080046d1   Thumb Code     0  printf6.o(i.__0sprintf$6)
    __scatterload_copy                       0x08004719   Thumb Code    14  handlers.o(i.__scatterload_copy)
    __scatterload_null                       0x08004727   Thumb Code     2  handlers.o(i.__scatterload_null)
    __scatterload_zeroinit                   0x08004729   Thumb Code    14  handlers.o(i.__scatterload_zeroinit)
    eDI_EventDetect                          0x08004a85   Thumb Code    36  digital_io.o(i.eDI_EventDetect)
    fLPF_Run                                 0x08004aa9   Thumb Code    84  filter.o(i.fLPF_Run)
    fPI_Run                                  0x08004afd   Thumb Code   186  machinecontrol.o(i.fPI_Run)
    fRampFcnGen                              0x08004bb7   Thumb Code   106  analog_io.o(i.fRampFcnGen)
    main                                     0x08004c21   Thumb Code  1898  main.o(i.main)
    vAdc_DataInit                            0x080053e9   Thumb Code   168  analog_io.o(i.vAdc_DataInit)
    vAdc_Data_Handle                         0x080054a9   Thumb Code   668  analog_io.o(i.vAdc_Data_Handle)
    vDAC_Init                                0x0800575d   Thumb Code    24  analog_io.o(i.vDAC_Init)
    vDAC_Write                               0x0800577d   Thumb Code    96  analog_io.o(i.vDAC_Write)
    vDIO_Init                                0x080057e5   Thumb Code   214  digital_io.o(i.vDIO_Init)
    vDIO_Task                                0x080058c9   Thumb Code    84  machinecontrol.o(i.vDIO_Task)
    vDI_Scan                                 0x08005929   Thumb Code   200  digital_io.o(i.vDI_Scan)
    vLPF_Init                                0x080059f9   Thumb Code   170  filter.o(i.vLPF_Init)
    vMachineParameterConfig                  0x08005ab1   Thumb Code   116  machinecontrol.o(i.vMachineParameterConfig)
    vNEXTION_DisplayHandle                   0x08005b55   Thumb Code  1868  nextion.o(i.vNEXTION_DisplayHandle)
    vNEXTION_Init                            0x080064f1   Thumb Code     8  nextion.o(i.vNEXTION_Init)
    vNEXTION_RecvRetNumHandle                0x080064f9   Thumb Code    42  nextion.o(i.vNEXTION_RecvRetNumHandle)
    vNEXTION_SendString                      0x08006529   Thumb Code    52  nextion.o(i.vNEXTION_SendString)
    vNEXTION_SendVal                         0x08006571   Thumb Code   150  nextion.o(i.vNEXTION_SendVal)
    vPI_Init                                 0x0800662d   Thumb Code   154  machinecontrol.o(i.vPI_Init)
    vQEI_Config                              0x080066c7   Thumb Code    26  qei.o(i.vQEI_Config)
    vRPM_Cal                                 0x080066e1   Thumb Code   318  qei.o(i.vRPM_Cal)
    vRamp_Config                             0x0800682d   Thumb Code   118  analog_io.o(i.vRamp_Config)
    vStateMachine                            0x080068a5   Thumb Code  1448  machinecontrol.o(i.vStateMachine)
    vStateMachineConfig                      0x08006e75   Thumb Code   200  machinecontrol.o(i.vStateMachineConfig)
    vTim_Scan                                0x08006f75   Thumb Code    68  timer_appfcn.o(i.vTim_Scan)
    vTim_Start                               0x08006fb9   Thumb Code    26  timer_appfcn.o(i.vTim_Start)
    vTim_Stop                                0x08006fd3   Thumb Code    12  timer_appfcn.o(i.vTim_Stop)
    vUSART_RxTimeOutHandle                   0x08006fdf   Thumb Code    30  usart_appfcn.o(i.vUSART_RxTimeOutHandle)
    vUsart4_RxHandle                         0x08006ffd   Thumb Code   256  usart_appfcn.o(i.vUsart4_RxHandle)
    vUsart5_rxHandle                         0x0800710d   Thumb Code   406  usart_appfcn.o(i.vUsart5_rxHandle)
    vUsart_DataInit                          0x080072ad   Thumb Code    52  usart_appfcn.o(i.vUsart_DataInit)
    vUsart_Read                              0x080072e1   Thumb Code   336  usart_appfcn.o(i.vUsart_Read)
    AHBPrescTable                            0x08007438   Data          16  system_stm32f1xx.o(.constdata)
    APBPrescTable                            0x08007448   Data           8  system_stm32f1xx.o(.constdata)
    Region$$Table$$Base                      0x08007450   Number         0  anon$$obj.o(Region$$Table)
    Region$$Table$$Limit                     0x08007470   Number         0  anon$$obj.o(Region$$Table)
    FirstCycle                               0x20000000   Data           1  main.o(.data)
    hcrc                                     0x20000008   Data           8  main.o(.data)
    tim1msTick                               0x20000010   Data           2  timer_appfcn.o(.data)
    tim10msTick                              0x20000012   Data           2  timer_appfcn.o(.data)
    tim20msTick                              0x20000014   Data           2  timer_appfcn.o(.data)
    tim100msTick                             0x20000016   Data           2  timer_appfcn.o(.data)
    tim1sTick                                0x20000018   Data           2  timer_appfcn.o(.data)
    tim200msTick                             0x2000001a   Data           2  timer_appfcn.o(.data)
    uwTickFreq                               0x2000001c   Data           1  stm32f1xx_hal.o(.data)
    uwTickPrio                               0x20000020   Data           4  stm32f1xx_hal.o(.data)
    uwTick                                   0x20000024   Data           4  stm32f1xx_hal.o(.data)
    SystemCoreClock                          0x20000028   Data           4  system_stm32f1xx.o(.data)
    hadc1                                    0x2000002c   Data          48  main.o(.bss)
    hcan                                     0x2000005c   Data          40  main.o(.bss)
    hdac                                     0x20000084   Data          20  main.o(.bss)
    hi2c2                                    0x20000098   Data          84  main.o(.bss)
    hiwdg                                    0x200000ec   Data          12  main.o(.bss)
    htim2                                    0x200000f8   Data          72  main.o(.bss)
    htim3                                    0x20000140   Data          72  main.o(.bss)
    htim4                                    0x20000188   Data          72  main.o(.bss)
    htim5                                    0x200001d0   Data          72  main.o(.bss)
    htim6                                    0x20000218   Data          72  main.o(.bss)
    htim8                                    0x20000260   Data          72  main.o(.bss)
    huart4                                   0x200002a8   Data          64  main.o(.bss)
    huart5                                   0x200002e8   Data          64  main.o(.bss)
    huart2                                   0x20000328   Data          64  main.o(.bss)
    hdma_adc1                                0x20000368   Data          68  main.o(.bss)
    adc_Objt_var                             0x200003ac   Data         260  analog_io.o(.bss)
    stDAC_Var                                0x200004b0   Data          28  analog_io.o(.bss)
    DI_Objt                                  0x200004cc   Data          24  digital_io.o(.bss)
    stLPF_Var                                0x200004e4   Data         960  filter.o(.bss)
    stPI_Speed                               0x200008a4   Data          68  machinecontrol.o(.bss)
    stPI_Ia                                  0x200008e8   Data          68  machinecontrol.o(.bss)
    stMControl_Var                           0x2000092c   Data         128  machinecontrol.o(.bss)
    stMachine_Var                            0x200009ac   Data          40  machinecontrol.o(.bss)
    stRamp_Ia                                0x200009d4   Data          36  machinecontrol.o(.bss)
    stRamp_Speed                             0x200009f8   Data          36  machinecontrol.o(.bss)
    stRamp_If                                0x20000a1c   Data          36  machinecontrol.o(.bss)
    stRamp_Vol                               0x20000a40   Data          36  machinecontrol.o(.bss)
    NEXVar                                   0x20000a64   Data         288  nextion.o(.bss)
    stQEI_Var                                0x20000b84   Data          20  qei.o(.bss)
    Tim_1ms                                  0x20000b98   Data         200  timer_appfcn.o(.bss)
    Tim_10ms                                 0x20000c60   Data         200  timer_appfcn.o(.bss)
    Tim_20ms                                 0x20000d28   Data         200  timer_appfcn.o(.bss)
    Tim_100ms                                0x20000df0   Data         200  timer_appfcn.o(.bss)
    Tim_200ms                                0x20000eb8   Data         200  timer_appfcn.o(.bss)
    Tim_1s                                   0x20000f80   Data         200  timer_appfcn.o(.bss)
    usart2_Rx                                0x20001048   Data         228  usart_appfcn.o(.bss)
    usart4_Rx                                0x2000112c   Data         228  usart_appfcn.o(.bss)
    usart5_Rx                                0x20001210   Data         228  usart_appfcn.o(.bss)
    usart4_Tx                                0x200012f4   Data         228  usart_appfcn.o(.bss)
    __initial_sp                             0x200017d8   Data           0  startup_stm32f103xe.o(STACK)



==============================================================================

Memory Map of the image

  Image Entry point : 0x08000131

  Load Region LR_IROM1 (Base: 0x08000000, Size: 0x0000749c, Max: 0x00040000, ABSOLUTE)

    Execution Region ER_IROM1 (Exec base: 0x08000000, Load base: 0x08000000, Size: 0x00007470, Max: 0x00040000, ABSOLUTE)

    Exec Addr    Load Addr    Size         Type   Attr      Idx    E Section Name        Object

    0x08000000   0x08000000   0x00000130   Data   RO            3    RESET               startup_stm32f103xe.o
    0x08000130   0x08000130   0x00000000   Code   RO         4525  * .ARM.Collect$$$$00000000  mc_w.l(entry.o)
    0x08000130   0x08000130   0x00000004   Code   RO         4835    .ARM.Collect$$$$00000001  mc_w.l(entry2.o)
    0x08000134   0x08000134   0x00000004   Code   RO         4838    .ARM.Collect$$$$00000004  mc_w.l(entry5.o)
    0x08000138   0x08000138   0x00000000   Code   RO         4840    .ARM.Collect$$$$00000008  mc_w.l(entry7b.o)
    0x08000138   0x08000138   0x00000000   Code   RO         4842    .ARM.Collect$$$$0000000A  mc_w.l(entry8b.o)
    0x08000138   0x08000138   0x00000008   Code   RO         4843    .ARM.Collect$$$$0000000B  mc_w.l(entry9a.o)
    0x08000140   0x08000140   0x00000000   Code   RO         4845    .ARM.Collect$$$$0000000D  mc_w.l(entry10a.o)
    0x08000140   0x08000140   0x00000000   Code   RO         4847    .ARM.Collect$$$$0000000F  mc_w.l(entry11a.o)
    0x08000140   0x08000140   0x00000004   Code   RO         4836    .ARM.Collect$$$$00002712  mc_w.l(entry2.o)
    0x08000144   0x08000144   0x00000024   Code   RO            4    .text               startup_stm32f103xe.o
    0x08000168   0x08000168   0x00000020   Code   RO         4528    .text               mc_w.l(llushr.o)
    0x08000188   0x08000188   0x00000024   Code   RO         4530    .text               mc_w.l(memseta.o)
    0x080001ac   0x080001ac   0x000000b0   Code   RO         4793    .text               mf_w.l(fadd.o)
    0x0800025c   0x0800025c   0x00000064   Code   RO         4795    .text               mf_w.l(fmul.o)
    0x080002c0   0x080002c0   0x0000007c   Code   RO         4797    .text               mf_w.l(fdiv.o)
    0x0800033c   0x0800033c   0x00000018   Code   RO         4799    .text               mf_w.l(fscalb.o)
    0x08000354   0x08000354   0x0000014e   Code   RO         4801    .text               mf_w.l(dadd.o)
    0x080004a2   0x080004a2   0x000000e4   Code   RO         4803    .text               mf_w.l(dmul.o)
    0x08000586   0x08000586   0x000000de   Code   RO         4805    .text               mf_w.l(ddiv.o)
    0x08000664   0x08000664   0x0000002e   Code   RO         4807    .text               mf_w.l(dscalb.o)
    0x08000692   0x08000692   0x00000012   Code   RO         4809    .text               mf_w.l(fflti.o)
    0x080006a4   0x080006a4   0x0000000a   Code   RO         4811    .text               mf_w.l(ffltui.o)
    0x080006ae   0x080006ae   0x00000022   Code   RO         4813    .text               mf_w.l(dflti.o)
    0x080006d0   0x080006d0   0x0000001a   Code   RO         4815    .text               mf_w.l(dfltui.o)
    0x080006ea   0x080006ea   0x00000032   Code   RO         4817    .text               mf_w.l(ffixi.o)
    0x0800071c   0x0800071c   0x00000028   Code   RO         4819    .text               mf_w.l(ffixui.o)
    0x08000744   0x08000744   0x0000003e   Code   RO         4821    .text               mf_w.l(dfixi.o)
    0x08000782   0x08000782   0x00000026   Code   RO         4823    .text               mf_w.l(f2d.o)
    0x080007a8   0x080007a8   0x00000030   Code   RO         4825    .text               mf_w.l(cdcmple.o)
    0x080007d8   0x080007d8   0x00000030   Code   RO         4827    .text               mf_w.l(cdrcmple.o)
    0x08000808   0x08000808   0x00000038   Code   RO         4829    .text               mf_w.l(d2f.o)
    0x08000840   0x08000840   0x00000014   Code   RO         4831    .text               mf_w.l(cfcmple.o)
    0x08000854   0x08000854   0x00000014   Code   RO         4833    .text               mf_w.l(cfrcmple.o)
    0x08000868   0x08000868   0x0000002c   Code   RO         4850    .text               mc_w.l(uidiv.o)
    0x08000894   0x08000894   0x0000001e   Code   RO         4854    .text               mc_w.l(llshl.o)
    0x080008b2   0x080008b2   0x00000024   Code   RO         4856    .text               mc_w.l(llsshr.o)
    0x080008d6   0x080008d6   0x00000000   Code   RO         4858    .text               mc_w.l(iusefp.o)
    0x080008d6   0x080008d6   0x0000006e   Code   RO         4859    .text               mf_w.l(fepilogue.o)
    0x08000944   0x08000944   0x000000ba   Code   RO         4861    .text               mf_w.l(depilogue.o)
    0x080009fe   0x080009fe   0x00000002   PAD
    0x08000a00   0x08000a00   0x00000024   Code   RO         4865    .text               mc_w.l(init.o)
    0x08000a24   0x08000a24   0x0000004c   Code   RO          966    i.ADC_ConversionStop_Disable  stm32f1xx_hal_adc.o
    0x08000a70   0x08000a70   0x0000004e   Code   RO          967    i.ADC_DMAConvCplt   stm32f1xx_hal_adc.o
    0x08000abe   0x08000abe   0x0000001a   Code   RO          968    i.ADC_DMAError      stm32f1xx_hal_adc.o
    0x08000ad8   0x08000ad8   0x0000000a   Code   RO          969    i.ADC_DMAHalfConvCplt  stm32f1xx_hal_adc.o
    0x08000ae2   0x08000ae2   0x00000002   PAD
    0x08000ae4   0x08000ae4   0x00000070   Code   RO          970    i.ADC_Enable        stm32f1xx_hal_adc.o
    0x08000b54   0x08000b54   0x00000002   Code   RO          216    i.BusFault_Handler  stm32f1xx_it.o
    0x08000b56   0x08000b56   0x00000002   PAD
    0x08000b58   0x08000b58   0x0000000c   Code   RO          217    i.DMA1_Channel1_IRQHandler  stm32f1xx_it.o
    0x08000b64   0x08000b64   0x0000002a   Code   RO         1620    i.DMA_SetConfig     stm32f1xx_hal_dma.o
    0x08000b8e   0x08000b8e   0x00000002   Code   RO          218    i.DebugMon_Handler  stm32f1xx_it.o
    0x08000b90   0x08000b90   0x00000006   Code   RO          219    i.EXTI2_IRQHandler  stm32f1xx_it.o
    0x08000b96   0x08000b96   0x00000004   Code   RO           13    i.Error_Handler     main.o
    0x08000b9a   0x08000b9a   0x00000002   PAD
    0x08000b9c   0x08000b9c   0x000000c8   Code   RO         1146    i.HAL_ADCEx_Calibration_Start  stm32f1xx_hal_adc_ex.o
    0x08000c64   0x08000c64   0x000000fc   Code   RO          972    i.HAL_ADC_ConfigChannel  stm32f1xx_hal_adc.o
    0x08000d60   0x08000d60   0x00000002   Code   RO          973    i.HAL_ADC_ConvCpltCallback  stm32f1xx_hal_adc.o
    0x08000d62   0x08000d62   0x00000002   Code   RO          974    i.HAL_ADC_ConvHalfCpltCallback  stm32f1xx_hal_adc.o
    0x08000d64   0x08000d64   0x00000002   Code   RO          976    i.HAL_ADC_ErrorCallback  stm32f1xx_hal_adc.o
    0x08000d66   0x08000d66   0x00000002   PAD
    0x08000d68   0x08000d68   0x00000120   Code   RO          981    i.HAL_ADC_Init      stm32f1xx_hal_adc.o
    0x08000e88   0x08000e88   0x000000b4   Code   RO          377    i.HAL_ADC_MspInit   stm32f1xx_hal_msp.o
    0x08000f3c   0x08000f3c   0x0000010c   Code   RO          988    i.HAL_ADC_Start_DMA  stm32f1xx_hal_adc.o
    0x08001048   0x08001048   0x00000002   Code   RO         2223    i.HAL_CAN_ErrorCallback  stm32f1xx_hal_can.o
    0x0800104a   0x0800104a   0x000001fc   Code   RO         2230    i.HAL_CAN_IRQHandler  stm32f1xx_hal_can.o
    0x08001246   0x08001246   0x0000011a   Code   RO         2231    i.HAL_CAN_Init      stm32f1xx_hal_can.o
    0x08001360   0x08001360   0x0000007c   Code   RO          379    i.HAL_CAN_MspInit   stm32f1xx_hal_msp.o
    0x080013dc   0x080013dc   0x00000002   Code   RO         2238    i.HAL_CAN_RxFifo0FullCallback  stm32f1xx_hal_can.o
    0x080013de   0x080013de   0x00000002   Code   RO         2239    i.HAL_CAN_RxFifo0MsgPendingCallback  stm32f1xx_hal_can.o
    0x080013e0   0x080013e0   0x00000002   Code   RO         2240    i.HAL_CAN_RxFifo1FullCallback  stm32f1xx_hal_can.o
    0x080013e2   0x080013e2   0x00000002   Code   RO         2241    i.HAL_CAN_RxFifo1MsgPendingCallback  stm32f1xx_hal_can.o
    0x080013e4   0x080013e4   0x00000002   Code   RO         2242    i.HAL_CAN_SleepCallback  stm32f1xx_hal_can.o
    0x080013e6   0x080013e6   0x00000002   Code   RO         2245    i.HAL_CAN_TxMailbox0AbortCallback  stm32f1xx_hal_can.o
    0x080013e8   0x080013e8   0x00000002   Code   RO         2246    i.HAL_CAN_TxMailbox0CompleteCallback  stm32f1xx_hal_can.o
    0x080013ea   0x080013ea   0x00000002   Code   RO         2247    i.HAL_CAN_TxMailbox1AbortCallback  stm32f1xx_hal_can.o
    0x080013ec   0x080013ec   0x00000002   Code   RO         2248    i.HAL_CAN_TxMailbox1CompleteCallback  stm32f1xx_hal_can.o
    0x080013ee   0x080013ee   0x00000002   Code   RO         2249    i.HAL_CAN_TxMailbox2AbortCallback  stm32f1xx_hal_can.o
    0x080013f0   0x080013f0   0x00000002   Code   RO         2250    i.HAL_CAN_TxMailbox2CompleteCallback  stm32f1xx_hal_can.o
    0x080013f2   0x080013f2   0x00000002   Code   RO         2252    i.HAL_CAN_WakeUpFromRxMsgCallback  stm32f1xx_hal_can.o
    0x080013f4   0x080013f4   0x00000022   Code   RO         2455    i.HAL_CRC_Init      stm32f1xx_hal_crc.o
    0x08001416   0x08001416   0x00000002   PAD
    0x08001418   0x08001418   0x00000028   Code   RO          381    i.HAL_CRC_MspInit   stm32f1xx_hal_msp.o
    0x08001440   0x08001440   0x0000004e   Code   RO         2514    i.HAL_DAC_ConfigChannel  stm32f1xx_hal_dac.o
    0x0800148e   0x0800148e   0x00000028   Code   RO         2524    i.HAL_DAC_Init      stm32f1xx_hal_dac.o
    0x080014b6   0x080014b6   0x00000002   PAD
    0x080014b8   0x080014b8   0x00000058   Code   RO          383    i.HAL_DAC_MspInit   stm32f1xx_hal_msp.o
    0x08001510   0x08001510   0x0000001a   Code   RO         2527    i.HAL_DAC_SetValue  stm32f1xx_hal_dac.o
    0x0800152a   0x0800152a   0x0000005c   Code   RO         2528    i.HAL_DAC_Start     stm32f1xx_hal_dac.o
    0x08001586   0x08001586   0x00000002   PAD
    0x08001588   0x08001588   0x00000130   Code   RO         1622    i.HAL_DMA_Abort_IT  stm32f1xx_hal_dma.o
    0x080016b8   0x080016b8   0x00000006   Code   RO         1625    i.HAL_DMA_GetState  stm32f1xx_hal_dma.o
    0x080016be   0x080016be   0x00000002   PAD
    0x080016c0   0x080016c0   0x00000248   Code   RO         1626    i.HAL_DMA_IRQHandler  stm32f1xx_hal_dma.o
    0x08001908   0x08001908   0x0000007c   Code   RO         1627    i.HAL_DMA_Init      stm32f1xx_hal_dma.o
    0x08001984   0x08001984   0x00000070   Code   RO         1631    i.HAL_DMA_Start_IT  stm32f1xx_hal_dma.o
    0x080019f4   0x080019f4   0x00000024   Code   RO         1249    i.HAL_Delay         stm32f1xx_hal.o
    0x08001a18   0x08001a18   0x00000002   Code   RO          558    i.HAL_GPIO_EXTI_Callback  digital_io.o
    0x08001a1a   0x08001a1a   0x00000002   PAD
    0x08001a1c   0x08001a1c   0x00000018   Code   RO         1556    i.HAL_GPIO_EXTI_IRQHandler  stm32f1xx_hal_gpio.o
    0x08001a34   0x08001a34   0x000001f8   Code   RO         1557    i.HAL_GPIO_Init     stm32f1xx_hal_gpio.o
    0x08001c2c   0x08001c2c   0x0000000a   Code   RO         1559    i.HAL_GPIO_ReadPin  stm32f1xx_hal_gpio.o
    0x08001c36   0x08001c36   0x00000010   Code   RO         1560    i.HAL_GPIO_TogglePin  stm32f1xx_hal_gpio.o
    0x08001c46   0x08001c46   0x0000000a   Code   RO         1561    i.HAL_GPIO_WritePin  stm32f1xx_hal_gpio.o
    0x08001c50   0x08001c50   0x0000000c   Code   RO         1253    i.HAL_GetTick       stm32f1xx_hal.o
    0x08001c5c   0x08001c5c   0x00000002   Code   RO         2739    i.HAL_I2C_AbortCpltCallback  stm32f1xx_hal_i2c.o
    0x08001c5e   0x08001c5e   0x00000002   Code   RO         2740    i.HAL_I2C_AddrCallback  stm32f1xx_hal_i2c.o
    0x08001c60   0x08001c60   0x000000c4   Code   RO         2743    i.HAL_I2C_ER_IRQHandler  stm32f1xx_hal_i2c.o
    0x08001d24   0x08001d24   0x00000266   Code   RO         2744    i.HAL_I2C_EV_IRQHandler  stm32f1xx_hal_i2c.o
    0x08001f8a   0x08001f8a   0x00000002   Code   RO         2746    i.HAL_I2C_ErrorCallback  stm32f1xx_hal_i2c.o
    0x08001f8c   0x08001f8c   0x00000188   Code   RO         2750    i.HAL_I2C_Init      stm32f1xx_hal_i2c.o
    0x08002114   0x08002114   0x00000002   Code   RO         2752    i.HAL_I2C_ListenCpltCallback  stm32f1xx_hal_i2c.o
    0x08002116   0x08002116   0x00000002   Code   RO         2753    i.HAL_I2C_MasterRxCpltCallback  stm32f1xx_hal_i2c.o
    0x08002118   0x08002118   0x00000002   Code   RO         2754    i.HAL_I2C_MasterTxCpltCallback  stm32f1xx_hal_i2c.o
    0x0800211a   0x0800211a   0x00000002   Code   RO         2766    i.HAL_I2C_MemRxCpltCallback  stm32f1xx_hal_i2c.o
    0x0800211c   0x0800211c   0x00000002   Code   RO         2767    i.HAL_I2C_MemTxCpltCallback  stm32f1xx_hal_i2c.o
    0x0800211e   0x0800211e   0x00000002   PAD
    0x08002120   0x08002120   0x00000080   Code   RO          385    i.HAL_I2C_MspInit   stm32f1xx_hal_msp.o
    0x080021a0   0x080021a0   0x00000002   Code   RO         2776    i.HAL_I2C_SlaveRxCpltCallback  stm32f1xx_hal_i2c.o
    0x080021a2   0x080021a2   0x00000002   Code   RO         2777    i.HAL_I2C_SlaveTxCpltCallback  stm32f1xx_hal_i2c.o
    0x080021a4   0x080021a4   0x00000052   Code   RO         3166    i.HAL_IWDG_Init     stm32f1xx_hal_iwdg.o
    0x080021f6   0x080021f6   0x00000002   PAD
    0x080021f8   0x080021f8   0x00000010   Code   RO         1259    i.HAL_IncTick       stm32f1xx_hal.o
    0x08002208   0x08002208   0x00000024   Code   RO         1260    i.HAL_Init          stm32f1xx_hal.o
    0x0800222c   0x0800222c   0x00000040   Code   RO         1261    i.HAL_InitTick      stm32f1xx_hal.o
    0x0800226c   0x0800226c   0x0000003c   Code   RO          386    i.HAL_MspInit       stm32f1xx_hal_msp.o
    0x080022a8   0x080022a8   0x0000001a   Code   RO         1717    i.HAL_NVIC_EnableIRQ  stm32f1xx_hal_cortex.o
    0x080022c2   0x080022c2   0x00000002   PAD
    0x080022c4   0x080022c4   0x00000040   Code   RO         1723    i.HAL_NVIC_SetPriority  stm32f1xx_hal_cortex.o
    0x08002304   0x08002304   0x00000024   Code   RO         1724    i.HAL_NVIC_SetPriorityGrouping  stm32f1xx_hal_cortex.o
    0x08002328   0x08002328   0x000000d4   Code   RO         1519    i.HAL_RCCEx_GetPeriphCLKFreq  stm32f1xx_hal_rcc_ex.o
    0x080023fc   0x080023fc   0x000000ec   Code   RO         1520    i.HAL_RCCEx_PeriphCLKConfig  stm32f1xx_hal_rcc_ex.o
    0x080024e8   0x080024e8   0x0000012c   Code   RO         1417    i.HAL_RCC_ClockConfig  stm32f1xx_hal_rcc.o
    0x08002614   0x08002614   0x00000020   Code   RO         1424    i.HAL_RCC_GetPCLK1Freq  stm32f1xx_hal_rcc.o
    0x08002634   0x08002634   0x00000020   Code   RO         1425    i.HAL_RCC_GetPCLK2Freq  stm32f1xx_hal_rcc.o
    0x08002654   0x08002654   0x0000006c   Code   RO         1426    i.HAL_RCC_GetSysClockFreq  stm32f1xx_hal_rcc.o
    0x080026c0   0x080026c0   0x00000320   Code   RO         1429    i.HAL_RCC_OscConfig  stm32f1xx_hal_rcc.o
    0x080029e0   0x080029e0   0x00000028   Code   RO         1728    i.HAL_SYSTICK_Config  stm32f1xx_hal_cortex.o
    0x08002a08   0x08002a08   0x00000002   Code   RO         3902    i.HAL_TIMEx_BreakCallback  stm32f1xx_hal_tim_ex.o
    0x08002a0a   0x08002a0a   0x00000002   Code   RO         3903    i.HAL_TIMEx_CommutCallback  stm32f1xx_hal_tim_ex.o
    0x08002a0c   0x08002a0c   0x0000007c   Code   RO         3921    i.HAL_TIMEx_MasterConfigSynchronization  stm32f1xx_hal_tim_ex.o
    0x08002a88   0x08002a88   0x0000005a   Code   RO         3198    i.HAL_TIM_Base_Init  stm32f1xx_hal_tim.o
    0x08002ae2   0x08002ae2   0x00000002   PAD
    0x08002ae4   0x08002ae4   0x000000d8   Code   RO          388    i.HAL_TIM_Base_MspInit  stm32f1xx_hal_msp.o
    0x08002bbc   0x08002bbc   0x0000006c   Code   RO         3203    i.HAL_TIM_Base_Start_IT  stm32f1xx_hal_tim.o
    0x08002c28   0x08002c28   0x000000d6   Code   RO         3207    i.HAL_TIM_ConfigClockSource  stm32f1xx_hal_tim.o
    0x08002cfe   0x08002cfe   0x000000a4   Code   RO         3219    i.HAL_TIM_Encoder_Init  stm32f1xx_hal_tim.o
    0x08002da2   0x08002da2   0x00000002   PAD
    0x08002da4   0x08002da4   0x00000080   Code   RO          390    i.HAL_TIM_Encoder_MspInit  stm32f1xx_hal_msp.o
    0x08002e24   0x08002e24   0x0000008e   Code   RO         3222    i.HAL_TIM_Encoder_Start  stm32f1xx_hal_tim.o
    0x08002eb2   0x08002eb2   0x00000002   Code   RO         3232    i.HAL_TIM_IC_CaptureCallback  stm32f1xx_hal_tim.o
    0x08002eb4   0x08002eb4   0x00000166   Code   RO         3246    i.HAL_TIM_IRQHandler  stm32f1xx_hal_tim.o
    0x0800301a   0x0800301a   0x00000002   Code   RO         3249    i.HAL_TIM_OC_DelayElapsedCallback  stm32f1xx_hal_tim.o
    0x0800301c   0x0800301c   0x00000002   Code   RO         3276    i.HAL_TIM_PWM_PulseFinishedCallback  stm32f1xx_hal_tim.o
    0x0800301e   0x0800301e   0x00000002   PAD
    0x08003020   0x08003020   0x000000a0   Code   RO          810    i.HAL_TIM_PeriodElapsedCallback  timer_appfcn.o
    0x080030c0   0x080030c0   0x00000002   Code   RO         3289    i.HAL_TIM_TriggerCallback  stm32f1xx_hal_tim.o
    0x080030c2   0x080030c2   0x00000002   Code   RO         4190    i.HAL_UART_ErrorCallback  stm32f1xx_hal_uart.o
    0x080030c4   0x080030c4   0x0000015c   Code   RO         4193    i.HAL_UART_IRQHandler  stm32f1xx_hal_uart.o
    0x08003220   0x08003220   0x00000062   Code   RO         4194    i.HAL_UART_Init     stm32f1xx_hal_uart.o
    0x08003282   0x08003282   0x00000002   PAD
    0x08003284   0x08003284   0x00000144   Code   RO          392    i.HAL_UART_MspInit  stm32f1xx_hal_msp.o
    0x080033c8   0x080033c8   0x00000052   Code   RO         4199    i.HAL_UART_Receive_IT  stm32f1xx_hal_uart.o
    0x0800341a   0x0800341a   0x00000002   PAD
    0x0800341c   0x0800341c   0x00000080   Code   RO          863    i.HAL_UART_RxCpltCallback  usart_appfcn.o
    0x0800349c   0x0800349c   0x000000b2   Code   RO         4202    i.HAL_UART_Transmit  stm32f1xx_hal_uart.o
    0x0800354e   0x0800354e   0x00000002   Code   RO         4205    i.HAL_UART_TxCpltCallback  stm32f1xx_hal_uart.o
    0x08003550   0x08003550   0x00000002   Code   RO          220    i.HardFault_Handler  stm32f1xx_it.o
    0x08003552   0x08003552   0x00000002   PAD
    0x08003554   0x08003554   0x0000000c   Code   RO          221    i.I2C2_ER_IRQHandler  stm32f1xx_it.o
    0x08003560   0x08003560   0x0000000c   Code   RO          222    i.I2C2_EV_IRQHandler  stm32f1xx_it.o
    0x0800356c   0x0800356c   0x000000bc   Code   RO         2788    i.I2C_DMAAbort      stm32f1xx_hal_i2c.o
    0x08003628   0x08003628   0x00000158   Code   RO         2791    i.I2C_ITError       stm32f1xx_hal_i2c.o
    0x08003780   0x08003780   0x000000d2   Code   RO         2793    i.I2C_MasterReceive_BTF  stm32f1xx_hal_i2c.o
    0x08003852   0x08003852   0x00000002   PAD
    0x08003854   0x08003854   0x000000e8   Code   RO         2794    i.I2C_MasterReceive_RXNE  stm32f1xx_hal_i2c.o
    0x0800393c   0x0800393c   0x00000074   Code   RO         2797    i.I2C_MasterTransmit_BTF  stm32f1xx_hal_i2c.o
    0x080039b0   0x080039b0   0x000000b6   Code   RO         2798    i.I2C_MasterTransmit_TXE  stm32f1xx_hal_i2c.o
    0x08003a66   0x08003a66   0x00000002   PAD
    0x08003a68   0x08003a68   0x00000158   Code   RO         2799    i.I2C_Master_ADDR   stm32f1xx_hal_i2c.o
    0x08003bc0   0x08003bc0   0x0000008c   Code   RO         2800    i.I2C_Master_SB     stm32f1xx_hal_i2c.o
    0x08003c4c   0x08003c4c   0x000000a0   Code   RO         2801    i.I2C_MemoryTransmit_TXE_BTF  stm32f1xx_hal_i2c.o
    0x08003cec   0x08003cec   0x00000084   Code   RO         2804    i.I2C_Slave_AF      stm32f1xx_hal_i2c.o
    0x08003d70   0x08003d70   0x0000015c   Code   RO         2805    i.I2C_Slave_STOPF   stm32f1xx_hal_i2c.o
    0x08003ecc   0x08003ecc   0x000000a4   Code   RO           14    i.MX_ADC1_Init      main.o
    0x08003f70   0x08003f70   0x00000040   Code   RO           15    i.MX_CAN_Init       main.o
    0x08003fb0   0x08003fb0   0x00000118   Code   RO           16    i.MX_GPIO_Init      main.o
    0x080040c8   0x080040c8   0x00000068   Code   RO           17    i.MX_TIM2_Init      main.o
    0x08004130   0x08004130   0x00000070   Code   RO           18    i.MX_TIM3_Init      main.o
    0x080041a0   0x080041a0   0x00000068   Code   RO           19    i.MX_TIM4_Init      main.o
    0x08004208   0x08004208   0x0000006c   Code   RO           20    i.MX_TIM5_Init      main.o
    0x08004274   0x08004274   0x0000006c   Code   RO           21    i.MX_TIM8_Init      main.o
    0x080042e0   0x080042e0   0x00000002   Code   RO          223    i.MemManage_Handler  stm32f1xx_it.o
    0x080042e2   0x080042e2   0x00000002   Code   RO          224    i.NMI_Handler       stm32f1xx_it.o
    0x080042e4   0x080042e4   0x00000002   Code   RO          225    i.PendSV_Handler    stm32f1xx_it.o
    0x080042e6   0x080042e6   0x00000002   Code   RO          226    i.SVC_Handler       stm32f1xx_it.o
    0x080042e8   0x080042e8   0x00000004   Code   RO          227    i.SysTick_Handler   stm32f1xx_it.o
    0x080042ec   0x080042ec   0x00000080   Code   RO           22    i.SystemClock_Config  main.o
    0x0800436c   0x0800436c   0x00000002   Code   RO         4491    i.SystemInit        system_stm32f1xx.o
    0x0800436e   0x0800436e   0x00000002   PAD
    0x08004370   0x08004370   0x0000000c   Code   RO          228    i.TIM2_IRQHandler   stm32f1xx_it.o
    0x0800437c   0x0800437c   0x0000000c   Code   RO          229    i.TIM3_IRQHandler   stm32f1xx_it.o
    0x08004388   0x08004388   0x0000000c   Code   RO          230    i.TIM4_IRQHandler   stm32f1xx_it.o
    0x08004394   0x08004394   0x0000000c   Code   RO          231    i.TIM5_IRQHandler   stm32f1xx_it.o
    0x080043a0   0x080043a0   0x0000000c   Code   RO          232    i.TIM6_IRQHandler   stm32f1xx_it.o
    0x080043ac   0x080043ac   0x0000000c   Code   RO          233    i.TIM8_UP_IRQHandler  stm32f1xx_it.o
    0x080043b8   0x080043b8   0x0000008c   Code   RO         3291    i.TIM_Base_SetConfig  stm32f1xx_hal_tim.o
    0x08004444   0x08004444   0x0000001a   Code   RO         3292    i.TIM_CCxChannelCmd  stm32f1xx_hal_tim.o
    0x0800445e   0x0800445e   0x00000014   Code   RO         3302    i.TIM_ETR_SetConfig  stm32f1xx_hal_tim.o
    0x08004472   0x08004472   0x00000010   Code   RO         3303    i.TIM_ITRx_SetConfig  stm32f1xx_hal_tim.o
    0x08004482   0x08004482   0x00000022   Code   RO         3309    i.TIM_TI1_ConfigInputStage  stm32f1xx_hal_tim.o
    0x080044a4   0x080044a4   0x00000024   Code   RO         3311    i.TIM_TI2_ConfigInputStage  stm32f1xx_hal_tim.o
    0x080044c8   0x080044c8   0x0000000c   Code   RO          234    i.UART4_IRQHandler  stm32f1xx_it.o
    0x080044d4   0x080044d4   0x0000000c   Code   RO          235    i.UART5_IRQHandler  stm32f1xx_it.o
    0x080044e0   0x080044e0   0x00000010   Code   RO         4207    i.UART_DMAAbortOnError  stm32f1xx_hal_uart.o
    0x080044f0   0x080044f0   0x0000001c   Code   RO         4217    i.UART_EndRxTransfer  stm32f1xx_hal_uart.o
    0x0800450c   0x0800450c   0x0000008c   Code   RO         4219    i.UART_Receive_IT   stm32f1xx_hal_uart.o
    0x08004598   0x08004598   0x000000b8   Code   RO         4220    i.UART_SetConfig    stm32f1xx_hal_uart.o
    0x08004650   0x08004650   0x00000064   Code   RO         4221    i.UART_WaitOnFlagUntilTimeout  stm32f1xx_hal_uart.o
    0x080046b4   0x080046b4   0x0000000c   Code   RO          236    i.USART2_IRQHandler  stm32f1xx_it.o
    0x080046c0   0x080046c0   0x0000000c   Code   RO          237    i.USB_LP_CAN1_RX0_IRQHandler  stm32f1xx_it.o
    0x080046cc   0x080046cc   0x00000002   Code   RO          238    i.UsageFault_Handler  stm32f1xx_it.o
    0x080046ce   0x080046ce   0x00000002   PAD
    0x080046d0   0x080046d0   0x00000028   Code   RO         4689    i.__0sprintf$6      mc_w.l(printf6.o)
    0x080046f8   0x080046f8   0x00000020   Code   RO         1730    i.__NVIC_SetPriority  stm32f1xx_hal_cortex.o
    0x08004718   0x08004718   0x0000000e   Code   RO         4869    i.__scatterload_copy  mc_w.l(handlers.o)
    0x08004726   0x08004726   0x00000002   Code   RO         4870    i.__scatterload_null  mc_w.l(handlers.o)
    0x08004728   0x08004728   0x0000000e   Code   RO         4871    i.__scatterload_zeroinit  mc_w.l(handlers.o)
    0x08004736   0x08004736   0x00000002   PAD
    0x08004738   0x08004738   0x000002f0   Code   RO         4694    i._printf_core      mc_w.l(printf6.o)
    0x08004a28   0x08004a28   0x00000024   Code   RO         4695    i._printf_post_padding  mc_w.l(printf6.o)
    0x08004a4c   0x08004a4c   0x0000002e   Code   RO         4696    i._printf_pre_padding  mc_w.l(printf6.o)
    0x08004a7a   0x08004a7a   0x0000000a   Code   RO         4698    i._sputc            mc_w.l(printf6.o)
    0x08004a84   0x08004a84   0x00000024   Code   RO          559    i.eDI_EventDetect   digital_io.o
    0x08004aa8   0x08004aa8   0x00000054   Code   RO          608    i.fLPF_Run          filter.o
    0x08004afc   0x08004afc   0x000000ba   Code   RO          641    i.fPI_Run           machinecontrol.o
    0x08004bb6   0x08004bb6   0x0000006a   Code   RO          497    i.fRampFcnGen       analog_io.o
    0x08004c20   0x08004c20   0x000007c8   Code   RO           24    i.main              main.o
    0x080053e8   0x080053e8   0x000000c0   Code   RO          498    i.vAdc_DataInit     analog_io.o
    0x080054a8   0x080054a8   0x000002b4   Code   RO          499    i.vAdc_Data_Handle  analog_io.o
    0x0800575c   0x0800575c   0x00000020   Code   RO          500    i.vDAC_Init         analog_io.o
    0x0800577c   0x0800577c   0x00000068   Code   RO          501    i.vDAC_Write        analog_io.o
    0x080057e4   0x080057e4   0x000000e4   Code   RO          560    i.vDIO_Init         digital_io.o
    0x080058c8   0x080058c8   0x00000060   Code   RO          642    i.vDIO_Task         machinecontrol.o
    0x08005928   0x08005928   0x000000d0   Code   RO          561    i.vDI_Scan          digital_io.o
    0x080059f8   0x080059f8   0x000000b8   Code   RO          609    i.vLPF_Init         filter.o
    0x08005ab0   0x08005ab0   0x000000a4   Code   RO          643    i.vMachineParameterConfig  machinecontrol.o
    0x08005b54   0x08005b54   0x0000099c   Code   RO          712    i.vNEXTION_DisplayHandle  nextion.o
    0x080064f0   0x080064f0   0x00000008   Code   RO          713    i.vNEXTION_Init     nextion.o
    0x080064f8   0x080064f8   0x00000030   Code   RO          714    i.vNEXTION_RecvRetNumHandle  nextion.o
    0x08006528   0x08006528   0x00000048   Code   RO          717    i.vNEXTION_SendString  nextion.o
    0x08006570   0x08006570   0x000000bc   Code   RO          718    i.vNEXTION_SendVal  nextion.o
    0x0800662c   0x0800662c   0x0000009a   Code   RO          644    i.vPI_Init          machinecontrol.o
    0x080066c6   0x080066c6   0x0000001a   Code   RO          776    i.vQEI_Config       qei.o
    0x080066e0   0x080066e0   0x0000014c   Code   RO          777    i.vRPM_Cal          qei.o
    0x0800682c   0x0800682c   0x00000076   Code   RO          502    i.vRamp_Config      analog_io.o
    0x080068a2   0x080068a2   0x00000002   PAD
    0x080068a4   0x080068a4   0x000005d0   Code   RO          646    i.vStateMachine     machinecontrol.o
    0x08006e74   0x08006e74   0x00000100   Code   RO          647    i.vStateMachineConfig  machinecontrol.o
    0x08006f74   0x08006f74   0x00000044   Code   RO          811    i.vTim_Scan         timer_appfcn.o
    0x08006fb8   0x08006fb8   0x0000001a   Code   RO          812    i.vTim_Start        timer_appfcn.o
    0x08006fd2   0x08006fd2   0x0000000c   Code   RO          813    i.vTim_Stop         timer_appfcn.o
    0x08006fde   0x08006fde   0x0000001e   Code   RO          864    i.vUSART_RxTimeOutHandle  usart_appfcn.o
    0x08006ffc   0x08006ffc   0x00000110   Code   RO          865    i.vUsart4_RxHandle  usart_appfcn.o
    0x0800710c   0x0800710c   0x000001a0   Code   RO          866    i.vUsart5_rxHandle  usart_appfcn.o
    0x080072ac   0x080072ac   0x00000034   Code   RO          867    i.vUsart_DataInit   usart_appfcn.o
    0x080072e0   0x080072e0   0x00000158   Code   RO          868    i.vUsart_Read       usart_appfcn.o
    0x08007438   0x08007438   0x00000010   Data   RO         4492    .constdata          system_stm32f1xx.o
    0x08007448   0x08007448   0x00000008   Data   RO         4493    .constdata          system_stm32f1xx.o
    0x08007450   0x08007450   0x00000020   Data   RO         4867    Region$$Table       anon$$obj.o


    Execution Region RW_IRAM1 (Exec base: 0x20000000, Load base: 0x08007470, Size: 0x000017d8, Max: 0x0000c000, ABSOLUTE)

    Exec Addr    Load Addr    Size         Type   Attr      Idx    E Section Name        Object

    0x20000000   0x08007470   0x00000010   Data   RW           27    .data               main.o
    0x20000010   0x08007480   0x0000000a   Data   RW          820    .data               timer_appfcn.o
    0x2000001a   0x0800748a   0x00000002   Data   RW          821    .data               timer_appfcn.o
    0x2000001c   0x0800748c   0x0000000c   Data   RW         1267    .data               stm32f1xx_hal.o
    0x20000028   0x08007498   0x00000004   Data   RW         4494    .data               system_stm32f1xx.o
    0x2000002c        -       0x0000033c   Zero   RW           25    .bss                main.o
    0x20000368        -       0x00000044   Zero   RW           26    .bss                main.o
    0x200003ac        -       0x00000104   Zero   RW          503    .bss                analog_io.o
    0x200004b0        -       0x0000001c   Zero   RW          505    .bss                analog_io.o
    0x200004cc        -       0x00000018   Zero   RW          562    .bss                digital_io.o
    0x200004e4        -       0x000003c0   Zero   RW          610    .bss                filter.o
    0x200008a4        -       0x000001c0   Zero   RW          648    .bss                machinecontrol.o
    0x20000a64        -       0x00000120   Zero   RW          719    .bss                nextion.o
    0x20000b84        -       0x00000014   Zero   RW          778    .bss                qei.o
    0x20000b98        -       0x000000c8   Zero   RW          814    .bss                timer_appfcn.o
    0x20000c60        -       0x000000c8   Zero   RW          815    .bss                timer_appfcn.o
    0x20000d28        -       0x000000c8   Zero   RW          816    .bss                timer_appfcn.o
    0x20000df0        -       0x000000c8   Zero   RW          817    .bss                timer_appfcn.o
    0x20000eb8        -       0x000000c8   Zero   RW          818    .bss                timer_appfcn.o
    0x20000f80        -       0x000000c8   Zero   RW          819    .bss                timer_appfcn.o
    0x20001048        -       0x000002ac   Zero   RW          871    .bss                usart_appfcn.o
    0x200012f4        -       0x000000e4   Zero   RW          872    .bss                usart_appfcn.o
    0x200013d8        -       0x00000400   Zero   RW            1    STACK               startup_stm32f103xe.o


==============================================================================

Image component sizes


      Code (inc. data)   RO Data    RW Data    ZI Data      Debug   Object Name

      1244         64          0          0        288       4951   analog_io.o
       474         22          0          0         24       2992   digital_io.o
       268         14          0          0        960       1875   filter.o
      2344        236          0          0        448       6641   machinecontrol.o
      3168        374          0         16        896     550884   main.o
      2776        856          0          0        288       5290   nextion.o
       358         14          0          0         20       1993   qei.o
        36          8        304          0       1024        844   startup_stm32f103xe.o
       164         28          0         12          0       6849   stm32f1xx_hal.o
      1116         58          0          0          0       9086   stm32f1xx_hal_adc.o
       200          6          0          0          0       1502   stm32f1xx_hal_adc_ex.o
       816          0          0          0          0      10315   stm32f1xx_hal_can.o
       198         14          0          0          0      29199   stm32f1xx_hal_cortex.o
        34          0          0          0          0       1115   stm32f1xx_hal_crc.o
       236          0          0          0          0       3554   stm32f1xx_hal_dac.o
      1172         52          0          0          0       5305   stm32f1xx_hal_dma.o
       564         48          0          0          0       4991   stm32f1xx_hal_gpio.o
      3618         54          0          0          0      22481   stm32f1xx_hal_i2c.o
        82          0          0          0          0       1268   stm32f1xx_hal_iwdg.o
      1288        150          0          0          0       7316   stm32f1xx_hal_msp.o
      1272        100          0          0          0       5452   stm32f1xx_hal_rcc.o
       448         44          0          0          0       2693   stm32f1xx_hal_rcc_ex.o
      1356         40          0          0          0      12912   stm32f1xx_hal_tim.o
       128         20          0          0          0       2545   stm32f1xx_hal_tim_ex.o
      1178         10          0          0          0       9463   stm32f1xx_hal_uart.o
       182         78          0          0          0      10964   stm32f1xx_it.o
         2          0         24          4          0       1247   system_stm32f1xx.o
       266         42          0         12       1200       3906   timer_appfcn.o
      1242         76          0          0        912       6335   usart_appfcn.o

    ----------------------------------------------------------------------
     26276       2408        360         44       6060     733968   Object Totals
         0          0         32          0          0          0   (incl. Generated)
        46          0          0          0          0          0   (incl. Padding)

    ----------------------------------------------------------------------

      Code (inc. data)   RO Data    RW Data    ZI Data      Debug   Library Member Name

         0          0          0          0          0          0   entry.o
         0          0          0          0          0          0   entry10a.o
         0          0          0          0          0          0   entry11a.o
         8          4          0          0          0          0   entry2.o
         4          0          0          0          0          0   entry5.o
         0          0          0          0          0          0   entry7b.o
         0          0          0          0          0          0   entry8b.o
         8          4          0          0          0          0   entry9a.o
        30          0          0          0          0          0   handlers.o
        36          8          0          0          0         68   init.o
         0          0          0          0          0          0   iusefp.o
        30          0          0          0          0         68   llshl.o
        36          0          0          0          0         68   llsshr.o
        32          0          0          0          0         68   llushr.o
        36          0          0          0          0        108   memseta.o
       884         10          0          0          0        420   printf6.o
        44          0          0          0          0         80   uidiv.o
        48          0          0          0          0         68   cdcmple.o
        48          0          0          0          0         68   cdrcmple.o
        20          0          0          0          0         68   cfcmple.o
        20          0          0          0          0         68   cfrcmple.o
        56          0          0          0          0         88   d2f.o
       334          0          0          0          0        148   dadd.o
       222          0          0          0          0        100   ddiv.o
       186          0          0          0          0        176   depilogue.o
        62          0          0          0          0         80   dfixi.o
        34          0          0          0          0         76   dflti.o
        26          0          0          0          0         76   dfltui.o
       228          0          0          0          0         96   dmul.o
        46          0          0          0          0         80   dscalb.o
        38          0          0          0          0         68   f2d.o
       176          0          0          0          0        140   fadd.o
       124          0          0          0          0         88   fdiv.o
       110          0          0          0          0        168   fepilogue.o
        50          0          0          0          0         68   ffixi.o
        40          0          0          0          0         68   ffixui.o
        18          0          0          0          0         68   fflti.o
        10          0          0          0          0         68   ffltui.o
       100          0          0          0          0         76   fmul.o
        24          0          0          0          0         68   fscalb.o

    ----------------------------------------------------------------------
      3172         26          0          0          0       2952   Library Totals
         4          0          0          0          0          0   (incl. Padding)

    ----------------------------------------------------------------------

      Code (inc. data)   RO Data    RW Data    ZI Data      Debug   Library Name

      1148         26          0          0          0        880   mc_w.l
      2020          0          0          0          0       2072   mf_w.l

    ----------------------------------------------------------------------
      3172         26          0          0          0       2952   Library Totals

    ----------------------------------------------------------------------

==============================================================================


      Code (inc. data)   RO Data    RW Data    ZI Data      Debug   

     29448       2434        360         44       6060     725528   Grand Totals
     29448       2434        360         44       6060     725528   ELF Image Totals
     29448       2434        360         44          0          0   ROM Totals

==============================================================================

    Total RO  Size (Code + RO Data)                29808 (  29.11kB)
    Total RW  Size (RW Data + ZI Data)              6104 (   5.96kB)
    Total ROM Size (Code + RO Data + RW Data)      29852 (  29.15kB)

==============================================================================

