Component: ARM Compiler 5.06 update 6 (build 750) Tool: armlink [4d35ed]

==============================================================================

Section Cross References

    startup_stm32f103xe.o(RESET) refers to startup_stm32f103xe.o(STACK) for __initial_sp
    startup_stm32f103xe.o(RESET) refers to startup_stm32f103xe.o(.text) for Reset_Handler
    startup_stm32f103xe.o(RESET) refers to stm32f1xx_it.o(i.NMI_Handler) for NMI_Handler
    startup_stm32f103xe.o(RESET) refers to stm32f1xx_it.o(i.HardFault_Handler) for HardFault_Handler
    startup_stm32f103xe.o(RESET) refers to stm32f1xx_it.o(i.MemManage_Handler) for MemManage_Handler
    startup_stm32f103xe.o(RESET) refers to stm32f1xx_it.o(i.BusFault_Handler) for BusFault_Handler
    startup_stm32f103xe.o(RESET) refers to stm32f1xx_it.o(i.UsageFault_Handler) for UsageFault_Handler
    startup_stm32f103xe.o(RESET) refers to stm32f1xx_it.o(i.SVC_Handler) for SVC_Handler
    startup_stm32f103xe.o(RESET) refers to stm32f1xx_it.o(i.DebugMon_Handler) for DebugMon_Handler
    startup_stm32f103xe.o(RESET) refers to stm32f1xx_it.o(i.PendSV_Handler) for PendSV_Handler
    startup_stm32f103xe.o(RESET) refers to stm32f1xx_it.o(i.SysTick_Handler) for SysTick_Handler
    startup_stm32f103xe.o(RESET) refers to stm32f1xx_it.o(i.EXTI2_IRQHandler) for EXTI2_IRQHandler
    startup_stm32f103xe.o(RESET) refers to stm32f1xx_it.o(i.DMA1_Channel1_IRQHandler) for DMA1_Channel1_IRQHandler
    startup_stm32f103xe.o(RESET) refers to stm32f1xx_it.o(i.USB_LP_CAN1_RX0_IRQHandler) for USB_LP_CAN1_RX0_IRQHandler
    startup_stm32f103xe.o(RESET) refers to stm32f1xx_it.o(i.TIM2_IRQHandler) for TIM2_IRQHandler
    startup_stm32f103xe.o(RESET) refers to stm32f1xx_it.o(i.TIM3_IRQHandler) for TIM3_IRQHandler
    startup_stm32f103xe.o(RESET) refers to stm32f1xx_it.o(i.TIM4_IRQHandler) for TIM4_IRQHandler
    startup_stm32f103xe.o(RESET) refers to stm32f1xx_it.o(i.I2C2_EV_IRQHandler) for I2C2_EV_IRQHandler
    startup_stm32f103xe.o(RESET) refers to stm32f1xx_it.o(i.I2C2_ER_IRQHandler) for I2C2_ER_IRQHandler
    startup_stm32f103xe.o(RESET) refers to stm32f1xx_it.o(i.USART2_IRQHandler) for USART2_IRQHandler
    startup_stm32f103xe.o(RESET) refers to stm32f1xx_it.o(i.TIM8_UP_IRQHandler) for TIM8_UP_IRQHandler
    startup_stm32f103xe.o(RESET) refers to stm32f1xx_it.o(i.TIM5_IRQHandler) for TIM5_IRQHandler
    startup_stm32f103xe.o(RESET) refers to stm32f1xx_it.o(i.UART4_IRQHandler) for UART4_IRQHandler
    startup_stm32f103xe.o(RESET) refers to stm32f1xx_it.o(i.UART5_IRQHandler) for UART5_IRQHandler
    startup_stm32f103xe.o(RESET) refers to stm32f1xx_it.o(i.TIM6_IRQHandler) for TIM6_IRQHandler
    startup_stm32f103xe.o(.text) refers to system_stm32f1xx.o(i.SystemInit) for SystemInit
    startup_stm32f103xe.o(.text) refers to entry.o(.ARM.Collect$$$$00000000) for __main
    userappfcn.o(i.GPIO_Test) refers to stm32f1xx_hal_gpio.o(i.HAL_GPIO_WritePin) for HAL_GPIO_WritePin
    userappfcn.o(i.GPIO_Test) refers to userappfcn.o(.bss) for .bss
    userappfcn.o(i.HAL_GPIO_EXTI_Callback) refers to userappfcn.o(.bss) for .bss
    userappfcn.o(i.HAL_TIM_PeriodElapsedCallback) refers to userappfcn.o(i.vRPM_Cal) for vRPM_Cal
    userappfcn.o(i.HAL_TIM_PeriodElapsedCallback) refers to userappfcn.o(i.vStateMachine) for vStateMachine
    userappfcn.o(i.HAL_TIM_PeriodElapsedCallback) refers to stm32f1xx_hal_adc.o(i.HAL_ADC_Start_DMA) for HAL_ADC_Start_DMA
    userappfcn.o(i.HAL_TIM_PeriodElapsedCallback) refers to userappfcn.o(i.vAdc_Data_Handle) for vAdc_Data_Handle
    userappfcn.o(i.HAL_TIM_PeriodElapsedCallback) refers to userappfcn.o(.data) for .data
    userappfcn.o(i.HAL_TIM_PeriodElapsedCallback) refers to userappfcn.o(.bss) for .bss
    userappfcn.o(i.HAL_TIM_PeriodElapsedCallback) refers to main.o(.bss) for hadc1
    userappfcn.o(i.HAL_UART_RxCpltCallback) refers to userappfcn.o(i.vUsart_Read) for vUsart_Read
    userappfcn.o(i.HAL_UART_RxCpltCallback) refers to stm32f1xx_hal_uart.o(i.HAL_UART_Receive_IT) for HAL_UART_Receive_IT
    userappfcn.o(i.HAL_UART_RxCpltCallback) refers to userappfcn.o(.bss) for .bss
    userappfcn.o(i.HAL_UART_RxCpltCallback) refers to main.o(.bss) for huart2
    userappfcn.o(i.fLPF_Run) refers to fmul.o(.text) for __aeabi_fmul
    userappfcn.o(i.fLPF_Run) refers to fadd.o(.text) for __aeabi_fsub
    userappfcn.o(i.fPI_Run) refers to fadd.o(.text) for __aeabi_fsub
    userappfcn.o(i.fPI_Run) refers to fdiv.o(.text) for __aeabi_fdiv
    userappfcn.o(i.fPI_Run) refers to fmul.o(.text) for __aeabi_fmul
    userappfcn.o(i.fPI_Run) refers to cfrcmple.o(.text) for __aeabi_cfrcmple
    userappfcn.o(i.fPI_Run) refers to cfcmple.o(.text) for __aeabi_cfcmple
    userappfcn.o(i.fRampFcnGen) refers to fadd.o(.text) for __aeabi_fadd
    userappfcn.o(i.fRampFcnGen) refers to cfcmple.o(.text) for __aeabi_cfcmple
    userappfcn.o(i.fRampFcnGen) refers to cfrcmple.o(.text) for __aeabi_cfrcmple
    userappfcn.o(i.vAdc_DataInit) refers to fmul.o(.text) for __aeabi_fmul
[...]
    i.HAL_TIM_Base_Start_IT                  0x08002a30   Section        0  stm32f1xx_hal_tim.o(i.HAL_TIM_Base_Start_IT)
    i.HAL_TIM_ConfigClockSource              0x08002a9c   Section        0  stm32f1xx_hal_tim.o(i.HAL_TIM_ConfigClockSource)
    i.HAL_TIM_Encoder_Init                   0x08002b72   Section        0  stm32f1xx_hal_tim.o(i.HAL_TIM_Encoder_Init)
    i.HAL_TIM_Encoder_MspInit                0x08002c18   Section        0  stm32f1xx_hal_msp.o(i.HAL_TIM_Encoder_MspInit)
    i.HAL_TIM_Encoder_Start                  0x08002c94   Section        0  stm32f1xx_hal_tim.o(i.HAL_TIM_Encoder_Start)
    i.HAL_TIM_IC_CaptureCallback             0x08002d22   Section        0  stm32f1xx_hal_tim.o(i.HAL_TIM_IC_CaptureCallback)
    i.HAL_TIM_IRQHandler                     0x08002d24   Section        0  stm32f1xx_hal_tim.o(i.HAL_TIM_IRQHandler)
    i.HAL_TIM_OC_DelayElapsedCallback        0x08002e8a   Section        0  stm32f1xx_hal_tim.o(i.HAL_TIM_OC_DelayElapsedCallback)
    i.HAL_TIM_PWM_PulseFinishedCallback      0x08002e8c   Section        0  stm32f1xx_hal_tim.o(i.HAL_TIM_PWM_PulseFinishedCallback)
    i.HAL_TIM_PeriodElapsedCallback          0x08002e90   Section        0  userappfcn.o(i.HAL_TIM_PeriodElapsedCallback)
    i.HAL_TIM_TriggerCallback                0x08002f2c   Section        0  stm32f1xx_hal_tim.o(i.HAL_TIM_TriggerCallback)
    i.HAL_UART_ErrorCallback                 0x08002f2e   Section        0  stm32f1xx_hal_uart.o(i.HAL_UART_ErrorCallback)
    i.HAL_UART_IRQHandler                    0x08002f30   Section        0  stm32f1xx_hal_uart.o(i.HAL_UART_IRQHandler)
    i.HAL_UART_Init                          0x0800308c   Section        0  stm32f1xx_hal_uart.o(i.HAL_UART_Init)
    i.HAL_UART_MspInit                       0x080030f0   Section        0  stm32f1xx_hal_msp.o(i.HAL_UART_MspInit)
    i.HAL_UART_Receive_IT                    0x08003234   Section        0  stm32f1xx_hal_uart.o(i.HAL_UART_Receive_IT)
    i.HAL_UART_RxCpltCallback                0x08003288   Section        0  userappfcn.o(i.HAL_UART_RxCpltCallback)
    i.HAL_UART_Transmit                      0x08003308   Section        0  stm32f1xx_hal_uart.o(i.HAL_UART_Transmit)
    i.HAL_UART_TxCpltCallback                0x080033ba   Section        0  stm32f1xx_hal_uart.o(i.HAL_UART_TxCpltCallback)
    i.HardFault_Handler                      0x080033bc   Section        0  stm32f1xx_it.o(i.HardFault_Handler)
    i.I2C2_ER_IRQHandler                     0x080033c0   Section        0  stm32f1xx_it.o(i.I2C2_ER_IRQHandler)
    i.I2C2_EV_IRQHandler                     0x080033cc   Section        0  stm32f1xx_it.o(i.I2C2_EV_IRQHandler)
    i.I2C_DMAAbort                           0x080033d8   Section        0  stm32f1xx_hal_i2c.o(i.I2C_DMAAbort)
    I2C_DMAAbort                             0x080033d9   Thumb Code   182  stm32f1xx_hal_i2c.o(i.I2C_DMAAbort)
    i.I2C_ITError                            0x08003494   Section        0  stm32f1xx_hal_i2c.o(i.I2C_ITError)
    I2C_ITError                              0x08003495   Thumb Code   336  stm32f1xx_hal_i2c.o(i.I2C_ITError)
    i.I2C_MasterReceive_BTF                  0x080035ec   Section        0  stm32f1xx_hal_i2c.o(i.I2C_MasterReceive_BTF)
    I2C_MasterReceive_BTF                    0x080035ed   Thumb Code   210  stm32f1xx_hal_i2c.o(i.I2C_MasterReceive_BTF)
    i.I2C_MasterReceive_RXNE                 0x080036c0   Section        0  stm32f1xx_hal_i2c.o(i.I2C_MasterReceive_RXNE)
    I2C_MasterReceive_RXNE                   0x080036c1   Thumb Code   228  stm32f1xx_hal_i2c.o(i.I2C_MasterReceive_RXNE)
    i.I2C_MasterTransmit_BTF                 0x080037a8   Section        0  stm32f1xx_hal_i2c.o(i.I2C_MasterTransmit_BTF)
    I2C_MasterTransmit_BTF                   0x080037a9   Thumb Code   116  stm32f1xx_hal_i2c.o(i.I2C_MasterTransmit_BTF)
    i.I2C_MasterTransmit_TXE                 0x0800381c   Section        0  stm32f1xx_hal_i2c.o(i.I2C_MasterTransmit_TXE)
    I2C_MasterTransmit_TXE                   0x0800381d   Thumb Code   182  stm32f1xx_hal_i2c.o(i.I2C_MasterTransmit_TXE)
    i.I2C_Master_ADDR                        0x080038d4   Section        0  stm32f1xx_hal_i2c.o(i.I2C_Master_ADDR)
    I2C_Master_ADDR                          0x080038d5   Thumb Code   340  stm32f1xx_hal_i2c.o(i.I2C_Master_ADDR)
    i.I2C_Master_SB                          0x08003a2c   Section        0  stm32f1xx_hal_i2c.o(i.I2C_Master_SB)
    I2C_Master_SB                            0x08003a2d   Thumb Code   140  stm32f1xx_hal_i2c.o(i.I2C_Master_SB)
    i.I2C_MemoryTransmit_TXE_BTF             0x08003ab8   Section        0  stm32f1xx_hal_i2c.o(i.I2C_MemoryTransmit_TXE_BTF)
    I2C_MemoryTransmit_TXE_BTF               0x08003ab9   Thumb Code   160  stm32f1xx_hal_i2c.o(i.I2C_MemoryTransmit_TXE_BTF)
    i.I2C_Slave_AF                           0x08003b58   Section        0  stm32f1xx_hal_i2c.o(i.I2C_Slave_AF)
    I2C_Slave_AF                             0x08003b59   Thumb Code   126  stm32f1xx_hal_i2c.o(i.I2C_Slave_AF)
    i.I2C_Slave_STOPF                        0x08003bdc   Section        0  stm32f1xx_hal_i2c.o(i.I2C_Slave_STOPF)
    I2C_Slave_STOPF                          0x08003bdd   Thumb Code   338  stm32f1xx_hal_i2c.o(i.I2C_Slave_STOPF)
    i.MX_ADC1_Init                           0x08003d38   Section        0  main.o(i.MX_ADC1_Init)
    MX_ADC1_Init                             0x08003d39   Thumb Code   156  main.o(i.MX_ADC1_Init)
    i.MX_CAN_Init                            0x08003ddc   Section        0  main.o(i.MX_CAN_Init)
    MX_CAN_Init                              0x08003ddd   Thumb Code    56  main.o(i.MX_CAN_Init)
    i.MX_GPIO_Init                           0x08003e1c   Section        0  main.o(i.MX_GPIO_Init)
    MX_GPIO_Init                             0x08003e1d   Thumb Code   308  main.o(i.MX_GPIO_Init)
    i.MX_TIM2_Init                           0x08003f64   Section        0  main.o(i.MX_TIM2_Init)
    MX_TIM2_Init                             0x08003f65   Thumb Code    98  main.o(i.MX_TIM2_Init)
    i.MX_TIM3_Init                           0x08003fcc   Section        0  main.o(i.MX_TIM3_Init)
    MX_TIM3_Init                             0x08003fcd   Thumb Code   100  main.o(i.MX_TIM3_Init)
    i.MX_TIM4_Init                           0x08004038   Section        0  main.o(i.MX_TIM4_Init)
    MX_TIM4_Init                             0x08004039   Thumb Code    96  main.o(i.MX_TIM4_Init)
    i.MX_TIM5_Init                           0x080040a0   Section        0  main.o(i.MX_TIM5_Init)
    MX_TIM5_Init                             0x080040a1   Thumb Code    98  main.o(i.MX_TIM5_Init)
    i.MX_TIM8_Init                           0x0800410c   Section        0  main.o(i.MX_TIM8_Init)
    MX_TIM8_Init                             0x0800410d   Thumb Code    98  main.o(i.MX_TIM8_Init)
    i.MemManage_Handler                      0x08004178   Section        0  stm32f1xx_it.o(i.MemManage_Handler)
    i.NMI_Handler                            0x0800417a   Section        0  stm32f1xx_it.o(i.NMI_Handler)
    i.PendSV_Handler                         0x0800417c   Section        0  stm32f1xx_it.o(i.PendSV_Handler)
    i.SVC_Handler                            0x0800417e   Section        0  stm32f1xx_it.o(i.SVC_Handler)
    i.SysTick_Handler                        0x08004180   Section        0  stm32f1xx_it.o(i.SysTick_Handler)
    i.SystemClock_Config                     0x08004184   Section        0  main.o(i.SystemClock_Config)
    i.SystemInit                             0x08004204   Section        0  system_stm32f1xx.o(i.SystemInit)
    i.TIM2_IRQHandler                        0x08004208   Section        0  stm32f1xx_it.o(i.TIM2_IRQHandler)
    i.TIM3_IRQHandler                        0x08004214   Section        0  stm32f1xx_it.o(i.TIM3_IRQHandler)
    i.TIM4_IRQHandler                        0x08004220   Section        0  stm32f1xx_it.o(i.TIM4_IRQHandler)
    i.TIM5_IRQHandler                        0x0800422c   Section        0  stm32f1xx_it.o(i.TIM5_IRQHandler)
    i.TIM6_IRQHandler                        0x08004238   Section        0  stm32f1xx_it.o(i.TIM6_IRQHandler)
    i.TIM8_UP_IRQHandler                     0x08004244   Section        0  stm32f1xx_it.o(i.TIM8_UP_IRQHandler)
    i.TIM_Base_SetConfig                     0x08004250   Section        0  stm32f1xx_hal_tim.o(i.TIM_Base_SetConfig)
    i.TIM_CCxChannelCmd                      0x080042dc   Section        0  stm32f1xx_hal_tim.o(i.TIM_CCxChannelCmd)
    i.TIM_ETR_SetConfig                      0x080042f6   Section        0  stm32f1xx_hal_tim.o(i.TIM_ETR_SetConfig)
    i.TIM_ITRx_SetConfig                     0x0800430a   Section        0  stm32f1xx_hal_tim.o(i.TIM_ITRx_SetConfig)
    TIM_ITRx_SetConfig                       0x0800430b   Thumb Code    16  stm32f1xx_hal_tim.o(i.TIM_ITRx_SetConfig)
    i.TIM_TI1_ConfigInputStage               0x0800431a   Section        0  stm32f1xx_hal_tim.o(i.TIM_TI1_ConfigInputStage)
    TIM_TI1_ConfigInputStage                 0x0800431b   Thumb Code    34  stm32f1xx_hal_tim.o(i.TIM_TI1_ConfigInputStage)
    i.TIM_TI2_ConfigInputStage               0x0800433c   Section        0  stm32f1xx_hal_tim.o(i.TIM_TI2_ConfigInputStage)
    TIM_TI2_ConfigInputStage                 0x0800433d   Thumb Code    36  stm32f1xx_hal_tim.o(i.TIM_TI2_ConfigInputStage)
    i.UART4_IRQHandler                       0x08004360   Section        0  stm32f1xx_it.o(i.UART4_IRQHandler)
    i.UART5_IRQHandler                       0x0800436c   Section        0  stm32f1xx_it.o(i.UART5_IRQHandler)
    i.UART_DMAAbortOnError                   0x08004378   Section        0  stm32f1xx_hal_uart.o(i.UART_DMAAbortOnError)
    UART_DMAAbortOnError                     0x08004379   Thumb Code    16  stm32f1xx_hal_uart.o(i.UART_DMAAbortOnError)
    i.UART_EndRxTransfer                     0x08004388   Section        0  stm32f1xx_hal_uart.o(i.UART_EndRxTransfer)
    UART_EndRxTransfer                       0x08004389   Thumb Code    28  stm32f1xx_hal_uart.o(i.UART_EndRxTransfer)
    i.UART_Receive_IT                        0x080043a4   Section        0  stm32f1xx_hal_uart.o(i.UART_Receive_IT)
    UART_Receive_IT                          0x080043a5   Thumb Code   140  stm32f1xx_hal_uart.o(i.UART_Receive_IT)
    i.UART_SetConfig                         0x08004430   Section        0  stm32f1xx_hal_uart.o(i.UART_SetConfig)
    UART_SetConfig                           0x08004431   Thumb Code   178  stm32f1xx_hal_uart.o(i.UART_SetConfig)
    i.UART_WaitOnFlagUntilTimeout            0x080044e8   Section        0  stm32f1xx_hal_uart.o(i.UART_WaitOnFlagUntilTimeout)
    UART_WaitOnFlagUntilTimeout              0x080044e9   Thumb Code   100  stm32f1xx_hal_uart.o(i.UART_WaitOnFlagUntilTimeout)
    i.USART2_IRQHandler                      0x0800454c   Section        0  stm32f1xx_it.o(i.USART2_IRQHandler)
    i.USB_LP_CAN1_RX0_IRQHandler             0x08004558   Section        0  stm32f1xx_it.o(i.USB_LP_CAN1_RX0_IRQHandler)
    i.UsageFault_Handler                     0x08004564   Section        0  stm32f1xx_it.o(i.UsageFault_Handler)
    i.__0sprintf$6                           0x08004568   Section        0  printf6.o(i.__0sprintf$6)
    i.__NVIC_SetPriority                     0x08004590   Section        0  stm32f1xx_hal_cortex.o(i.__NVIC_SetPriority)
    __NVIC_SetPriority                       0x08004591   Thumb Code    32  stm32f1xx_hal_cortex.o(i.__NVIC_SetPriority)
    i.__scatterload_copy                     0x080045b0   Section       14  handlers.o(i.__scatterload_copy)
    i.__scatterload_null                     0x080045be   Section        2  handlers.o(i.__scatterload_null)
    i.__scatterload_zeroinit                 0x080045c0   Section       14  handlers.o(i.__scatterload_zeroinit)
    i._printf_core                           0x080045d0   Section        0  printf6.o(i._printf_core)
    _printf_core                             0x080045d1   Thumb Code   748  printf6.o(i._printf_core)
    i._printf_post_padding                   0x080048c0   Section        0  printf6.o(i._printf_post_padding)
    _printf_post_padding                     0x080048c1   Thumb Code    36  printf6.o(i._printf_post_padding)
    i._printf_pre_padding                    0x080048e4   Section        0  printf6.o(i._printf_pre_padding)
    _printf_pre_padding                      0x080048e5   Thumb Code    46  printf6.o(i._printf_pre_padding)
    i._sputc                                 0x08004912   Section        0  printf6.o(i._sputc)
    _sputc                                   0x08004913   Thumb Code    10  printf6.o(i._sputc)
    i.eDI_EventDetect                        0x0800491c   Section        0  userappfcn.o(i.eDI_EventDetect)
    i.fLPF_Run                               0x08004940   Section        0  userappfcn.o(i.fLPF_Run)
    i.fPI_Run                                0x08004994   Section        0  userappfcn.o(i.fPI_Run)
    i.fRampFcnGen                            0x08004a1a   Section        0  userappfcn.o(i.fRampFcnGen)
    i.main                                   0x08004a84   Section        0  main.o(i.main)
    i.vAdc_DataInit                          0x080051bc   Section        0  userappfcn.o(i.vAdc_DataInit)
    i.vAdc_Data_Handle                       0x08005274   Section        0  userappfcn.o(i.vAdc_Data_Handle)
    i.vDAC_Init                              0x080054e8   Section        0  userappfcn.o(i.vDAC_Init)
    i.vDAC_Write                             0x08005508   Section        0  userappfcn.o(i.vDAC_Write)
    i.vDIO_Init                              0x08005570   Section        0  userappfcn.o(i.vDIO_Init)
    i.vDIO_Task                              0x08005654   Section        0  userappfcn.o(i.vDIO_Task)
    i.vDI_Scan                               0x080056c0   Section        0  userappfcn.o(i.vDI_Scan)
    i.vLPF_Init                              0x08005790   Section        0  userappfcn.o(i.vLPF_Init)
    i.vMachineParameterConfig                0x08005848   Section        0  userappfcn.o(i.vMachineParameterConfig)
    i.vNEXTION_DisplayHandle                 0x08005870   Section        0  userappfcn.o(i.vNEXTION_DisplayHandle)
    i.vNEXTION_Init                          0x08005fec   Section        0  userappfcn.o(i.vNEXTION_Init)
    i.vNEXTION_RecvRetNumHandle              0x08005ff4   Section        0  userappfcn.o(i.vNEXTION_RecvRetNumHandle)
    i.vNEXTION_SendString                    0x08006030   Section        0  userappfcn.o(i.vNEXTION_SendString)
    i.vNEXTION_SendVal                       0x08006078   Section        0  userappfcn.o(i.vNEXTION_SendVal)
    i.vPI_Init                               0x08006134   Section        0  userappfcn.o(i.vPI_Init)
    i.vQEI_Config                            0x0800619c   Section        0  userappfcn.o(i.vQEI_Config)
    i.vRPM_Cal                               0x080061bc   Section        0  userappfcn.o(i.vRPM_Cal)
    i.vRamp_Config                           0x08006290   Section        0  userappfcn.o(i.vRamp_Config)
    i.vStateMachine                          0x080062f8   Section        0  userappfcn.o(i.vStateMachine)
    i.vStateMachineConfig                    0x080065d0   Section        0  userappfcn.o(i.vStateMachineConfig)
    i.vTim_Scan                              0x08006688   Section        0  userappfcn.o(i.vTim_Scan)
    i.vTim_Start                             0x080066cc   Section        0  userappfcn.o(i.vTim_Start)
    i.vTim_Stop                              0x080066e6   Section        0  userappfcn.o(i.vTim_Stop)
    i.vUSART_RxTimeOutHandle                 0x080066f2   Section        0  userappfcn.o(i.vUSART_RxTimeOutHandle)
    i.vUsart5_rxHandle                       0x08006710   Section        0  userappfcn.o(i.vUsart5_rxHandle)
    i.vUsart_DataInit                        0x08006878   Section        0  userappfcn.o(i.vUsart_DataInit)
    i.vUsart_Read                            0x080068ac   Section        0  userappfcn.o(i.vUsart_Read)
    i.vUsart_TxHandle                        0x080069f4   Section        0  userappfcn.o(i.vUsart_TxHandle)
    .constdata                               0x08006c84   Section       16  system_stm32f1xx.o(.constdata)
    .constdata                               0x08006c94   Section        8  system_stm32f1xx.o(.constdata)
    .data                                    0x20000000   Section       10  userappfcn.o(.data)
    .data                                    0x2000000a   Section        2  userappfcn.o(.data)
    .data                                    0x2000000c   Section       16  main.o(.data)
    Cnt                                      0x20000010   Data           4  main.o(.data)
    .data                                    0x2000001c   Section       12  stm32f1xx_hal.o(.data)
    .data                                    0x20000028   Section        4  system_stm32f1xx.o(.data)
    .bss                                     0x2000002c   Section     2704  userappfcn.o(.bss)
    .bss                                     0x20000abc   Section      200  userappfcn.o(.bss)
    .bss                                     0x20000b84   Section      200  userappfcn.o(.bss)
    .bss                                     0x20000c4c   Section      200  userappfcn.o(.bss)
    .bss                                     0x20000d14   Section      200  userappfcn.o(.bss)
    .bss                                     0x20000ddc   Section      200  userappfcn.o(.bss)
    .bss                                     0x20000ea4   Section      228  userappfcn.o(.bss)
    .bss                                     0x20000f88   Section       36  userappfcn.o(.bss)
    .bss                                     0x20000fac   Section      828  main.o(.bss)
    .bss                                     0x200012e8   Section       68  main.o(.bss)
    STACK                                    0x20001330   Section     1024  startup_stm32f103xe.o(STACK)

    Global Symbols

    Symbol Name                              Value     Ov Type        Size  Object(Section)

    BuildAttributes$$THM_ISAv4$P$D$K$B$S$PE$A:L22UL41UL21$X:L11$S22US41US21$IEEE1$IW$USESV6$~STKCKD$USESV7$~SHL$OTIME$ROPI$EBA8$MICROLIB$REQ8$PRES8$EABIv2 0x00000000   Number         0  anon$$obj.o ABSOLUTE
    __ARM_use_no_argv                        0x00000000   Number         0  main.o ABSOLUTE
    _printf_a                                0x00000000   Number         0  stubs.o ABSOLUTE
    _printf_c                                0x00000000   Number         0  stubs.o ABSOLUTE
    _printf_charcount                        0x00000000   Number         0  stubs.o ABSOLUTE
    _printf_d                                0x00000000   Number         0  stubs.o ABSOLUTE
    _printf_e                                0x00000000   Number         0  stubs.o ABSOLUTE
    _printf_f                                0x00000000   Number         0  stubs.o ABSOLUTE
    _printf_flags                            0x00000000   Number         0  stubs.o ABSOLUTE
    _printf_fp_dec                           0x00000000   Number         0  stubs.o ABSOLUTE
    _printf_fp_hex                           0x00000000   Number         0  stubs.o ABSOLUTE
    _printf_g                                0x00000000   Number         0  stubs.o ABSOLUTE
    _printf_i                                0x00000000   Number         0  stubs.o ABSOLUTE
    _printf_int_dec                          0x00000000   Number         0  stubs.o ABSOLUTE
    _printf_l                                0x00000000   Number         0  stubs.o ABSOLUTE
    _printf_lc                               0x00000000   Number         0  stubs.o ABSOLUTE
    _printf_ll                               0x00000000   Number         0  stubs.o ABSOLUTE
    _printf_lld                              0x00000000   Number         0  stubs.o ABSOLUTE
    _printf_lli                              0x00000000   Number         0  stubs.o ABSOLUTE
    _printf_llo                              0x00000000   Number         0  stubs.o ABSOLUTE
    _printf_llu                              0x00000000   Number         0  stubs.o ABSOLUTE
    _printf_llx                              0x00000000   Number         0  stubs.o ABSOLUTE
    _printf_longlong_dec                     0x00000000   Number         0  stubs.o ABSOLUTE
    _printf_longlong_hex                     0x00000000   Number         0  stubs.o ABSOLUTE
    _printf_longlong_oct                     0x00000000   Number         0  stubs.o ABSOLUTE
    _printf_ls                               0x00000000   Number         0  stubs.o ABSOLUTE
    _printf_mbtowc                           0x00000000   Number         0  stubs.o ABSOLUTE
    _printf_n                                0x00000000   Number         0  stubs.o ABSOLUTE
    _printf_o                                0x00000000   Number         0  stubs.o ABSOLUTE
    _printf_p                                0x00000000   Number         0  stubs.o ABSOLUTE
    _printf_percent                          0x00000000   Number         0  stubs.o ABSOLUTE
    _printf_pre_padding                      0x00000000   Number         0  stubs.o ABSOLUTE
    _printf_return_value                     0x00000000   Number         0  stubs.o ABSOLUTE
    _printf_s                                0x00000000   Number         0  stubs.o ABSOLUTE
    _printf_sizespec                         0x00000000   Number         0  stubs.o ABSOLUTE
    _printf_str                              0x00000000   Number         0  stubs.o ABSOLUTE
    _printf_truncate_signed                  0x00000000   Number         0  stubs.o ABSOLUTE
    _printf_truncate_unsigned                0x00000000   Number         0  stubs.o ABSOLUTE
    _printf_u                                0x00000000   Number         0  stubs.o ABSOLUTE
    _printf_wc                               0x00000000   Number         0  stubs.o ABSOLUTE
    _printf_wctomb                           0x00000000   Number         0  stubs.o ABSOLUTE
    _printf_widthprec                        0x00000000   Number         0  stubs.o ABSOLUTE
    _printf_x                                0x00000000   Number         0  stubs.o ABSOLUTE
    __cpp_initialize__aeabi_                  - Undefined Weak Reference
    __cxa_finalize                            - Undefined Weak Reference
    __decompress                              - Undefined Weak Reference
    _clock_init                               - Undefined Weak Reference
    _microlib_exit                            - Undefined Weak Reference
    __Vectors_Size                           0x00000130   Number         0  startup_stm32f103xe.o ABSOLUTE
    __Vectors                                0x08000000   Data           4  startup_stm32f103xe.o(RESET)
    __Vectors_End                            0x08000130   Data           0  startup_stm32f103xe.o(RESET)
    __main                                   0x08000131   Thumb Code     0  entry.o(.ARM.Collect$$$$00000000)
    _main_stk                                0x08000131   Thumb Code     0  entry2.o(.ARM.Collect$$$$00000001)
    _main_scatterload                        0x08000135   Thumb Code     0  entry5.o(.ARM.Collect$$$$00000004)
    __main_after_scatterload                 0x08000139   Thumb Code     0  entry5.o(.ARM.Collect$$$$00000004)
    _main_clock                              0x08000139   Thumb Code     0  entry7b.o(.ARM.Collect$$$$00000008)
    _main_cpp_init                           0x08000139   Thumb Code     0  entry8b.o(.ARM.Collect$$$$0000000A)
    _main_init                               0x08000139   Thumb Code     0  entry9a.o(.ARM.Collect$$$$0000000B)
    __rt_final_cpp                           0x08000141   Thumb Code     0  entry10a.o(.ARM.Collect$$$$0000000D)
    __rt_final_exit                          0x08000141   Thumb Code     0  entry11a.o(.ARM.Collect$$$$0000000F)
    Reset_Handler                            0x08000145   Thumb Code     8  startup_stm32f103xe.o(.text)
    ADC1_2_IRQHandler                        0x0800015f   Thumb Code     0  startup_stm32f103xe.o(.text)
    ADC3_IRQHandler                          0x0800015f   Thumb Code     0  startup_stm32f103xe.o(.text)
    CAN1_RX1_IRQHandler                      0x0800015f   Thumb Code     0  startup_stm32f103xe.o(.text)
    CAN1_SCE_IRQHandler                      0x0800015f   Thumb Code     0  startup_stm32f103xe.o(.text)
    DMA1_Channel2_IRQHandler                 0x0800015f   Thumb Code     0  startup_stm32f103xe.o(.text)
    DMA1_Channel3_IRQHandler                 0x0800015f   Thumb Code     0  startup_stm32f103xe.o(.text)
    DMA1_Channel4_IRQHandler                 0x0800015f   Thumb Code     0  startup_stm32f103xe.o(.text)
    DMA1_Channel5_IRQHandler                 0x0800015f   Thumb Code     0  startup_stm32f103xe.o(.text)
    DMA1_Channel6_IRQHandler                 0x0800015f   Thumb Code     0  startup_stm32f103xe.o(.text)
    DMA1_Channel7_IRQHandler                 0x0800015f   Thumb Code     0  startup_stm32f103xe.o(.text)
    DMA2_Channel1_IRQHandler                 0x0800015f   Thumb Code     0  startup_stm32f103xe.o(.text)
    DMA2_Channel2_IRQHandler                 0x0800015f   Thumb Code     0  startup_stm32f103xe.o(.text)
    DMA2_Channel3_IRQHandler                 0x0800015f   Thumb Code     0  startup_stm32f103xe.o(.text)
    DMA2_Channel4_5_IRQHandler               0x0800015f   Thumb Code     0  startup_stm32f103xe.o(.text)
    EXTI0_IRQHandler                         0x0800015f   Thumb Code     0  startup_stm32f103xe.o(.text)
    EXTI15_10_IRQHandler                     0x0800015f   Thumb Code     0  startup_stm32f103xe.o(.text)
    EXTI1_IRQHandler                         0x0800015f   Thumb Code     0  startup_stm32f103xe.o(.text)
    EXTI3_IRQHandler                         0x0800015f   Thumb Code     0  startup_stm32f103xe.o(.text)
    EXTI4_IRQHandler                         0x0800015f   Thumb Code     0  startup_stm32f103xe.o(.text)
    EXTI9_5_IRQHandler                       0x0800015f   Thumb Code     0  startup_stm32f103xe.o(.text)
    FLASH_IRQHandler                         0x0800015f   Thumb Code     0  startup_stm32f103xe.o(.text)
    FSMC_IRQHandler                          0x0800015f   Thumb Code     0  startup_stm32f103xe.o(.text)
    I2C1_ER_IRQHandler                       0x0800015f   Thumb Code     0  startup_stm32f103xe.o(.text)
    I2C1_EV_IRQHandler                       0x0800015f   Thumb Code     0  startup_stm32f103xe.o(.text)
    PVD_IRQHandler                           0x0800015f   Thumb Code     0  startup_stm32f103xe.o(.text)
    RCC_IRQHandler                           0x0800015f   Thumb Code     0  startup_stm32f103xe.o(.text)
    RTC_Alarm_IRQHandler                     0x0800015f   Thumb Code     0  startup_stm32f103xe.o(.text)
    RTC_IRQHandler                           0x0800015f   Thumb Code     0  startup_stm32f103xe.o(.text)
    SDIO_IRQHandler                          0x0800015f   Thumb Code     0  startup_stm32f103xe.o(.text)
    SPI1_IRQHandler                          0x0800015f   Thumb Code     0  startup_stm32f103xe.o(.text)
    SPI2_IRQHandler                          0x0800015f   Thumb Code     0  startup_stm32f103xe.o(.text)
    SPI3_IRQHandler                          0x0800015f   Thumb Code     0  startup_stm32f103xe.o(.text)
    TAMPER_IRQHandler                        0x0800015f   Thumb Code     0  startup_stm32f103xe.o(.text)
    TIM1_BRK_IRQHandler                      0x0800015f   Thumb Code     0  startup_stm32f103xe.o(.text)
    TIM1_CC_IRQHandler                       0x0800015f   Thumb Code     0  startup_stm32f103xe.o(.text)
    TIM1_TRG_COM_IRQHandler                  0x0800015f   Thumb Code     0  startup_stm32f103xe.o(.text)
    TIM1_UP_IRQHandler                       0x0800015f   Thumb Code     0  startup_stm32f103xe.o(.text)
    TIM7_IRQHandler                          0x0800015f   Thumb Code     0  startup_stm32f103xe.o(.text)
    TIM8_BRK_IRQHandler                      0x0800015f   Thumb Code     0  startup_stm32f103xe.o(.text)
    TIM8_CC_IRQHandler                       0x0800015f   Thumb Code     0  startup_stm32f103xe.o(.text)
    TIM8_TRG_COM_IRQHandler                  0x0800015f   Thumb Code     0  startup_stm32f103xe.o(.text)
    USART1_IRQHandler                        0x0800015f   Thumb Code     0  startup_stm32f103xe.o(.text)
    USART3_IRQHandler                        0x0800015f   Thumb Code     0  startup_stm32f103xe.o(.text)
    USBWakeUp_IRQHandler                     0x0800015f   Thumb Code     0  startup_stm32f103xe.o(.text)
    USB_HP_CAN1_TX_IRQHandler                0x0800015f   Thumb Code     0  startup_stm32f103xe.o(.text)
    WWDG_IRQHandler                          0x0800015f   Thumb Code     0  startup_stm32f103xe.o(.text)
    __aeabi_llsr                             0x08000169   Thumb Code    32  llushr.o(.text)
    _ll_ushift_r                             0x08000169   Thumb Code     0  llushr.o(.text)
    __aeabi_memset                           0x08000189   Thumb Code    14  memseta.o(.text)
    __aeabi_memset4                          0x08000189   Thumb Code     0  memseta.o(.text)
    __aeabi_memset8                          0x08000189   Thumb Code     0  memseta.o(.text)
    __aeabi_memclr                           0x08000197   Thumb Code     4  memseta.o(.text)
    __aeabi_memclr4                          0x08000197   Thumb Code     0  memseta.o(.text)
    __aeabi_memclr8                          0x08000197   Thumb Code     0  memseta.o(.text)
    _memset$wrapper                          0x0800019b   Thumb Code    18  memseta.o(.text)
    __aeabi_fadd                             0x080001ad   Thumb Code   164  fadd.o(.text)
    __aeabi_fsub                             0x08000251   Thumb Code     6  fadd.o(.text)
    __aeabi_frsub                            0x08000257   Thumb Code     6  fadd.o(.text)
    __aeabi_fmul                             0x0800025d   Thumb Code   100  fmul.o(.text)
    __aeabi_fdiv                             0x080002c1   Thumb Code   124  fdiv.o(.text)
    __ARM_scalbnf                            0x0800033d   Thumb Code    24  fscalb.o(.text)
    scalbnf                                  0x0800033d   Thumb Code     0  fscalb.o(.text)
    __aeabi_dmul                             0x08000355   Thumb Code   228  dmul.o(.text)
    __aeabi_ddiv                             0x08000439   Thumb Code   222  ddiv.o(.text)
    __ARM_scalbn                             0x08000517   Thumb Code    46  dscalb.o(.text)
    scalbn                                   0x08000517   Thumb Code     0  dscalb.o(.text)
    __aeabi_i2f                              0x08000545   Thumb Code    18  fflti.o(.text)
    __aeabi_ui2f                             0x08000557   Thumb Code    10  ffltui.o(.text)
    __aeabi_ui2d                             0x08000561   Thumb Code    26  dfltui.o(.text)
    __aeabi_f2iz                             0x0800057b   Thumb Code    50  ffixi.o(.text)
    __aeabi_f2uiz                            0x080005ad   Thumb Code    40  ffixui.o(.text)
    __aeabi_d2uiz                            0x080005d5   Thumb Code    50  dfixui.o(.text)
    __aeabi_f2d                              0x08000607   Thumb Code    38  f2d.o(.text)
    __aeabi_cdcmpeq                          0x0800062d   Thumb Code     0  cdcmple.o(.text)
    __aeabi_cdcmple                          0x0800062d   Thumb Code    48  cdcmple.o(.text)
    __aeabi_cdrcmple                         0x0800065d   Thumb Code    48  cdrcmple.o(.text)
    __aeabi_d2f                              0x0800068d   Thumb Code    56  d2f.o(.text)
    __aeabi_cfcmpeq                          0x080006c5   Thumb Code     0  cfcmple.o(.text)
    __aeabi_cfcmple                          0x080006c5   Thumb Code    20  cfcmple.o(.text)
    __aeabi_cfrcmple                         0x080006d9   Thumb Code    20  cfrcmple.o(.text)
    __aeabi_uidiv                            0x080006ed   Thumb Code     0  uidiv.o(.text)
    __aeabi_uidivmod                         0x080006ed   Thumb Code    44  uidiv.o(.text)
    __I$use$fp                               0x08000719   Thumb Code     0  iusefp.o(.text)
    _float_round                             0x08000719   Thumb Code    18  fepilogue.o(.text)
    _float_epilogue                          0x0800072b   Thumb Code    92  fepilogue.o(.text)
    _double_round                            0x08000787   Thumb Code    30  depilogue.o(.text)
    _double_epilogue                         0x080007a5   Thumb Code   156  depilogue.o(.text)
    __scatterload                            0x08000841   Thumb Code    28  init.o(.text)
    __scatterload_rt2                        0x08000841   Thumb Code     0  init.o(.text)
    __aeabi_llsl                             0x08000865   Thumb Code    30  llshl.o(.text)
    _ll_shift_l                              0x08000865   Thumb Code     0  llshl.o(.text)
    ADC_ConversionStop_Disable               0x08000885   Thumb Code    76  stm32f1xx_hal_adc.o(i.ADC_ConversionStop_Disable)
    ADC_DMAConvCplt                          0x080008d1   Thumb Code    78  stm32f1xx_hal_adc.o(i.ADC_DMAConvCplt)
    ADC_DMAError                             0x0800091f   Thumb Code    26  stm32f1xx_hal_adc.o(i.ADC_DMAError)
    ADC_DMAHalfConvCplt                      0x08000939   Thumb Code    10  stm32f1xx_hal_adc.o(i.ADC_DMAHalfConvCplt)
    ADC_Enable                               0x08000945   Thumb Code   104  stm32f1xx_hal_adc.o(i.ADC_Enable)
    BusFault_Handler                         0x080009b5   Thumb Code     2  stm32f1xx_it.o(i.BusFault_Handler)
    DMA1_Channel1_IRQHandler                 0x080009b9   Thumb Code     6  stm32f1xx_it.o(i.DMA1_Channel1_IRQHandler)
    DebugMon_Handler                         0x080009ef   Thumb Code     2  stm32f1xx_it.o(i.DebugMon_Handler)
    EXTI2_IRQHandler                         0x080009f1   Thumb Code     6  stm32f1xx_it.o(i.EXTI2_IRQHandler)
    Error_Handler                            0x080009f7   Thumb Code     4  main.o(i.Error_Handler)
    HAL_ADCEx_Calibration_Start              0x080009fd   Thumb Code   194  stm32f1xx_hal_adc_ex.o(i.HAL_ADCEx_Calibration_Start)
    HAL_ADC_ConfigChannel                    0x08000ac5   Thumb Code   240  stm32f1xx_hal_adc.o(i.HAL_ADC_ConfigChannel)
    HAL_ADC_ConvCpltCallback                 0x08000bc1   Thumb Code     2  stm32f1xx_hal_adc.o(i.HAL_ADC_ConvCpltCallback)
    HAL_ADC_ConvHalfCpltCallback             0x08000bc3   Thumb Code     2  stm32f1xx_hal_adc.o(i.HAL_ADC_ConvHalfCpltCallback)
    HAL_ADC_ErrorCallback                    0x08000bc5   Thumb Code     2  stm32f1xx_hal_adc.o(i.HAL_ADC_ErrorCallback)
    HAL_ADC_Init                             0x08000bc9   Thumb Code   272  stm32f1xx_hal_adc.o(i.HAL_ADC_Init)
    HAL_ADC_MspInit                          0x08000ce9   Thumb Code   154  stm32f1xx_hal_msp.o(i.HAL_ADC_MspInit)
    HAL_ADC_Start_DMA                        0x08000d9d   Thumb Code   246  stm32f1xx_hal_adc.o(i.HAL_ADC_Start_DMA)
    HAL_CAN_ErrorCallback                    0x08000ea9   Thumb Code     2  stm32f1xx_hal_can.o(i.HAL_CAN_ErrorCallback)
    HAL_CAN_IRQHandler                       0x08000eab   Thumb Code   508  stm32f1xx_hal_can.o(i.HAL_CAN_IRQHandler)
    HAL_CAN_Init                             0x080010a7   Thumb Code   282  stm32f1xx_hal_can.o(i.HAL_CAN_Init)
    HAL_CAN_MspInit                          0x080011c1   Thumb Code   112  stm32f1xx_hal_msp.o(i.HAL_CAN_MspInit)
    HAL_CAN_RxFifo0FullCallback              0x0800123d   Thumb Code     2  stm32f1xx_hal_can.o(i.HAL_CAN_RxFifo0FullCallback)
    HAL_CAN_RxFifo0MsgPendingCallback        0x0800123f   Thumb Code     2  stm32f1xx_hal_can.o(i.HAL_CAN_RxFifo0MsgPendingCallback)
    HAL_CAN_RxFifo1FullCallback              0x08001241   Thumb Code     2  stm32f1xx_hal_can.o(i.HAL_CAN_RxFifo1FullCallback)
    HAL_CAN_RxFifo1MsgPendingCallback        0x08001243   Thumb Code     2  stm32f1xx_hal_can.o(i.HAL_CAN_RxFifo1MsgPendingCallback)
    HAL_CAN_SleepCallback                    0x08001245   Thumb Code     2  stm32f1xx_hal_can.o(i.HAL_CAN_SleepCallback)
    HAL_CAN_TxMailbox0AbortCallback          0x08001247   Thumb Code     2  stm32f1xx_hal_can.o(i.HAL_CAN_TxMailbox0AbortCallback)
    HAL_CAN_TxMailbox0CompleteCallback       0x08001249   Thumb Code     2  stm32f1xx_hal_can.o(i.HAL_CAN_TxMailbox0CompleteCallback)
    HAL_CAN_TxMailbox1AbortCallback          0x0800124b   Thumb Code     2  stm32f1xx_hal_can.o(i.HAL_CAN_TxMailbox1AbortCallback)
    HAL_CAN_TxMailbox1CompleteCallback       0x0800124d   Thumb Code     2  stm32f1xx_hal_can.o(i.HAL_CAN_TxMailbox1CompleteCallback)
    HAL_CAN_TxMailbox2AbortCallback          0x0800124f   Thumb Code     2  stm32f1xx_hal_can.o(i.HAL_CAN_TxMailbox2AbortCallback)
    HAL_CAN_TxMailbox2CompleteCallback       0x08001251   Thumb Code     2  stm32f1xx_hal_can.o(i.HAL_CAN_TxMailbox2CompleteCallback)
    HAL_CAN_WakeUpFromRxMsgCallback          0x08001253   Thumb Code     2  stm32f1xx_hal_can.o(i.HAL_CAN_WakeUpFromRxMsgCallback)
    HAL_CRC_Init                             0x08001255   Thumb Code    34  stm32f1xx_hal_crc.o(i.HAL_CRC_Init)
    HAL_CRC_MspInit                          0x08001279   Thumb Code    30  stm32f1xx_hal_msp.o(i.HAL_CRC_MspInit)
    HAL_DAC_ConfigChannel                    0x080012a1   Thumb Code    78  stm32f1xx_hal_dac.o(i.HAL_DAC_ConfigChannel)
    HAL_DAC_Init                             0x080012ef   Thumb Code    40  stm32f1xx_hal_dac.o(i.HAL_DAC_Init)
    HAL_DAC_MspInit                          0x08001319   Thumb Code    76  stm32f1xx_hal_msp.o(i.HAL_DAC_MspInit)
    HAL_DAC_SetValue                         0x08001371   Thumb Code    26  stm32f1xx_hal_dac.o(i.HAL_DAC_SetValue)
    HAL_DAC_Start                            0x0800138b   Thumb Code    92  stm32f1xx_hal_dac.o(i.HAL_DAC_Start)
    HAL_DMA_Abort_IT                         0x080013e9   Thumb Code   296  stm32f1xx_hal_dma.o(i.HAL_DMA_Abort_IT)
    HAL_DMA_GetState                         0x08001519   Thumb Code     6  stm32f1xx_hal_dma.o(i.HAL_DMA_GetState)
    HAL_DMA_IRQHandler                       0x08001521   Thumb Code   552  stm32f1xx_hal_dma.o(i.HAL_DMA_IRQHandler)
    HAL_DMA_Init                             0x08001769   Thumb Code   112  stm32f1xx_hal_dma.o(i.HAL_DMA_Init)
    HAL_DMA_Start_IT                         0x080017e5   Thumb Code   112  stm32f1xx_hal_dma.o(i.HAL_DMA_Start_IT)
    HAL_Delay                                0x08001855   Thumb Code    32  stm32f1xx_hal.o(i.HAL_Delay)
    HAL_GPIO_EXTI_Callback                   0x08001879   Thumb Code    18  userappfcn.o(i.HAL_GPIO_EXTI_Callback)
    HAL_GPIO_EXTI_IRQHandler                 0x08001891   Thumb Code    18  stm32f1xx_hal_gpio.o(i.HAL_GPIO_EXTI_IRQHandler)
    HAL_GPIO_Init                            0x080018a9   Thumb Code   462  stm32f1xx_hal_gpio.o(i.HAL_GPIO_Init)
    HAL_GPIO_ReadPin                         0x08001aa1   Thumb Code    10  stm32f1xx_hal_gpio.o(i.HAL_GPIO_ReadPin)
    HAL_GPIO_TogglePin                       0x08001aab   Thumb Code    16  stm32f1xx_hal_gpio.o(i.HAL_GPIO_TogglePin)
    HAL_GPIO_WritePin                        0x08001abb   Thumb Code    10  stm32f1xx_hal_gpio.o(i.HAL_GPIO_WritePin)
    HAL_GetTick                              0x08001ac5   Thumb Code     6  stm32f1xx_hal.o(i.HAL_GetTick)
    HAL_I2C_AbortCpltCallback                0x08001ad1   Thumb Code     2  stm32f1xx_hal_i2c.o(i.HAL_I2C_AbortCpltCallback)
    HAL_I2C_AddrCallback                     0x08001ad3   Thumb Code     2  stm32f1xx_hal_i2c.o(i.HAL_I2C_AddrCallback)
    HAL_I2C_ER_IRQHandler                    0x08001ad5   Thumb Code   196  stm32f1xx_hal_i2c.o(i.HAL_I2C_ER_IRQHandler)
    HAL_I2C_EV_IRQHandler                    0x08001b99   Thumb Code   614  stm32f1xx_hal_i2c.o(i.HAL_I2C_EV_IRQHandler)
    HAL_I2C_ErrorCallback                    0x08001dff   Thumb Code     2  stm32f1xx_hal_i2c.o(i.HAL_I2C_ErrorCallback)
    HAL_I2C_Init                             0x08001e01   Thumb Code   376  stm32f1xx_hal_i2c.o(i.HAL_I2C_Init)
    HAL_I2C_ListenCpltCallback               0x08001f89   Thumb Code     2  stm32f1xx_hal_i2c.o(i.HAL_I2C_ListenCpltCallback)
    HAL_I2C_MasterRxCpltCallback             0x08001f8b   Thumb Code     2  stm32f1xx_hal_i2c.o(i.HAL_I2C_MasterRxCpltCallback)
    HAL_I2C_MasterTxCpltCallback             0x08001f8d   Thumb Code     2  stm32f1xx_hal_i2c.o(i.HAL_I2C_MasterTxCpltCallback)
    HAL_I2C_MemRxCpltCallback                0x08001f8f   Thumb Code     2  stm32f1xx_hal_i2c.o(i.HAL_I2C_MemRxCpltCallback)
    HAL_I2C_MemTxCpltCallback                0x08001f91   Thumb Code     2  stm32f1xx_hal_i2c.o(i.HAL_I2C_MemTxCpltCallback)
    HAL_I2C_MspInit                          0x08001f95   Thumb Code   114  stm32f1xx_hal_msp.o(i.HAL_I2C_MspInit)
    HAL_I2C_SlaveRxCpltCallback              0x08002015   Thumb Code     2  stm32f1xx_hal_i2c.o(i.HAL_I2C_SlaveRxCpltCallback)
    HAL_I2C_SlaveTxCpltCallback              0x08002017   Thumb Code     2  stm32f1xx_hal_i2c.o(i.HAL_I2C_SlaveTxCpltCallback)
    HAL_IWDG_Init                            0x08002019   Thumb Code    82  stm32f1xx_hal_iwdg.o(i.HAL_IWDG_Init)
    HAL_IncTick                              0x0800206d   Thumb Code    12  stm32f1xx_hal.o(i.HAL_IncTick)
    HAL_Init                                 0x0800207d   Thumb Code    32  stm32f1xx_hal.o(i.HAL_Init)
    HAL_InitTick                             0x080020a1   Thumb Code    54  stm32f1xx_hal.o(i.HAL_InitTick)
    HAL_MspInit                              0x080020e1   Thumb Code    52  stm32f1xx_hal_msp.o(i.HAL_MspInit)
    HAL_NVIC_EnableIRQ                       0x0800211d   Thumb Code    26  stm32f1xx_hal_cortex.o(i.HAL_NVIC_EnableIRQ)
    HAL_NVIC_SetPriority                     0x08002139   Thumb Code    60  stm32f1xx_hal_cortex.o(i.HAL_NVIC_SetPriority)
    HAL_NVIC_SetPriorityGrouping             0x08002179   Thumb Code    26  stm32f1xx_hal_cortex.o(i.HAL_NVIC_SetPriorityGrouping)
    HAL_RCCEx_GetPeriphCLKFreq               0x0800219d   Thumb Code   180  stm32f1xx_hal_rcc_ex.o(i.HAL_RCCEx_GetPeriphCLKFreq)
    HAL_RCCEx_PeriphCLKConfig                0x08002271   Thumb Code   224  stm32f1xx_hal_rcc_ex.o(i.HAL_RCCEx_PeriphCLKConfig)
    HAL_RCC_ClockConfig                      0x0800235d   Thumb Code   280  stm32f1xx_hal_rcc.o(i.HAL_RCC_ClockConfig)
    HAL_RCC_GetPCLK1Freq                     0x08002489   Thumb Code    20  stm32f1xx_hal_rcc.o(i.HAL_RCC_GetPCLK1Freq)
    HAL_RCC_GetPCLK2Freq                     0x080024a9   Thumb Code    20  stm32f1xx_hal_rcc.o(i.HAL_RCC_GetPCLK2Freq)
    HAL_RCC_GetSysClockFreq                  0x080024c9   Thumb Code    74  stm32f1xx_hal_rcc.o(i.HAL_RCC_GetSysClockFreq)
    HAL_RCC_OscConfig                        0x08002535   Thumb Code   778  stm32f1xx_hal_rcc.o(i.HAL_RCC_OscConfig)
    HAL_SYSTICK_Config                       0x08002855   Thumb Code    40  stm32f1xx_hal_cortex.o(i.HAL_SYSTICK_Config)
    HAL_TIMEx_BreakCallback                  0x0800287d   Thumb Code     2  stm32f1xx_hal_tim_ex.o(i.HAL_TIMEx_BreakCallback)
    HAL_TIMEx_CommutCallback                 0x0800287f   Thumb Code     2  stm32f1xx_hal_tim_ex.o(i.HAL_TIMEx_CommutCallback)
    HAL_TIMEx_MasterConfigSynchronization    0x08002881   Thumb Code   104  stm32f1xx_hal_tim_ex.o(i.HAL_TIMEx_MasterConfigSynchronization)
    HAL_TIM_Base_Init                        0x080028fd   Thumb Code    90  stm32f1xx_hal_tim.o(i.HAL_TIM_Base_Init)
    HAL_TIM_Base_MspInit                     0x08002959   Thumb Code   194  stm32f1xx_hal_msp.o(i.HAL_TIM_Base_MspInit)
    HAL_TIM_Base_Start_IT                    0x08002a31   Thumb Code    88  stm32f1xx_hal_tim.o(i.HAL_TIM_Base_Start_IT)
    HAL_TIM_ConfigClockSource                0x08002a9d   Thumb Code   214  stm32f1xx_hal_tim.o(i.HAL_TIM_ConfigClockSource)
    HAL_TIM_Encoder_Init                     0x08002b73   Thumb Code   164  stm32f1xx_hal_tim.o(i.HAL_TIM_Encoder_Init)
    HAL_TIM_Encoder_MspInit                  0x08002c19   Thumb Code   106  stm32f1xx_hal_msp.o(i.HAL_TIM_Encoder_MspInit)
    HAL_TIM_Encoder_Start                    0x08002c95   Thumb Code   142  stm32f1xx_hal_tim.o(i.HAL_TIM_Encoder_Start)
    HAL_TIM_IC_CaptureCallback               0x08002d23   Thumb Code     2  stm32f1xx_hal_tim.o(i.HAL_TIM_IC_CaptureCallback)
    HAL_TIM_IRQHandler                       0x08002d25   Thumb Code   358  stm32f1xx_hal_tim.o(i.HAL_TIM_IRQHandler)
    HAL_TIM_OC_DelayElapsedCallback          0x08002e8b   Thumb Code     2  stm32f1xx_hal_tim.o(i.HAL_TIM_OC_DelayElapsedCallback)
    HAL_TIM_PWM_PulseFinishedCallback        0x08002e8d   Thumb Code     2  stm32f1xx_hal_tim.o(i.HAL_TIM_PWM_PulseFinishedCallback)
    HAL_TIM_PeriodElapsedCallback            0x08002e91   Thumb Code   118  userappfcn.o(i.HAL_TIM_PeriodElapsedCallback)
    HAL_TIM_TriggerCallback                  0x08002f2d   Thumb Code     2  stm32f1xx_hal_tim.o(i.HAL_TIM_TriggerCallback)
    HAL_UART_ErrorCallback                   0x08002f2f   Thumb Code     2  stm32f1xx_hal_uart.o(i.HAL_UART_ErrorCallback)
    HAL_UART_IRQHandler                      0x08002f31   Thumb Code   344  stm32f1xx_hal_uart.o(i.HAL_UART_IRQHandler)
    HAL_UART_Init                            0x0800308d   Thumb Code    98  stm32f1xx_hal_uart.o(i.HAL_UART_Init)
    HAL_UART_MspInit                         0x080030f1   Thumb Code   296  stm32f1xx_hal_msp.o(i.HAL_UART_MspInit)
    HAL_UART_Receive_IT                      0x08003235   Thumb Code    82  stm32f1xx_hal_uart.o(i.HAL_UART_Receive_IT)
    HAL_UART_RxCpltCallback                  0x08003289   Thumb Code    96  userappfcn.o(i.HAL_UART_RxCpltCallback)
    HAL_UART_Transmit                        0x08003309   Thumb Code   178  stm32f1xx_hal_uart.o(i.HAL_UART_Transmit)
    HAL_UART_TxCpltCallback                  0x080033bb   Thumb Code     2  stm32f1xx_hal_uart.o(i.HAL_UART_TxCpltCallback)
    HardFault_Handler                        0x080033bd   Thumb Code     2  stm32f1xx_it.o(i.HardFault_Handler)
    I2C2_ER_IRQHandler                       0x080033c1   Thumb Code     6  stm32f1xx_it.o(i.I2C2_ER_IRQHandler)
    I2C2_EV_IRQHandler                       0x080033cd   Thumb Code     6  stm32f1xx_it.o(i.I2C2_EV_IRQHandler)
    MemManage_Handler                        0x08004179   Thumb Code     2  stm32f1xx_it.o(i.MemManage_Handler)
    NMI_Handler                              0x0800417b   Thumb Code     2  stm32f1xx_it.o(i.NMI_Handler)
    PendSV_Handler                           0x0800417d   Thumb Code     2  stm32f1xx_it.o(i.PendSV_Handler)
    SVC_Handler                              0x0800417f   Thumb Code     2  stm32f1xx_it.o(i.SVC_Handler)
    SysTick_Handler                          0x08004181   Thumb Code     4  stm32f1xx_it.o(i.SysTick_Handler)
    SystemClock_Config                       0x08004185   Thumb Code   128  main.o(i.SystemClock_Config)
    SystemInit                               0x08004205   Thumb Code     2  system_stm32f1xx.o(i.SystemInit)
    TIM2_IRQHandler                          0x08004209   Thumb Code     6  stm32f1xx_it.o(i.TIM2_IRQHandler)
    TIM3_IRQHandler                          0x08004215   Thumb Code     6  stm32f1xx_it.o(i.TIM3_IRQHandler)
    TIM4_IRQHandler                          0x08004221   Thumb Code     6  stm32f1xx_it.o(i.TIM4_IRQHandler)
    TIM5_IRQHandler                          0x0800422d   Thumb Code     6  stm32f1xx_it.o(i.TIM5_IRQHandler)
    TIM6_IRQHandler                          0x08004239   Thumb Code     6  stm32f1xx_it.o(i.TIM6_IRQHandler)
    TIM8_UP_IRQHandler                       0x08004245   Thumb Code     6  stm32f1xx_it.o(i.TIM8_UP_IRQHandler)
    TIM_Base_SetConfig                       0x08004251   Thumb Code   120  stm32f1xx_hal_tim.o(i.TIM_Base_SetConfig)
    TIM_CCxChannelCmd                        0x080042dd   Thumb Code    26  stm32f1xx_hal_tim.o(i.TIM_CCxChannelCmd)
    TIM_ETR_SetConfig                        0x080042f7   Thumb Code    20  stm32f1xx_hal_tim.o(i.TIM_ETR_SetConfig)
    UART4_IRQHandler                         0x08004361   Thumb Code     6  stm32f1xx_it.o(i.UART4_IRQHandler)
    UART5_IRQHandler                         0x0800436d   Thumb Code     6  stm32f1xx_it.o(i.UART5_IRQHandler)
    USART2_IRQHandler                        0x0800454d   Thumb Code     6  stm32f1xx_it.o(i.USART2_IRQHandler)
    USB_LP_CAN1_RX0_IRQHandler               0x08004559   Thumb Code     6  stm32f1xx_it.o(i.USB_LP_CAN1_RX0_IRQHandler)
    UsageFault_Handler                       0x08004565   Thumb Code     2  stm32f1xx_it.o(i.UsageFault_Handler)
    __0sprintf$6                             0x08004569   Thumb Code    34  printf6.o(i.__0sprintf$6)
    __1sprintf$6                             0x08004569   Thumb Code     0  printf6.o(i.__0sprintf$6)
    __2sprintf                               0x08004569   Thumb Code     0  printf6.o(i.__0sprintf$6)
    __scatterload_copy                       0x080045b1   Thumb Code    14  handlers.o(i.__scatterload_copy)
    __scatterload_null                       0x080045bf   Thumb Code     2  handlers.o(i.__scatterload_null)
    __scatterload_zeroinit                   0x080045c1   Thumb Code    14  handlers.o(i.__scatterload_zeroinit)
    eDI_EventDetect                          0x0800491d   Thumb Code    36  userappfcn.o(i.eDI_EventDetect)
    fLPF_Run                                 0x08004941   Thumb Code    84  userappfcn.o(i.fLPF_Run)
    fPI_Run                                  0x08004995   Thumb Code   134  userappfcn.o(i.fPI_Run)
    fRampFcnGen                              0x08004a1b   Thumb Code   106  userappfcn.o(i.fRampFcnGen)
    main                                     0x08004a85   Thumb Code  1788  main.o(i.main)
    vAdc_DataInit                            0x080051bd   Thumb Code   154  userappfcn.o(i.vAdc_DataInit)
    vAdc_Data_Handle                         0x08005275   Thumb Code   616  userappfcn.o(i.vAdc_Data_Handle)
    vDAC_Init                                0x080054e9   Thumb Code    24  userappfcn.o(i.vDAC_Init)
    vDAC_Write                               0x08005509   Thumb Code    96  userappfcn.o(i.vDAC_Write)
    vDIO_Init                                0x08005571   Thumb Code   214  userappfcn.o(i.vDIO_Init)
    vDIO_Task                                0x08005655   Thumb Code   102  userappfcn.o(i.vDIO_Task)
    vDI_Scan                                 0x080056c1   Thumb Code   200  userappfcn.o(i.vDI_Scan)
    vLPF_Init                                0x08005791   Thumb Code   170  userappfcn.o(i.vLPF_Init)
    vMachineParameterConfig                  0x08005849   Thumb Code    28  userappfcn.o(i.vMachineParameterConfig)
    vNEXTION_DisplayHandle                   0x08005871   Thumb Code  1654  userappfcn.o(i.vNEXTION_DisplayHandle)
    vNEXTION_Init                            0x08005fed   Thumb Code     8  userappfcn.o(i.vNEXTION_Init)
    vNEXTION_RecvRetNumHandle                0x08005ff5   Thumb Code    52  userappfcn.o(i.vNEXTION_RecvRetNumHandle)
    vNEXTION_SendString                      0x08006031   Thumb Code    52  userappfcn.o(i.vNEXTION_SendString)
    vNEXTION_SendVal                         0x08006079   Thumb Code   150  userappfcn.o(i.vNEXTION_SendVal)
    vPI_Init                                 0x08006135   Thumb Code    90  userappfcn.o(i.vPI_Init)
    vQEI_Config                              0x0800619d   Thumb Code    28  userappfcn.o(i.vQEI_Config)
    vRPM_Cal                                 0x080061bd   Thumb Code   198  userappfcn.o(i.vRPM_Cal)
    vRamp_Config                             0x08006291   Thumb Code   102  userappfcn.o(i.vRamp_Config)
    vStateMachine                            0x080062f9   Thumb Code   704  userappfcn.o(i.vStateMachine)
    vStateMachineConfig                      0x080065d1   Thumb Code   160  userappfcn.o(i.vStateMachineConfig)
    vTim_Scan                                0x08006689   Thumb Code    68  userappfcn.o(i.vTim_Scan)
    vTim_Start                               0x080066cd   Thumb Code    26  userappfcn.o(i.vTim_Start)
    vTim_Stop                                0x080066e7   Thumb Code    12  userappfcn.o(i.vTim_Stop)
    vUSART_RxTimeOutHandle                   0x080066f3   Thumb Code    30  userappfcn.o(i.vUSART_RxTimeOutHandle)
    vUsart5_rxHandle                         0x08006711   Thumb Code   348  userappfcn.o(i.vUsart5_rxHandle)
    vUsart_DataInit                          0x08006879   Thumb Code    52  userappfcn.o(i.vUsart_DataInit)
    vUsart_Read                              0x080068ad   Thumb Code   324  userappfcn.o(i.vUsart_Read)
    vUsart_TxHandle                          0x080069f5   Thumb Code   632  userappfcn.o(i.vUsart_TxHandle)
    AHBPrescTable                            0x08006c84   Data          16  system_stm32f1xx.o(.constdata)
    APBPrescTable                            0x08006c94   Data           8  system_stm32f1xx.o(.constdata)
    Region$$Table$$Base                      0x08006c9c   Number         0  anon$$obj.o(Region$$Table)
    Region$$Table$$Limit                     0x08006cbc   Number         0  anon$$obj.o(Region$$Table)
    tim1msTick                               0x20000000   Data           2  userappfcn.o(.data)
    tim10msTick                              0x20000002   Data           2  userappfcn.o(.data)
    tim20msTick                              0x20000004   Data           2  userappfcn.o(.data)
    tim100msTick                             0x20000006   Data           2  userappfcn.o(.data)
    tim1sTick                                0x20000008   Data           2  userappfcn.o(.data)
    tim200msTick                             0x2000000a   Data           2  userappfcn.o(.data)
    FirstCycle                               0x2000000c   Data           1  main.o(.data)
    hcrc                                     0x20000014   Data           8  main.o(.data)
    uwTickFreq                               0x2000001c   Data           1  stm32f1xx_hal.o(.data)
    uwTickPrio                               0x20000020   Data           4  stm32f1xx_hal.o(.data)
    uwTick                                   0x20000024   Data           4  stm32f1xx_hal.o(.data)
    SystemCoreClock                          0x20000028   Data           4  system_stm32f1xx.o(.data)
    stLPF_Var                                0x2000002c   Data         960  userappfcn.o(.bss)
    Tim_1s                                   0x200003ec   Data         200  userappfcn.o(.bss)
    DI_Objt                                  0x200004b4   Data          24  userappfcn.o(.bss)
    adc_Objt_var                             0x200004cc   Data         248  userappfcn.o(.bss)
    stDAC_Var                                0x200005c4   Data          28  userappfcn.o(.bss)
    usart2_Rx                                0x200005e0   Data         228  userappfcn.o(.bss)
    usart4_Rx                                0x200006c4   Data         228  userappfcn.o(.bss)
    usart5_Rx                                0x200007a8   Data         228  userappfcn.o(.bss)
    stPI_Var                                 0x2000088c   Data          60  userappfcn.o(.bss)
    stMControl_Var                           0x200008c8   Data          92  userappfcn.o(.bss)
    stMachine_Var                            0x20000924   Data          40  userappfcn.o(.bss)
    stRamp_Ia                                0x2000094c   Data          36  userappfcn.o(.bss)
    stRamp_Speed                             0x20000970   Data          36  userappfcn.o(.bss)
    stQEI_Var                                0x20000994   Data          20  userappfcn.o(.bss)
    NEXVar                                   0x200009a8   Data         276  userappfcn.o(.bss)
    Tim_1ms                                  0x20000abc   Data         200  userappfcn.o(.bss)
    Tim_10ms                                 0x20000b84   Data         200  userappfcn.o(.bss)
    Tim_20ms                                 0x20000c4c   Data         200  userappfcn.o(.bss)
    Tim_100ms                                0x20000d14   Data         200  userappfcn.o(.bss)
    Tim_200ms                                0x20000ddc   Data         200  userappfcn.o(.bss)
    usart2_Tx                                0x20000ea4   Data         228  userappfcn.o(.bss)
    stRamp_If                                0x20000f88   Data          36  userappfcn.o(.bss)
    hadc1                                    0x20000fac   Data          48  main.o(.bss)
    hcan                                     0x20000fdc   Data          40  main.o(.bss)
    hdac                                     0x20001004   Data          20  main.o(.bss)
    hi2c2                                    0x20001018   Data          84  main.o(.bss)
    hiwdg                                    0x2000106c   Data          12  main.o(.bss)
    htim2                                    0x20001078   Data          72  main.o(.bss)
    htim3                                    0x200010c0   Data          72  main.o(.bss)
    htim4                                    0x20001108   Data          72  main.o(.bss)
    htim5                                    0x20001150   Data          72  main.o(.bss)
    htim6                                    0x20001198   Data          72  main.o(.bss)
    htim8                                    0x200011e0   Data          72  main.o(.bss)
    huart4                                   0x20001228   Data          64  main.o(.bss)
    huart5                                   0x20001268   Data          64  main.o(.bss)
    huart2                                   0x200012a8   Data          64  main.o(.bss)
    hdma_adc1                                0x200012e8   Data          68  main.o(.bss)
    __initial_sp                             0x20001730   Data           0  startup_stm32f103xe.o(STACK)



==============================================================================

Memory Map of the image

  Image Entry point : 0x08000131

  Load Region LR_IROM1 (Base: 0x08000000, Size: 0x00006ce8, Max: 0x00040000, ABSOLUTE)

    Execution Region ER_IROM1 (Exec base: 0x08000000, Load base: 0x08000000, Size: 0x00006cbc, Max: 0x00040000, ABSOLUTE)

    Exec Addr    Load Addr    Size         Type   Attr      Idx    E Section Name        Object

    0x08000000   0x08000000   0x00000130   Data   RO            3    RESET               startup_stm32f103xe.o
    0x08000130   0x08000130   0x00000000   Code   RO         4364  * .ARM.Collect$$$$00000000  mc_w.l(entry.o)
    0x08000130   0x08000130   0x00000004   Code   RO         4670    .ARM.Collect$$$$00000001  mc_w.l(entry2.o)
    0x08000134   0x08000134   0x00000004   Code   RO         4673    .ARM.Collect$$$$00000004  mc_w.l(entry5.o)
    0x08000138   0x08000138   0x00000000   Code   RO         4675    .ARM.Collect$$$$00000008  mc_w.l(entry7b.o)
    0x08000138   0x08000138   0x00000000   Code   RO         4677    .ARM.Collect$$$$0000000A  mc_w.l(entry8b.o)
    0x08000138   0x08000138   0x00000008   Code   RO         4678    .ARM.Collect$$$$0000000B  mc_w.l(entry9a.o)
    0x08000140   0x08000140   0x00000000   Code   RO         4680    .ARM.Collect$$$$0000000D  mc_w.l(entry10a.o)
    0x08000140   0x08000140   0x00000000   Code   RO         4682    .ARM.Collect$$$$0000000F  mc_w.l(entry11a.o)
    0x08000140   0x08000140   0x00000004   Code   RO         4671    .ARM.Collect$$$$00002712  mc_w.l(entry2.o)
    0x08000144   0x08000144   0x00000024   Code   RO            4    .text               startup_stm32f103xe.o
    0x08000168   0x08000168   0x00000020   Code   RO         4367    .text               mc_w.l(llushr.o)
    0x08000188   0x08000188   0x00000024   Code   RO         4369    .text               mc_w.l(memseta.o)
    0x080001ac   0x080001ac   0x000000b0   Code   RO         4632    .text               mf_w.l(fadd.o)
    0x0800025c   0x0800025c   0x00000064   Code   RO         4634    .text               mf_w.l(fmul.o)
    0x080002c0   0x080002c0   0x0000007c   Code   RO         4636    .text               mf_w.l(fdiv.o)
    0x0800033c   0x0800033c   0x00000018   Code   RO         4638    .text               mf_w.l(fscalb.o)
    0x08000354   0x08000354   0x000000e4   Code   RO         4640    .text               mf_w.l(dmul.o)
    0x08000438   0x08000438   0x000000de   Code   RO         4642    .text               mf_w.l(ddiv.o)
    0x08000516   0x08000516   0x0000002e   Code   RO         4644    .text               mf_w.l(dscalb.o)
    0x08000544   0x08000544   0x00000012   Code   RO         4646    .text               mf_w.l(fflti.o)
    0x08000556   0x08000556   0x0000000a   Code   RO         4648    .text               mf_w.l(ffltui.o)
    0x08000560   0x08000560   0x0000001a   Code   RO         4650    .text               mf_w.l(dfltui.o)
    0x0800057a   0x0800057a   0x00000032   Code   RO         4652    .text               mf_w.l(ffixi.o)
    0x080005ac   0x080005ac   0x00000028   Code   RO         4654    .text               mf_w.l(ffixui.o)
    0x080005d4   0x080005d4   0x00000032   Code   RO         4656    .text               mf_w.l(dfixui.o)
    0x08000606   0x08000606   0x00000026   Code   RO         4658    .text               mf_w.l(f2d.o)
    0x0800062c   0x0800062c   0x00000030   Code   RO         4660    .text               mf_w.l(cdcmple.o)
    0x0800065c   0x0800065c   0x00000030   Code   RO         4662    .text               mf_w.l(cdrcmple.o)
    0x0800068c   0x0800068c   0x00000038   Code   RO         4664    .text               mf_w.l(d2f.o)
    0x080006c4   0x080006c4   0x00000014   Code   RO         4666    .text               mf_w.l(cfcmple.o)
    0x080006d8   0x080006d8   0x00000014   Code   RO         4668    .text               mf_w.l(cfrcmple.o)
    0x080006ec   0x080006ec   0x0000002c   Code   RO         4685    .text               mc_w.l(uidiv.o)
    0x08000718   0x08000718   0x00000000   Code   RO         4689    .text               mc_w.l(iusefp.o)
    0x08000718   0x08000718   0x0000006e   Code   RO         4690    .text               mf_w.l(fepilogue.o)
    0x08000786   0x08000786   0x000000ba   Code   RO         4692    .text               mf_w.l(depilogue.o)
    0x08000840   0x08000840   0x00000024   Code   RO         4698    .text               mc_w.l(init.o)
    0x08000864   0x08000864   0x0000001e   Code   RO         4700    .text               mc_w.l(llshl.o)
    0x08000882   0x08000882   0x00000002   PAD
    0x08000884   0x08000884   0x0000004c   Code   RO          805    i.ADC_ConversionStop_Disable  stm32f1xx_hal_adc.o
    0x080008d0   0x080008d0   0x0000004e   Code   RO          806    i.ADC_DMAConvCplt   stm32f1xx_hal_adc.o
    0x0800091e   0x0800091e   0x0000001a   Code   RO          807    i.ADC_DMAError      stm32f1xx_hal_adc.o
    0x08000938   0x08000938   0x0000000a   Code   RO          808    i.ADC_DMAHalfConvCplt  stm32f1xx_hal_adc.o
    0x08000942   0x08000942   0x00000002   PAD
    0x08000944   0x08000944   0x00000070   Code   RO          809    i.ADC_Enable        stm32f1xx_hal_adc.o
    0x080009b4   0x080009b4   0x00000002   Code   RO          488    i.BusFault_Handler  stm32f1xx_it.o
    0x080009b6   0x080009b6   0x00000002   PAD
    0x080009b8   0x080009b8   0x0000000c   Code   RO          489    i.DMA1_Channel1_IRQHandler  stm32f1xx_it.o
    0x080009c4   0x080009c4   0x0000002a   Code   RO         1459    i.DMA_SetConfig     stm32f1xx_hal_dma.o
    0x080009ee   0x080009ee   0x00000002   Code   RO          490    i.DebugMon_Handler  stm32f1xx_it.o
    0x080009f0   0x080009f0   0x00000006   Code   RO          491    i.EXTI2_IRQHandler  stm32f1xx_it.o
    0x080009f6   0x080009f6   0x00000004   Code   RO          400    i.Error_Handler     main.o
    0x080009fa   0x080009fa   0x00000002   PAD
    0x080009fc   0x080009fc   0x000000c8   Code   RO          985    i.HAL_ADCEx_Calibration_Start  stm32f1xx_hal_adc_ex.o
    0x08000ac4   0x08000ac4   0x000000fc   Code   RO          811    i.HAL_ADC_ConfigChannel  stm32f1xx_hal_adc.o
    0x08000bc0   0x08000bc0   0x00000002   Code   RO          812    i.HAL_ADC_ConvCpltCallback  stm32f1xx_hal_adc.o
    0x08000bc2   0x08000bc2   0x00000002   Code   RO          813    i.HAL_ADC_ConvHalfCpltCallback  stm32f1xx_hal_adc.o
    0x08000bc4   0x08000bc4   0x00000002   Code   RO          815    i.HAL_ADC_ErrorCallback  stm32f1xx_hal_adc.o
    0x08000bc6   0x08000bc6   0x00000002   PAD
    0x08000bc8   0x08000bc8   0x00000120   Code   RO          820    i.HAL_ADC_Init      stm32f1xx_hal_adc.o
    0x08000ce8   0x08000ce8   0x000000b4   Code   RO          649    i.HAL_ADC_MspInit   stm32f1xx_hal_msp.o
    0x08000d9c   0x08000d9c   0x0000010c   Code   RO          827    i.HAL_ADC_Start_DMA  stm32f1xx_hal_adc.o
    0x08000ea8   0x08000ea8   0x00000002   Code   RO         2062    i.HAL_CAN_ErrorCallback  stm32f1xx_hal_can.o
    0x08000eaa   0x08000eaa   0x000001fc   Code   RO         2069    i.HAL_CAN_IRQHandler  stm32f1xx_hal_can.o
    0x080010a6   0x080010a6   0x0000011a   Code   RO         2070    i.HAL_CAN_Init      stm32f1xx_hal_can.o
    0x080011c0   0x080011c0   0x0000007c   Code   RO          651    i.HAL_CAN_MspInit   stm32f1xx_hal_msp.o
    0x0800123c   0x0800123c   0x00000002   Code   RO         2077    i.HAL_CAN_RxFifo0FullCallback  stm32f1xx_hal_can.o
    0x0800123e   0x0800123e   0x00000002   Code   RO         2078    i.HAL_CAN_RxFifo0MsgPendingCallback  stm32f1xx_hal_can.o
    0x08001240   0x08001240   0x00000002   Code   RO         2079    i.HAL_CAN_RxFifo1FullCallback  stm32f1xx_hal_can.o
    0x08001242   0x08001242   0x00000002   Code   RO         2080    i.HAL_CAN_RxFifo1MsgPendingCallback  stm32f1xx_hal_can.o
    0x08001244   0x08001244   0x00000002   Code   RO         2081    i.HAL_CAN_SleepCallback  stm32f1xx_hal_can.o
    0x08001246   0x08001246   0x00000002   Code   RO         2084    i.HAL_CAN_TxMailbox0AbortCallback  stm32f1xx_hal_can.o
    0x08001248   0x08001248   0x00000002   Code   RO         2085    i.HAL_CAN_TxMailbox0CompleteCallback  stm32f1xx_hal_can.o
    0x0800124a   0x0800124a   0x00000002   Code   RO         2086    i.HAL_CAN_TxMailbox1AbortCallback  stm32f1xx_hal_can.o
    0x0800124c   0x0800124c   0x00000002   Code   RO         2087    i.HAL_CAN_TxMailbox1CompleteCallback  stm32f1xx_hal_can.o
    0x0800124e   0x0800124e   0x00000002   Code   RO         2088    i.HAL_CAN_TxMailbox2AbortCallback  stm32f1xx_hal_can.o
    0x08001250   0x08001250   0x00000002   Code   RO         2089    i.HAL_CAN_TxMailbox2CompleteCallback  stm32f1xx_hal_can.o
    0x08001252   0x08001252   0x00000002   Code   RO         2091    i.HAL_CAN_WakeUpFromRxMsgCallback  stm32f1xx_hal_can.o
    0x08001254   0x08001254   0x00000022   Code   RO         2294    i.HAL_CRC_Init      stm32f1xx_hal_crc.o
    0x08001276   0x08001276   0x00000002   PAD
    0x08001278   0x08001278   0x00000028   Code   RO          653    i.HAL_CRC_MspInit   stm32f1xx_hal_msp.o
    0x080012a0   0x080012a0   0x0000004e   Code   RO         2353    i.HAL_DAC_ConfigChannel  stm32f1xx_hal_dac.o
    0x080012ee   0x080012ee   0x00000028   Code   RO         2363    i.HAL_DAC_Init      stm32f1xx_hal_dac.o
    0x08001316   0x08001316   0x00000002   PAD
    0x08001318   0x08001318   0x00000058   Code   RO          655    i.HAL_DAC_MspInit   stm32f1xx_hal_msp.o
    0x08001370   0x08001370   0x0000001a   Code   RO         2366    i.HAL_DAC_SetValue  stm32f1xx_hal_dac.o
    0x0800138a   0x0800138a   0x0000005c   Code   RO         2367    i.HAL_DAC_Start     stm32f1xx_hal_dac.o
    0x080013e6   0x080013e6   0x00000002   PAD
    0x080013e8   0x080013e8   0x00000130   Code   RO         1461    i.HAL_DMA_Abort_IT  stm32f1xx_hal_dma.o
    0x08001518   0x08001518   0x00000006   Code   RO         1464    i.HAL_DMA_GetState  stm32f1xx_hal_dma.o
    0x0800151e   0x0800151e   0x00000002   PAD
    0x08001520   0x08001520   0x00000248   Code   RO         1465    i.HAL_DMA_IRQHandler  stm32f1xx_hal_dma.o
    0x08001768   0x08001768   0x0000007c   Code   RO         1466    i.HAL_DMA_Init      stm32f1xx_hal_dma.o
    0x080017e4   0x080017e4   0x00000070   Code   RO         1470    i.HAL_DMA_Start_IT  stm32f1xx_hal_dma.o
    0x08001854   0x08001854   0x00000024   Code   RO         1088    i.HAL_Delay         stm32f1xx_hal.o
    0x08001878   0x08001878   0x00000018   Code   RO           14    i.HAL_GPIO_EXTI_Callback  userappfcn.o
    0x08001890   0x08001890   0x00000018   Code   RO         1395    i.HAL_GPIO_EXTI_IRQHandler  stm32f1xx_hal_gpio.o
    0x080018a8   0x080018a8   0x000001f8   Code   RO         1396    i.HAL_GPIO_Init     stm32f1xx_hal_gpio.o
    0x08001aa0   0x08001aa0   0x0000000a   Code   RO         1398    i.HAL_GPIO_ReadPin  stm32f1xx_hal_gpio.o
    0x08001aaa   0x08001aaa   0x00000010   Code   RO         1399    i.HAL_GPIO_TogglePin  stm32f1xx_hal_gpio.o
    0x08001aba   0x08001aba   0x0000000a   Code   RO         1400    i.HAL_GPIO_WritePin  stm32f1xx_hal_gpio.o
    0x08001ac4   0x08001ac4   0x0000000c   Code   RO         1092    i.HAL_GetTick       stm32f1xx_hal.o
    0x08001ad0   0x08001ad0   0x00000002   Code   RO         2578    i.HAL_I2C_AbortCpltCallback  stm32f1xx_hal_i2c.o
    0x08001ad2   0x08001ad2   0x00000002   Code   RO         2579    i.HAL_I2C_AddrCallback  stm32f1xx_hal_i2c.o
    0x08001ad4   0x08001ad4   0x000000c4   Code   RO         2582    i.HAL_I2C_ER_IRQHandler  stm32f1xx_hal_i2c.o
    0x08001b98   0x08001b98   0x00000266   Code   RO         2583    i.HAL_I2C_EV_IRQHandler  stm32f1xx_hal_i2c.o
    0x08001dfe   0x08001dfe   0x00000002   Code   RO         2585    i.HAL_I2C_ErrorCallback  stm32f1xx_hal_i2c.o
    0x08001e00   0x08001e00   0x00000188   Code   RO         2589    i.HAL_I2C_Init      stm32f1xx_hal_i2c.o
    0x08001f88   0x08001f88   0x00000002   Code   RO         2591    i.HAL_I2C_ListenCpltCallback  stm32f1xx_hal_i2c.o
    0x08001f8a   0x08001f8a   0x00000002   Code   RO         2592    i.HAL_I2C_MasterRxCpltCallback  stm32f1xx_hal_i2c.o
    0x08001f8c   0x08001f8c   0x00000002   Code   RO         2593    i.HAL_I2C_MasterTxCpltCallback  stm32f1xx_hal_i2c.o
    0x08001f8e   0x08001f8e   0x00000002   Code   RO         2605    i.HAL_I2C_MemRxCpltCallback  stm32f1xx_hal_i2c.o
    0x08001f90   0x08001f90   0x00000002   Code   RO         2606    i.HAL_I2C_MemTxCpltCallback  stm32f1xx_hal_i2c.o
    0x08001f92   0x08001f92   0x00000002   PAD
    0x08001f94   0x08001f94   0x00000080   Code   RO          657    i.HAL_I2C_MspInit   stm32f1xx_hal_msp.o
    0x08002014   0x08002014   0x00000002   Code   RO         2615    i.HAL_I2C_SlaveRxCpltCallback  stm32f1xx_hal_i2c.o
    0x08002016   0x08002016   0x00000002   Code   RO         2616    i.HAL_I2C_SlaveTxCpltCallback  stm32f1xx_hal_i2c.o
    0x08002018   0x08002018   0x00000052   Code   RO         3005    i.HAL_IWDG_Init     stm32f1xx_hal_iwdg.o
    0x0800206a   0x0800206a   0x00000002   PAD
    0x0800206c   0x0800206c   0x00000010   Code   RO         1098    i.HAL_IncTick       stm32f1xx_hal.o
    0x0800207c   0x0800207c   0x00000024   Code   RO         1099    i.HAL_Init          stm32f1xx_hal.o
    0x080020a0   0x080020a0   0x00000040   Code   RO         1100    i.HAL_InitTick      stm32f1xx_hal.o
    0x080020e0   0x080020e0   0x0000003c   Code   RO          658    i.HAL_MspInit       stm32f1xx_hal_msp.o
    0x0800211c   0x0800211c   0x0000001a   Code   RO         1556    i.HAL_NVIC_EnableIRQ  stm32f1xx_hal_cortex.o
    0x08002136   0x08002136   0x00000002   PAD
    0x08002138   0x08002138   0x00000040   Code   RO         1562    i.HAL_NVIC_SetPriority  stm32f1xx_hal_cortex.o
    0x08002178   0x08002178   0x00000024   Code   RO         1563    i.HAL_NVIC_SetPriorityGrouping  stm32f1xx_hal_cortex.o
    0x0800219c   0x0800219c   0x000000d4   Code   RO         1358    i.HAL_RCCEx_GetPeriphCLKFreq  stm32f1xx_hal_rcc_ex.o
    0x08002270   0x08002270   0x000000ec   Code   RO         1359    i.HAL_RCCEx_PeriphCLKConfig  stm32f1xx_hal_rcc_ex.o
    0x0800235c   0x0800235c   0x0000012c   Code   RO         1256    i.HAL_RCC_ClockConfig  stm32f1xx_hal_rcc.o
    0x08002488   0x08002488   0x00000020   Code   RO         1263    i.HAL_RCC_GetPCLK1Freq  stm32f1xx_hal_rcc.o
    0x080024a8   0x080024a8   0x00000020   Code   RO         1264    i.HAL_RCC_GetPCLK2Freq  stm32f1xx_hal_rcc.o
    0x080024c8   0x080024c8   0x0000006c   Code   RO         1265    i.HAL_RCC_GetSysClockFreq  stm32f1xx_hal_rcc.o
    0x08002534   0x08002534   0x00000320   Code   RO         1268    i.HAL_RCC_OscConfig  stm32f1xx_hal_rcc.o
    0x08002854   0x08002854   0x00000028   Code   RO         1567    i.HAL_SYSTICK_Config  stm32f1xx_hal_cortex.o
    0x0800287c   0x0800287c   0x00000002   Code   RO         3741    i.HAL_TIMEx_BreakCallback  stm32f1xx_hal_tim_ex.o
    0x0800287e   0x0800287e   0x00000002   Code   RO         3742    i.HAL_TIMEx_CommutCallback  stm32f1xx_hal_tim_ex.o
    0x08002880   0x08002880   0x0000007c   Code   RO         3760    i.HAL_TIMEx_MasterConfigSynchronization  stm32f1xx_hal_tim_ex.o
    0x080028fc   0x080028fc   0x0000005a   Code   RO         3037    i.HAL_TIM_Base_Init  stm32f1xx_hal_tim.o
    0x08002956   0x08002956   0x00000002   PAD
    0x08002958   0x08002958   0x000000d8   Code   RO          660    i.HAL_TIM_Base_MspInit  stm32f1xx_hal_msp.o
    0x08002a30   0x08002a30   0x0000006c   Code   RO         3042    i.HAL_TIM_Base_Start_IT  stm32f1xx_hal_tim.o
    0x08002a9c   0x08002a9c   0x000000d6   Code   RO         3046    i.HAL_TIM_ConfigClockSource  stm32f1xx_hal_tim.o
    0x08002b72   0x08002b72   0x000000a4   Code   RO         3058    i.HAL_TIM_Encoder_Init  stm32f1xx_hal_tim.o
    0x08002c16   0x08002c16   0x00000002   PAD
    0x08002c18   0x08002c18   0x0000007c   Code   RO          662    i.HAL_TIM_Encoder_MspInit  stm32f1xx_hal_msp.o
    0x08002c94   0x08002c94   0x0000008e   Code   RO         3061    i.HAL_TIM_Encoder_Start  stm32f1xx_hal_tim.o
    0x08002d22   0x08002d22   0x00000002   Code   RO         3071    i.HAL_TIM_IC_CaptureCallback  stm32f1xx_hal_tim.o
    0x08002d24   0x08002d24   0x00000166   Code   RO         3085    i.HAL_TIM_IRQHandler  stm32f1xx_hal_tim.o
    0x08002e8a   0x08002e8a   0x00000002   Code   RO         3088    i.HAL_TIM_OC_DelayElapsedCallback  stm32f1xx_hal_tim.o
    0x08002e8c   0x08002e8c   0x00000002   Code   RO         3115    i.HAL_TIM_PWM_PulseFinishedCallback  stm32f1xx_hal_tim.o
    0x08002e8e   0x08002e8e   0x00000002   PAD
    0x08002e90   0x08002e90   0x0000009c   Code   RO           15    i.HAL_TIM_PeriodElapsedCallback  userappfcn.o
    0x08002f2c   0x08002f2c   0x00000002   Code   RO         3128    i.HAL_TIM_TriggerCallback  stm32f1xx_hal_tim.o
    0x08002f2e   0x08002f2e   0x00000002   Code   RO         4029    i.HAL_UART_ErrorCallback  stm32f1xx_hal_uart.o
    0x08002f30   0x08002f30   0x0000015c   Code   RO         4032    i.HAL_UART_IRQHandler  stm32f1xx_hal_uart.o
    0x0800308c   0x0800308c   0x00000062   Code   RO         4033    i.HAL_UART_Init     stm32f1xx_hal_uart.o
    0x080030ee   0x080030ee   0x00000002   PAD
    0x080030f0   0x080030f0   0x00000144   Code   RO          664    i.HAL_UART_MspInit  stm32f1xx_hal_msp.o
    0x08003234   0x08003234   0x00000052   Code   RO         4038    i.HAL_UART_Receive_IT  stm32f1xx_hal_uart.o
    0x08003286   0x08003286   0x00000002   PAD
    0x08003288   0x08003288   0x00000080   Code   RO           16    i.HAL_UART_RxCpltCallback  userappfcn.o
    0x08003308   0x08003308   0x000000b2   Code   RO         4041    i.HAL_UART_Transmit  stm32f1xx_hal_uart.o
    0x080033ba   0x080033ba   0x00000002   Code   RO         4044    i.HAL_UART_TxCpltCallback  stm32f1xx_hal_uart.o
    0x080033bc   0x080033bc   0x00000002   Code   RO          492    i.HardFault_Handler  stm32f1xx_it.o
    0x080033be   0x080033be   0x00000002   PAD
    0x080033c0   0x080033c0   0x0000000c   Code   RO          493    i.I2C2_ER_IRQHandler  stm32f1xx_it.o
    0x080033cc   0x080033cc   0x0000000c   Code   RO          494    i.I2C2_EV_IRQHandler  stm32f1xx_it.o
    0x080033d8   0x080033d8   0x000000bc   Code   RO         2627    i.I2C_DMAAbort      stm32f1xx_hal_i2c.o
    0x08003494   0x08003494   0x00000158   Code   RO         2630    i.I2C_ITError       stm32f1xx_hal_i2c.o
    0x080035ec   0x080035ec   0x000000d2   Code   RO         2632    i.I2C_MasterReceive_BTF  stm32f1xx_hal_i2c.o
    0x080036be   0x080036be   0x00000002   PAD
    0x080036c0   0x080036c0   0x000000e8   Code   RO         2633    i.I2C_MasterReceive_RXNE  stm32f1xx_hal_i2c.o
    0x080037a8   0x080037a8   0x00000074   Code   RO         2636    i.I2C_MasterTransmit_BTF  stm32f1xx_hal_i2c.o
    0x0800381c   0x0800381c   0x000000b6   Code   RO         2637    i.I2C_MasterTransmit_TXE  stm32f1xx_hal_i2c.o
    0x080038d2   0x080038d2   0x00000002   PAD
    0x080038d4   0x080038d4   0x00000158   Code   RO         2638    i.I2C_Master_ADDR   stm32f1xx_hal_i2c.o
    0x08003a2c   0x08003a2c   0x0000008c   Code   RO         2639    i.I2C_Master_SB     stm32f1xx_hal_i2c.o
    0x08003ab8   0x08003ab8   0x000000a0   Code   RO         2640    i.I2C_MemoryTransmit_TXE_BTF  stm32f1xx_hal_i2c.o
    0x08003b58   0x08003b58   0x00000084   Code   RO         2643    i.I2C_Slave_AF      stm32f1xx_hal_i2c.o
    0x08003bdc   0x08003bdc   0x0000015c   Code   RO         2644    i.I2C_Slave_STOPF   stm32f1xx_hal_i2c.o
    0x08003d38   0x08003d38   0x000000a4   Code   RO          401    i.MX_ADC1_Init      main.o
    0x08003ddc   0x08003ddc   0x00000040   Code   RO          402    i.MX_CAN_Init       main.o
    0x08003e1c   0x08003e1c   0x00000148   Code   RO          403    i.MX_GPIO_Init      main.o
    0x08003f64   0x08003f64   0x00000068   Code   RO          404    i.MX_TIM2_Init      main.o
    0x08003fcc   0x08003fcc   0x0000006c   Code   RO          405    i.MX_TIM3_Init      main.o
    0x08004038   0x08004038   0x00000068   Code   RO          406    i.MX_TIM4_Init      main.o
    0x080040a0   0x080040a0   0x0000006c   Code   RO          407    i.MX_TIM5_Init      main.o
    0x0800410c   0x0800410c   0x0000006c   Code   RO          408    i.MX_TIM8_Init      main.o
    0x08004178   0x08004178   0x00000002   Code   RO          495    i.MemManage_Handler  stm32f1xx_it.o
    0x0800417a   0x0800417a   0x00000002   Code   RO          496    i.NMI_Handler       stm32f1xx_it.o
    0x0800417c   0x0800417c   0x00000002   Code   RO          497    i.PendSV_Handler    stm32f1xx_it.o
    0x0800417e   0x0800417e   0x00000002   Code   RO          498    i.SVC_Handler       stm32f1xx_it.o
    0x08004180   0x08004180   0x00000004   Code   RO          499    i.SysTick_Handler   stm32f1xx_it.o
    0x08004184   0x08004184   0x00000080   Code   RO          409    i.SystemClock_Config  main.o
    0x08004204   0x08004204   0x00000002   Code   RO         4330    i.SystemInit        system_stm32f1xx.o
    0x08004206   0x08004206   0x00000002   PAD
    0x08004208   0x08004208   0x0000000c   Code   RO          500    i.TIM2_IRQHandler   stm32f1xx_it.o
    0x08004214   0x08004214   0x0000000c   Code   RO          501    i.TIM3_IRQHandler   stm32f1xx_it.o
    0x08004220   0x08004220   0x0000000c   Code   RO          502    i.TIM4_IRQHandler   stm32f1xx_it.o
    0x0800422c   0x0800422c   0x0000000c   Code   RO          503    i.TIM5_IRQHandler   stm32f1xx_it.o
    0x08004238   0x08004238   0x0000000c   Code   RO          504    i.TIM6_IRQHandler   stm32f1xx_it.o
    0x08004244   0x08004244   0x0000000c   Code   RO          505    i.TIM8_UP_IRQHandler  stm32f1xx_it.o
    0x08004250   0x08004250   0x0000008c   Code   RO         3130    i.TIM_Base_SetConfig  stm32f1xx_hal_tim.o
    0x080042dc   0x080042dc   0x0000001a   Code   RO         3131    i.TIM_CCxChannelCmd  stm32f1xx_hal_tim.o
    0x080042f6   0x080042f6   0x00000014   Code   RO         3141    i.TIM_ETR_SetConfig  stm32f1xx_hal_tim.o
    0x0800430a   0x0800430a   0x00000010   Code   RO         3142    i.TIM_ITRx_SetConfig  stm32f1xx_hal_tim.o
    0x0800431a   0x0800431a   0x00000022   Code   RO         3148    i.TIM_TI1_ConfigInputStage  stm32f1xx_hal_tim.o
    0x0800433c   0x0800433c   0x00000024   Code   RO         3150    i.TIM_TI2_ConfigInputStage  stm32f1xx_hal_tim.o
    0x08004360   0x08004360   0x0000000c   Code   RO          506    i.UART4_IRQHandler  stm32f1xx_it.o
    0x0800436c   0x0800436c   0x0000000c   Code   RO          507    i.UART5_IRQHandler  stm32f1xx_it.o
    0x08004378   0x08004378   0x00000010   Code   RO         4046    i.UART_DMAAbortOnError  stm32f1xx_hal_uart.o
    0x08004388   0x08004388   0x0000001c   Code   RO         4056    i.UART_EndRxTransfer  stm32f1xx_hal_uart.o
    0x080043a4   0x080043a4   0x0000008c   Code   RO         4058    i.UART_Receive_IT   stm32f1xx_hal_uart.o
    0x08004430   0x08004430   0x000000b8   Code   RO         4059    i.UART_SetConfig    stm32f1xx_hal_uart.o
    0x080044e8   0x080044e8   0x00000064   Code   RO         4060    i.UART_WaitOnFlagUntilTimeout  stm32f1xx_hal_uart.o
    0x0800454c   0x0800454c   0x0000000c   Code   RO          508    i.USART2_IRQHandler  stm32f1xx_it.o
    0x08004558   0x08004558   0x0000000c   Code   RO          509    i.USB_LP_CAN1_RX0_IRQHandler  stm32f1xx_it.o
    0x08004564   0x08004564   0x00000002   Code   RO          510    i.UsageFault_Handler  stm32f1xx_it.o
    0x08004566   0x08004566   0x00000002   PAD
    0x08004568   0x08004568   0x00000028   Code   RO         4528    i.__0sprintf$6      mc_w.l(printf6.o)
    0x08004590   0x08004590   0x00000020   Code   RO         1569    i.__NVIC_SetPriority  stm32f1xx_hal_cortex.o
    0x080045b0   0x080045b0   0x0000000e   Code   RO         4706    i.__scatterload_copy  mc_w.l(handlers.o)
    0x080045be   0x080045be   0x00000002   Code   RO         4707    i.__scatterload_null  mc_w.l(handlers.o)
    0x080045c0   0x080045c0   0x0000000e   Code   RO         4708    i.__scatterload_zeroinit  mc_w.l(handlers.o)
    0x080045ce   0x080045ce   0x00000002   PAD
    0x080045d0   0x080045d0   0x000002f0   Code   RO         4533    i._printf_core      mc_w.l(printf6.o)
    0x080048c0   0x080048c0   0x00000024   Code   RO         4534    i._printf_post_padding  mc_w.l(printf6.o)
    0x080048e4   0x080048e4   0x0000002e   Code   RO         4535    i._printf_pre_padding  mc_w.l(printf6.o)
    0x08004912   0x08004912   0x0000000a   Code   RO         4537    i._sputc            mc_w.l(printf6.o)
    0x0800491c   0x0800491c   0x00000024   Code   RO           17    i.eDI_EventDetect   userappfcn.o
    0x08004940   0x08004940   0x00000054   Code   RO           18    i.fLPF_Run          userappfcn.o
    0x08004994   0x08004994   0x00000086   Code   RO           19    i.fPI_Run           userappfcn.o
    0x08004a1a   0x08004a1a   0x0000006a   Code   RO           20    i.fRampFcnGen       userappfcn.o
    0x08004a84   0x08004a84   0x00000738   Code   RO          411    i.main              main.o
    0x080051bc   0x080051bc   0x000000b8   Code   RO           21    i.vAdc_DataInit     userappfcn.o
    0x08005274   0x08005274   0x00000274   Code   RO           22    i.vAdc_Data_Handle  userappfcn.o
    0x080054e8   0x080054e8   0x00000020   Code   RO           23    i.vDAC_Init         userappfcn.o
    0x08005508   0x08005508   0x00000068   Code   RO           24    i.vDAC_Write        userappfcn.o
    0x08005570   0x08005570   0x000000e4   Code   RO           25    i.vDIO_Init         userappfcn.o
    0x08005654   0x08005654   0x0000006c   Code   RO           26    i.vDIO_Task         userappfcn.o
    0x080056c0   0x080056c0   0x000000d0   Code   RO           27    i.vDI_Scan          userappfcn.o
    0x08005790   0x08005790   0x000000b8   Code   RO           28    i.vLPF_Init         userappfcn.o
    0x08005848   0x08005848   0x00000028   Code   RO           29    i.vMachineParameterConfig  userappfcn.o
    0x08005870   0x08005870   0x0000077c   Code   RO           30    i.vNEXTION_DisplayHandle  userappfcn.o
    0x08005fec   0x08005fec   0x00000008   Code   RO           31    i.vNEXTION_Init     userappfcn.o
    0x08005ff4   0x08005ff4   0x0000003c   Code   RO           32    i.vNEXTION_RecvRetNumHandle  userappfcn.o
    0x08006030   0x08006030   0x00000048   Code   RO           35    i.vNEXTION_SendString  userappfcn.o
    0x08006078   0x08006078   0x000000bc   Code   RO           36    i.vNEXTION_SendVal  userappfcn.o
    0x08006134   0x08006134   0x00000068   Code   RO           37    i.vPI_Init          userappfcn.o
    0x0800619c   0x0800619c   0x00000020   Code   RO           38    i.vQEI_Config       userappfcn.o
    0x080061bc   0x080061bc   0x000000d4   Code   RO           39    i.vRPM_Cal          userappfcn.o
    0x08006290   0x08006290   0x00000066   Code   RO           40    i.vRamp_Config      userappfcn.o
    0x080062f6   0x080062f6   0x00000002   PAD
    0x080062f8   0x080062f8   0x000002d8   Code   RO           42    i.vStateMachine     userappfcn.o
    0x080065d0   0x080065d0   0x000000b8   Code   RO           43    i.vStateMachineConfig  userappfcn.o
    0x08006688   0x08006688   0x00000044   Code   RO           44    i.vTim_Scan         userappfcn.o
    0x080066cc   0x080066cc   0x0000001a   Code   RO           45    i.vTim_Start        userappfcn.o
    0x080066e6   0x080066e6   0x0000000c   Code   RO           46    i.vTim_Stop         userappfcn.o
    0x080066f2   0x080066f2   0x0000001e   Code   RO           47    i.vUSART_RxTimeOutHandle  userappfcn.o
    0x08006710   0x08006710   0x00000168   Code   RO           48    i.vUsart5_rxHandle  userappfcn.o
    0x08006878   0x08006878   0x00000034   Code   RO           49    i.vUsart_DataInit   userappfcn.o
    0x080068ac   0x080068ac   0x00000148   Code   RO           50    i.vUsart_Read       userappfcn.o
    0x080069f4   0x080069f4   0x00000290   Code   RO           51    i.vUsart_TxHandle   userappfcn.o
    0x08006c84   0x08006c84   0x00000010   Data   RO         4331    .constdata          system_stm32f1xx.o
    0x08006c94   0x08006c94   0x00000008   Data   RO         4332    .constdata          system_stm32f1xx.o
    0x08006c9c   0x08006c9c   0x00000020   Data   RO         4704    Region$$Table       anon$$obj.o


    Execution Region RW_IRAM1 (Exec base: 0x20000000, Load base: 0x08006cbc, Size: 0x00001730, Max: 0x0000c000, ABSOLUTE)

    Exec Addr    Load Addr    Size         Type   Attr      Idx    E Section Name        Object

    0x20000000   0x08006cbc   0x0000000a   Data   RW           62    .data               userappfcn.o
    0x2000000a   0x08006cc6   0x00000002   Data   RW           63    .data               userappfcn.o
    0x2000000c   0x08006cc8   0x00000010   Data   RW          415    .data               main.o
    0x2000001c   0x08006cd8   0x0000000c   Data   RW         1106    .data               stm32f1xx_hal.o
    0x20000028   0x08006ce4   0x00000004   Data   RW         4333    .data               system_stm32f1xx.o
    0x2000002c        -       0x00000a90   Zero   RW           52    .bss                userappfcn.o
    0x20000abc        -       0x000000c8   Zero   RW           53    .bss                userappfcn.o
    0x20000b84        -       0x000000c8   Zero   RW           54    .bss                userappfcn.o
    0x20000c4c        -       0x000000c8   Zero   RW           55    .bss                userappfcn.o
    0x20000d14        -       0x000000c8   Zero   RW           56    .bss                userappfcn.o
    0x20000ddc        -       0x000000c8   Zero   RW           57    .bss                userappfcn.o
    0x20000ea4        -       0x000000e4   Zero   RW           58    .bss                userappfcn.o
    0x20000f88        -       0x00000024   Zero   RW           61    .bss                userappfcn.o
    0x20000fac        -       0x0000033c   Zero   RW          412    .bss                main.o
    0x200012e8        -       0x00000044   Zero   RW          413    .bss                main.o
    0x2000132c   0x08006ce8   0x00000004   PAD
    0x20001330        -       0x00000400   Zero   RW            1    STACK               startup_stm32f103xe.o


==============================================================================

Image component sizes


      Code (inc. data)   RO Data    RW Data    ZI Data      Debug   Object Name

      3068        322          0         16        896      10911   main.o
        36          8        304          0       1024        840   startup_stm32f103xe.o
       164         28          0         12          0       6817   stm32f1xx_hal.o
      1116         58          0          0          0       9038   stm32f1xx_hal_adc.o
       200          6          0          0          0       1494   stm32f1xx_hal_adc_ex.o
       816          0          0          0          0      10251   stm32f1xx_hal_can.o
       198         14          0          0          0      29175   stm32f1xx_hal_cortex.o
        34          0          0          0          0       1107   stm32f1xx_hal_crc.o
       236          0          0          0          0       3534   stm32f1xx_hal_dac.o
      1172         52          0          0          0       5277   stm32f1xx_hal_dma.o
       564         48          0          0          0       4967   stm32f1xx_hal_gpio.o
      3618         54          0          0          0      22381   stm32f1xx_hal_i2c.o
        82          0          0          0          0       1260   stm32f1xx_hal_iwdg.o
      1284        150          0          0          0       7272   stm32f1xx_hal_msp.o
      1272        100          0          0          0       5428   stm32f1xx_hal_rcc.o
       448         44          0          0          0       2681   stm32f1xx_hal_rcc_ex.o
      1356         40          0          0          0      12844   stm32f1xx_hal_tim.o
       128         20          0          0          0       2529   stm32f1xx_hal_tim_ex.o
      1178         10          0          0          0       9415   stm32f1xx_hal_uart.o
       182         78          0          0          0      10872   stm32f1xx_it.o
         2          0         24          4          0       1235   system_stm32f1xx.o
      7522        956          0         12       3968     565780   userappfcn.o

    ----------------------------------------------------------------------
     24720       1988        360         44       5892     725108   Object Totals
         0          0         32          0          0          0   (incl. Generated)
        44          0          0          0          4          0   (incl. Padding)

    ----------------------------------------------------------------------

      Code (inc. data)   RO Data    RW Data    ZI Data      Debug   Library Member Name

         0          0          0          0          0          0   entry.o
         0          0          0          0          0          0   entry10a.o
         0          0          0          0          0          0   entry11a.o
         8          4          0          0          0          0   entry2.o
         4          0          0          0          0          0   entry5.o
         0          0          0          0          0          0   entry7b.o
         0          0          0          0          0          0   entry8b.o
         8          4          0          0          0          0   entry9a.o
        30          0          0          0          0          0   handlers.o
        36          8          0          0          0         68   init.o
         0          0          0          0          0          0   iusefp.o
        30          0          0          0          0         68   llshl.o
        32          0          0          0          0         68   llushr.o
        36          0          0          0          0        108   memseta.o
       884         10          0          0          0        420   printf6.o
        44          0          0          0          0         80   uidiv.o
        48          0          0          0          0         68   cdcmple.o
        48          0          0          0          0         68   cdrcmple.o
        20          0          0          0          0         68   cfcmple.o
        20          0          0          0          0         68   cfrcmple.o
        56          0          0          0          0         88   d2f.o
       222          0          0          0          0        100   ddiv.o
       186          0          0          0          0        176   depilogue.o
        50          0          0          0          0         76   dfixui.o
        26          0          0          0          0         76   dfltui.o
       228          0          0          0          0         96   dmul.o
        46          0          0          0          0         80   dscalb.o
        38          0          0          0          0         68   f2d.o
       176          0          0          0          0        140   fadd.o
       124          0          0          0          0         88   fdiv.o
       110          0          0          0          0        168   fepilogue.o
        50          0          0          0          0         68   ffixi.o
        40          0          0          0          0         68   ffixui.o
        18          0          0          0          0         68   fflti.o
        10          0          0          0          0         68   ffltui.o
       100          0          0          0          0         76   fmul.o
        24          0          0          0          0         68   fscalb.o

    ----------------------------------------------------------------------
      2756         26          0          0          0       2656   Library Totals
         4          0          0          0          0          0   (incl. Padding)

    ----------------------------------------------------------------------

      Code (inc. data)   RO Data    RW Data    ZI Data      Debug   Library Name

      1112         26          0          0          0        812   mc_w.l
      1640          0          0          0          0       1844   mf_w.l

    ----------------------------------------------------------------------
      2756         26          0          0          0       2656   Library Totals

    ----------------------------------------------------------------------

==============================================================================


      Code (inc. data)   RO Data    RW Data    ZI Data      Debug   

     27476       2014        360         44       5892     716528   Grand Totals
     27476       2014        360         44       5892     716528   ELF Image Totals
     27476       2014        360         44          0          0   ROM Totals

==============================================================================

    Total RO  Size (Code + RO Data)                27836 (  27.18kB)
    Total RW  Size (RW Data + ZI Data)              5936 (   5.80kB)
    Total ROM Size (Code + RO Data + RW Data)      27880 (  27.23kB)

==============================================================================

